---------------------------------------------------------------------------------
      name:  <unnamed>
       log:  /Volumes/SSD PRO/Github-forks/Chp2-TrustandReturns/Notes/Logs/14_pan
> el_reg_ret.log
  log type:  text
 opened on:  20 Feb 2026, 10:11:56

. 
. capture which esttab

. if _rc ssc install estout, replace

. 
. * ----------------------------------------------------------------------
. * Load long panel
. * ----------------------------------------------------------------------
. use "${PROCESSED}/analysis_final_long_unbalanced.dta", clear

. set showbaselevels off

. 
. * censreg (census region) created upstream in 10_build_panel
. xtset hhidpn year

Panel variable: hhidpn (strongly balanced)
 Time variable: year, 2000 to 2022, but with gaps
         Delta: 1 unit

. 
. * Return variables: raw (r*_annual_nw) required for 14; winsorized (r*_annual_w
> 5) for _win tables
. * Fail fast if raw vars missing — indicates upstream pipeline failure (10 shoul
> d have exited 198).
. foreach v in r1_annual_nw r4_annual_nw r5_annual_nw {
  2.     capture confirm variable `v'
  3.     if _rc {
  4.         display as error "14_panel_reg_ret: `v' not found in long panel. Run
>  02, 03, 04, 05, 10 in order."
  5.         log close
  6.         exit 198
  7.     }
  8.     quietly count if !missing(`v')
  9.     display "14_panel_reg_ret: `v' nonmissing N = " %9.0f r(N)
 10. }
14_panel_reg_ret: r1_annual_nw nonmissing N =    132751
14_panel_reg_ret: r4_annual_nw nonmissing N =    126174
14_panel_reg_ret: r5_annual_nw nonmissing N =    137466

. 
. capture confirm variable r1_annual_win

. local has_r1_win = (_rc == 0)

. capture confirm variable r4_annual_win

. local has_r4_win = (_rc == 0)

. capture confirm variable r5_annual_win

. local has_r5_win = (_rc == 0)

. capture confirm variable r1_annual_w5

. local has_r1_w5 = (_rc == 0)

. capture confirm variable r4_annual_w5

. local has_r4_w5 = (_rc == 0)

. capture confirm variable r5_annual_w5

. local has_r5_w5 = (_rc == 0)

. 
. local r1_raw "r1_annual_nw"

. local r4_raw "r4_annual_nw"

. local r5_raw "r5_annual_nw"

. 
. * Trust (time-invariant)
. local trust_var "trust_others_2020"

. 
. * Base controls (all specs): age bins, region dummies, year dummies
. local base_ctrl "i.age_bin educ_yrs i.gender i.race_eth inlbrf married born_us 
> i.censreg i.year"

. 
. * Build scope-specific control lists (wealth deciles)
. local ctrl_r1 "`base_ctrl'"

. local ctrl_r4 "`base_ctrl'"

. local ctrl_r5 "`base_ctrl'"

. forvalues d = 2/10 {
  2.     capture confirm variable wealth_core_d`d'
  3.     if !_rc local ctrl_r1 "`ctrl_r1' wealth_core_d`d'"
  4.     capture confirm variable wealth_coreira_d`d'
  5.     if !_rc local ctrl_r4 "`ctrl_r4' wealth_coreira_d`d'"
  6.     capture confirm variable wealth_d`d'
  7.     if !_rc local ctrl_r5 "`ctrl_r5' wealth_d`d'"
  8. }

. 
. * ----------------------------------------------------------------------
. * Raw tables: panel_reg_r1.tex, panel_reg_r4.tex, panel_reg_r5.tex
. * ----------------------------------------------------------------------
. foreach ret in r1 r4 r5 {
  2.     local yvar ""
  3.     local ctrl ""
  4.     local ret_label ""
  5.     if "`ret'" == "r1" {
  6.         local yvar "`r1_raw'"
  7.         local ctrl "`ctrl_r1'"
  8.         local ret_label "returns to core"
  9.     }
 10.     if "`ret'" == "r4" {
 11.         local yvar "`r4_raw'"
 12.         local ctrl "`ctrl_r4'"
 13.         local ret_label "returns to ${LATEX_CORE_IRA}"
 14.     }
 15.     if "`ret'" == "r5" {
 16.         local yvar "`r5_raw'"
 17.         local ctrl "`ctrl_r5'"
 18.         local ret_label "returns to net wealth"
 19.     }
 20.     * raw vars guaranteed by 10; fail-fast above if missing
.     eststo clear
 21.     di as txt _n "--- Raw `ret_label' ---"
 22.     eststo m1: regress `yvar' `ctrl' if !missing(`yvar'), vce(cluster hhidpn
> )
 23.     * Keep only main coefficients (explicit list; age, year, censreg, wealth
>  omitted)
.     local keep_list "educ_yrs 2.gender 2.race_eth 3.race_eth 4.race_eth inlbrf_
>  married_ born_us `trust_var' c.`trust_var'#c.`trust_var' _cons"
 24.     eststo m2: regress `yvar' `ctrl' c.`trust_var' if !missing(`yvar') & !mi
> ssing(`trust_var'), vce(cluster hhidpn)
 25.     eststo m3: regress `yvar' `ctrl' c.`trust_var' c.`trust_var'#c.`trust_va
> r' if !missing(`yvar') & !missing(`trust_var'), vce(cluster hhidpn)
 26.     quietly testparm c.`trust_var' c.`trust_var'#c.`trust_var'
 27.     estadd scalar p_joint_trust = r(p) : m3
 28. 
.     local outfile "${REGRESSIONS}/Panel/panel_reg_`ret'.tex"
 29.     esttab m1 m2 m3 using "`outfile'", replace ///
>         booktabs ///
>         mtitles("(1)" "(2)" "(3)") ///
>         se star(* 0.10 ** 0.05 *** 0.01) b(2) se(2) label ///
>         keep(`keep_list') ///
>         varlabels(educ_yrs "Years of education" 2.gender "Female" 2.race_eth "N
> H Black" 3.race_eth "Hispanic" 4.race_eth "NH Other" inlbrf_ "Employed" married
> _ "Married" born_us "Born in U.S." `trust_var' "Trust" c.`trust_var'#c.`trust_v
> ar' "Trust²") ///
>         stats(N r2_a p_joint_trust, labels("Observations" "Adj. R-squared" "Joi
> nt test: Trust+Trust² p-value")) ///
>         title("Panel: `ret_label' (raw)") ///
>         addnotes("Cluster-robust SE in parentheses. Age bins (5-yr), wealth dec
> iles, region dummies," "and year dummies omitted from table but included in reg
> ressions.") ///
>         alignment(${LATEX_ALIGN}) width(0.85\hsize) nonumbers
 30. 
.     di as txt "Wrote: `outfile'"
 31. }

--- Raw returns to core ---

Linear regression                               Number of obs     =    129,298
                                                F(47, 27183)      =     321.55
                                                Prob > F          =     0.0000
                                                R-squared         =     0.0814
                                                Root MSE          =     1.5407

                              (Std. err. adjusted for 27,184 clusters in hhidpn)
--------------------------------------------------------------------------------
               |               Robust
  r1_annual_nw | Coefficient  std. err.      t    P>|t|     [95% conf. interval]
---------------+----------------------------------------------------------------
      age_bin_ |
           25  |    1.37473   .5839837     2.35   0.019     .2300925    2.519368
           30  |   .9667107   .2267425     4.26   0.000     .5222838    1.411138
           35  |   .8380621   .1445521     5.80   0.000     .5547325    1.121392
           40  |   .7561285   .0840134     9.00   0.000     .5914579    .9207991
           45  |    .784921   .0565137    13.89   0.000     .6741512    .8956907
           50  |   .7836006    .039945    19.62   0.000     .7053064    .8618948
           55  |   .7212058   .0340427    21.19   0.000     .6544805    .7879312
           60  |    .624734   .0336293    18.58   0.000     .5588189    .6906492
           65  |   .5541628   .0349068    15.88   0.000     .4857437    .6225819
           70  |   .4815443   .0342923    14.04   0.000     .4143296    .5487589
           75  |   .4668361   .0345037    13.53   0.000      .399207    .5344652
           80  |   .4201847   .0346968    12.11   0.000     .3521772    .4881922
           85  |   .4376279   .0365452    11.97   0.000     .3659974    .5092584
           90  |   .4094577    .041389     9.89   0.000     .3283331    .4905823
           95  |   .4783726   .0690768     6.93   0.000     .3429786    .6137666
          100  |   .5007541   .2090091     2.40   0.017     .0910855    .9104227
          105  |    .380786   .3078222     1.24   0.216    -.2225612    .9841333
               |
      educ_yrs |  -.0259521   .0019938   -13.02   0.000      -.02986   -.0220442
      2.gender |  -.0029355   .0098543    -0.30   0.766    -.0222505    .0163794
               |
      race_eth |
            2  |   .2408289   .0164322    14.66   0.000      .208621    .2730368
            3  |   .1670954   .0262482     6.37   0.000     .1156476    .2185431
            4  |    .026962   .0303225     0.89   0.374    -.0324717    .0863958
               |
       inlbrf_ |   .1357989   .0114894    11.82   0.000     .1132792    .1583187
      married_ |   -.070438   .0107826    -6.53   0.000    -.0915724   -.0493036
       born_us |  -.0195371   .0214794    -0.91   0.363    -.0616378    .0225636
               |
      censreg_ |
            2  |  -.0349852   .0143653    -2.44   0.015    -.0631419   -.0068285
            3  |   .0024694   .0136839     0.18   0.857    -.0243516    .0292905
            4  |   .0321774   .0163004     1.97   0.048     .0002278     .064127
               |
          year |
         2004  |  -.0413356   .0177507    -2.33   0.020    -.0761279   -.0065433
         2006  |  -.0217167   .0183711    -1.18   0.237    -.0577249    .0142916
         2008  |   .0068147   .0181274     0.38   0.707    -.0287159    .0423453
         2010  |  -.1571064   .0187958    -8.36   0.000     -.193947   -.1202658
         2012  |  -.1548721   .0178004    -8.70   0.000    -.1897618   -.1199824
         2014  |  -.0697846   .0194964    -3.58   0.000    -.1079985   -.0315707
         2016  |   -.119092   .0194314    -6.13   0.000    -.1571786   -.0810054
         2018  |  -.0967284   .0210956    -4.59   0.000    -.1380768   -.0553801
         2020  |  -.0461238   .0207987    -2.22   0.027    -.0868903   -.0053574
         2022  |  -.0266838   .0230003    -1.16   0.246    -.0717655    .0183979
               |
wealth_core_d2 |   .1988433   .0219793     9.05   0.000     .1557627    .2419238
wealth_core_d3 |   .5303922    .016592    31.97   0.000     .4978711    .5629134
wealth_core_d4 |   .7922279   .0140429    56.41   0.000      .764703    .8197528
wealth_core_d5 |   1.018313   .0145069    70.20   0.000     .9898793    1.046748
wealth_core_d6 |   1.225496   .0154455    79.34   0.000     1.195222     1.25577
wealth_core_d7 |   1.412336   .0171559    82.32   0.000     1.378709    1.445962
wealth_core_d8 |   1.549758   .0191856    80.78   0.000     1.512154    1.587363
wealth_core_d9 |   1.633647   .0217218    75.21   0.000     1.591071    1.676223
wealth_c~e_d10 |   1.593358   .0240766    66.18   0.000     1.546166    1.640549
         _cons |    -1.0598   .0548635   -19.32   0.000    -1.167335   -.9522642
--------------------------------------------------------------------------------

Linear regression                               Number of obs     =      3,906
                                                F(43, 722)        =          .
                                                Prob > F          =          .
                                                R-squared         =     0.0837
                                                Root MSE          =      1.741

                                 (Std. err. adjusted for 723 clusters in hhidpn)
--------------------------------------------------------------------------------
               |               Robust
  r1_annual_nw | Coefficient  std. err.      t    P>|t|     [95% conf. interval]
---------------+----------------------------------------------------------------
      age_bin_ |
           30  |   .1877166   .3656124     0.51   0.608    -.5300739     .905507
           35  |   .0476997   .3940404     0.12   0.904    -.7259021    .8213014
           40  |   .1294029   .3683196     0.35   0.725    -.5937025    .8525083
           45  |   .2894726   .3919893     0.74   0.460    -.4801025    1.059048
           50  |   .3117004   .3783895     0.82   0.410    -.4311746    1.054575
           55  |   .3127998   .3652306     0.86   0.392    -.4042411    1.029841
           60  |   .2111975   .3560324     0.59   0.553     -.487785    .9101799
           65  |   .1781813   .3583482     0.50   0.619    -.5253475    .8817102
           70  |   .0183254   .3576855     0.05   0.959    -.6839026    .7205533
           75  |   .0032192   .3648684     0.01   0.993    -.7131105    .7195489
           80  |   .0847392   .3790237     0.22   0.823     -.659381    .8288595
           85  |   .6927476    .571072     1.21   0.226    -.4284125    1.813908
           90  |  -.1496745   .4039301    -0.37   0.711    -.9426924    .6433433
               |
      educ_yrs |  -.0241388   .0124669    -1.94   0.053    -.0486145     .000337
      2.gender |   .0869316   .0656529     1.32   0.186    -.0419618    .2158249
               |
      race_eth |
            2  |   .3647408   .1032735     3.53   0.000     .1619885     .567493
            3  |   .4394069   .1498386     2.93   0.003     .1452356    .7335783
            4  |   .1756229   .1655038     1.06   0.289    -.1493033    .5005491
               |
       inlbrf_ |   .1050934   .0643385     1.63   0.103    -.0212195    .2314064
      married_ |  -.0223291   .0700152    -0.32   0.750    -.1597868    .1151286
       born_us |   .1211952    .103921     1.17   0.244    -.0828284    .3252187
               |
      censreg_ |
            2  |   -.050211   .0888079    -0.57   0.572    -.2245636    .1241415
            3  |   .0622533   .0862211     0.72   0.471    -.1070208    .2315273
            4  |   .1259414   .1074145     1.17   0.241    -.0849408    .3368235
               |
          year |
         2004  |  -.0919749   .1425919    -0.65   0.519    -.3719192    .1879695
         2006  |   .2151891    .126345     1.70   0.089    -.0328583    .4632365
         2008  |  -.0568234   .1164401    -0.49   0.626    -.2854251    .1717783
         2010  |    .102096   .1720382     0.59   0.553    -.2356589    .4398508
         2012  |  -.1079912   .1354799    -0.80   0.426    -.3739727    .1579904
         2014  |   .0678254    .129829     0.52   0.602     -.187062    .3227129
         2016  |   -.055053   .1289335    -0.43   0.670    -.3081823    .1980763
         2018  |  -.0215547   .1456891    -0.15   0.882    -.3075796    .2644703
         2020  |  -.0797709   .1248757    -0.64   0.523    -.3249337    .1653919
         2022  |   .1354585   .1484896     0.91   0.362    -.1560644    .4269814
               |
wealth_core_d2 |   .1841128   .1511342     1.22   0.224    -.1126022    .4808277
wealth_core_d3 |   .5095919   .1330705     3.83   0.000     .2483406    .7708432
wealth_core_d4 |   .7967498   .0919619     8.66   0.000     .6162051    .9772944
wealth_core_d5 |   .9506522   .0932133    10.20   0.000     .7676508    1.133654
wealth_core_d6 |   1.182007     .10484    11.27   0.000     .9761793    1.387835
wealth_core_d7 |   1.540445   .1243668    12.39   0.000     1.296281    1.784609
wealth_core_d8 |   1.488708   .1257201    11.84   0.000     1.241887    1.735528
wealth_core_d9 |   1.693058   .1460851    11.59   0.000     1.406256     1.97986
wealth_c~e_d10 |   1.900759   .2185717     8.70   0.000     1.471647    2.329871
trust_oth~2020 |  -.0031916   .0144803    -0.22   0.826    -.0316202     .025237
         _cons |  -1.051034   .4239687    -2.48   0.013    -1.883392   -.2186749
--------------------------------------------------------------------------------

Linear regression                               Number of obs     =      3,906
                                                F(44, 722)        =          .
                                                Prob > F          =          .
                                                R-squared         =     0.0844
                                                Root MSE          =     1.7406

                                 (Std. err. adjusted for 723 clusters in hhidpn)
--------------------------------------------------------------------------------
               |               Robust
  r1_annual_nw | Coefficient  std. err.      t    P>|t|     [95% conf. interval]
---------------+----------------------------------------------------------------
      age_bin_ |
           30  |   .2942696   .3308643     0.89   0.374    -.3553015    .9438406
           35  |   .0813406   .3616095     0.22   0.822    -.6285911    .7912724
           40  |   .1893537   .3209086     0.59   0.555    -.4406717    .8193791
           45  |   .3607643   .3499199     1.03   0.303    -.3262177    1.047746
           50  |   .3816932   .3376157     1.13   0.259    -.2811326    1.044519
           55  |   .3800373    .323281     1.18   0.240    -.2546458     1.01472
           60  |   .2777859   .3102666     0.90   0.371    -.3313467    .8869184
           65  |   .2403211   .3118132     0.77   0.441    -.3718477    .8524899
           70  |   .0798798   .3119131     0.26   0.798    -.5324851    .6922447
           75  |   .0600369   .3185203     0.19   0.851    -.5652997    .6853735
           80  |   .1323408   .3331801     0.40   0.691    -.5217768    .7864583
           85  |   .7367389   .5408496     1.36   0.174    -.3250869    1.798565
           90  |  -.1281298   .3668616    -0.35   0.727    -.8483726    .5921131
               |
      educ_yrs |  -.0208726   .0126587    -1.65   0.100    -.0457248    .0039796
      2.gender |   .0816023   .0645256     1.26   0.206    -.0450779    .2082824
               |
      race_eth |
            2  |   .3564403   .1034425     3.45   0.001     .1533563    .5595242
            3  |   .4429248   .1493821     2.97   0.003     .1496496       .7362
            4  |   .1661381   .1663176     1.00   0.318    -.1603857    .4926619
               |
       inlbrf_ |    .106706   .0647255     1.65   0.100    -.0203666    .2337786
      married_ |  -.0195758   .0697273    -0.28   0.779    -.1564681    .1173166
       born_us |   .1228253   .1036055     1.19   0.236    -.0805787    .3262294
               |
      censreg_ |
            2  |   -.050621   .0889131    -0.57   0.569    -.2251801    .1239382
            3  |   .0603138   .0861686     0.70   0.484    -.1088572    .2294849
            4  |   .1326104   .1067625     1.24   0.215    -.0769916    .3422125
               |
          year |
         2004  |  -.0941572   .1423502    -0.66   0.509    -.3736269    .1853126
         2006  |   .2191156     .12622     1.74   0.083    -.0286864    .4669176
         2008  |  -.0515678   .1160792    -0.44   0.657    -.2794609    .1763253
         2010  |   .1046062   .1718155     0.61   0.543    -.2327116    .4419239
         2012  |   -.104058   .1355822    -0.77   0.443    -.3702405    .1621245
         2014  |   .0712698   .1294491     0.55   0.582    -.1828719    .3254114
         2016  |  -.0504618   .1289728    -0.39   0.696    -.3036683    .2027447
         2018  |  -.0149427   .1455194    -0.10   0.918    -.3006344     .270749
         2020  |  -.0723441    .124713    -0.58   0.562    -.3171875    .1724992
         2022  |   .1450295   .1483544     0.98   0.329     -.146228    .4362869
               |
wealth_core_d2 |   .1810429   .1530405     1.18   0.237    -.1194145    .4815004
wealth_core_d3 |   .5060776   .1339572     3.78   0.000     .2430855    .7690697
wealth_core_d4 |   .8021283   .0920066     8.72   0.000     .6214958    .9827608
wealth_core_d5 |   .9656219   .0932246    10.36   0.000     .7825983    1.148645
wealth_core_d6 |     1.1959   .1054554    11.34   0.000     .9888638    1.402935
wealth_core_d7 |   1.552939   .1248252    12.44   0.000     1.307875    1.798003
wealth_core_d8 |   1.498574   .1263333    11.86   0.000     1.250549    1.746598
wealth_core_d9 |   1.707635   .1472752    11.59   0.000     1.418496    1.996773
wealth_c~e_d10 |   1.913898   .2198948     8.70   0.000     1.482188    2.345608
trust_oth~2020 |  -.0731487   .0504176    -1.45   0.147    -.1721312    .0258339
               |
            c. |
trust_oth~2020#|
            c. |
trust_oth~2020 |   .0060474   .0041593     1.45   0.146    -.0021184    .0142133
               |
         _cons |  -1.002432   .3766236    -2.66   0.008     -1.74184   -.2630238
--------------------------------------------------------------------------------
(output written to /Volumes/SSD PRO/Github-forks/Chp2-TrustandReturns/Code/Regres
> sions/Panel/panel_reg_r1.tex)
Wrote: /Volumes/SSD PRO/Github-forks/Chp2-TrustandReturns/Code/Regressions/Panel/
> panel_reg_r1.tex

--- Raw returns to core and IRA ---

Linear regression                               Number of obs     =    123,030
                                                F(47, 25610)      =     221.44
                                                Prob > F          =     0.0000
                                                R-squared         =     0.0187
                                                Root MSE          =     1.1774

                              (Std. err. adjusted for 25,611 clusters in hhidpn)
--------------------------------------------------------------------------------
               |               Robust
  r4_annual_nw | Coefficient  std. err.      t    P>|t|     [95% conf. interval]
---------------+----------------------------------------------------------------
      age_bin_ |
           25  |   .6867368   .3365955     2.04   0.041     .0269907    1.346483
           30  |   .6904629   .1708314     4.04   0.000     .3556237    1.025302
           35  |   .6033871    .098558     6.12   0.000     .4102079    .7965664
           40  |   .5961605   .0687856     8.67   0.000     .4613368    .7309841
           45  |   .5636482   .0403509    13.97   0.000     .4845582    .6427382
           50  |   .6525849   .0326469    19.99   0.000     .5885952    .7165746
           55  |   .6245533   .0288307    21.66   0.000     .5680434    .6810632
           60  |   .6224367   .0286721    21.71   0.000     .5662378    .6786356
           65  |    .724958   .0313602    23.12   0.000     .6634901    .7864258
           70  |   .6976235   .0299049    23.33   0.000     .6390082    .7562389
           75  |   .6839145   .0300737    22.74   0.000     .6249684    .7428606
           80  |    .653932   .0302741    21.60   0.000      .594593     .713271
           85  |    .669845   .0321881    20.81   0.000     .6067546    .7329354
           90  |   .6730251   .0373131    18.04   0.000     .5998892     .746161
           95  |   .7534232     .06144    12.26   0.000     .6329974    .8738491
          100  |   .7140137   .1326959     5.38   0.000     .4539223    .9741052
          105  |   .5574668    .200936     2.77   0.006     .1636209    .9513126
               |
      educ_yrs |  -.0183349   .0016316   -11.24   0.000    -.0215329   -.0151368
      2.gender |  -.0536276   .0076636    -7.00   0.000    -.0686487   -.0386064
               |
      race_eth |
            2  |   .2525893   .0150041    16.83   0.000     .2231805    .2819982
            3  |   .1253716   .0222625     5.63   0.000     .0817359    .1690074
            4  |   .0517665   .0239351     2.16   0.031     .0048524    .0986806
               |
       inlbrf_ |   .0405158    .009096     4.45   0.000     .0226871    .0583444
      married_ |  -.1261307   .0087978   -14.34   0.000    -.1433749   -.1088866
       born_us |   .0233996   .0171638     1.36   0.173    -.0102424    .0570416
               |
      censreg_ |
            2  |  -.0319823   .0115707    -2.76   0.006    -.0546616   -.0093031
            3  |  -.0099652   .0108931    -0.91   0.360    -.0313163    .0113858
            4  |   .0112983    .012771     0.88   0.376    -.0137336    .0363302
               |
          year |
         2004  |   .0411753   .0137347     3.00   0.003     .0142546    .0680961
         2006  |   .0610581   .0135166     4.52   0.000     .0345647    .0875514
         2008  |   .0478805   .0136368     3.51   0.000     .0211517    .0746094
         2010  |  -.0658533   .0132822    -4.96   0.000     -.091887   -.0398195
         2012  |  -.0248639   .0134267    -1.85   0.064    -.0511809    .0014532
         2014  |   .0712324   .0141886     5.02   0.000     .0434219     .099043
         2016  |   .0556251   .0151619     3.67   0.000     .0259069    .0853433
         2018  |   .0703844   .0163765     4.30   0.000     .0382855    .1024834
         2020  |   .0926675   .0174477     5.31   0.000     .0584689     .126866
         2022  |   .1518667   .0186032     8.16   0.000     .1154034    .1883301
               |
wealth_co~a_d2 |   .1381225   .0323161     4.27   0.000     .0747811    .2014639
wealth_corei~3 |   .3388481    .022556    15.02   0.000      .294637    .3830591
wealth_co~a_d4 |   .4887577   .0198168    24.66   0.000     .4499156    .5275998
wealth_corei~5 |   .5070497   .0186113    27.24   0.000     .4705704     .543529
wealth_co~a_d6 |   .5390873   .0190078    28.36   0.000      .501831    .5763436
wealth_corei~7 |   .5676431   .0199134    28.51   0.000     .5286116    .6066746
wealth_co~a_d8 |   .5542214   .0204015    27.17   0.000     .5142333    .5942096
wealth_corei~9 |   .5580867   .0213494    26.14   0.000     .5162408    .5999327
wealth_c~a_d10 |   .5656841   .0221801    25.50   0.000     .5222098    .6091584
         _cons |  -.5245654   .0489865   -10.71   0.000    -.6205817    -.428549
--------------------------------------------------------------------------------

Linear regression                               Number of obs     =      3,664
                                                F(43, 670)        =          .
                                                Prob > F          =          .
                                                R-squared         =     0.0400
                                                Root MSE          =     1.3179

                                 (Std. err. adjusted for 671 clusters in hhidpn)
--------------------------------------------------------------------------------
               |               Robust
  r4_annual_nw | Coefficient  std. err.      t    P>|t|     [95% conf. interval]
---------------+----------------------------------------------------------------
      age_bin_ |
           30  |   .3360138   .1889188     1.78   0.076    -.0349303    .7069579
           35  |   .2338423   .3153253     0.74   0.459    -.3853023    .8529869
           40  |    .308006   .2429005     1.27   0.205    -.1689317    .7849438
           45  |   .3370577   .2108442     1.60   0.110    -.0769372    .7510525
           50  |   .4938912   .1798916     2.75   0.006      .140672    .8471103
           55  |   .5074486   .1750442     2.90   0.004     .1637473    .8511499
           60  |   .5665715   .1682253     3.37   0.001     .2362592    .8968837
           65  |   .6386925   .1719596     3.71   0.000     .3010479    .9763371
           70  |   .5639826   .1747882     3.23   0.001      .220784    .9071811
           75  |   .5385551   .1869761     2.88   0.004     .1714256    .9056846
           80  |   .5333485   .1968044     2.71   0.007     .1469208    .9197761
           85  |   1.178452   .5090649     2.31   0.021     .1788976    2.178007
           90  |  -.0671955   .3268218    -0.21   0.837    -.7089138    .5745228
               |
      educ_yrs |  -.0037222   .0104516    -0.36   0.722     -.024244    .0167996
      2.gender |   .0300424   .0515224     0.58   0.560    -.0711224    .1312071
               |
      race_eth |
            2  |   .2301599   .0795092     2.89   0.004     .0740427     .386277
            3  |   .4242985   .1123383     3.78   0.000     .2037209     .644876
            4  |   .2299666   .1530036     1.50   0.133    -.0704576    .5303909
               |
       inlbrf_ |  -.0327341   .0539965    -0.61   0.545    -.1387569    .0732887
      married_ |  -.1057384   .0585824    -1.80   0.072    -.2207655    .0092888
       born_us |   .1318027    .074633     1.77   0.078    -.0147401    .2783454
               |
      censreg_ |
            2  |   .0179877   .0658695     0.27   0.785    -.1113479    .1473232
            3  |   .0860192   .0614953     1.40   0.162    -.0347276     .206766
            4  |   .0412109   .0776201     0.53   0.596     -.111197    .1936187
               |
          year |
         2004  |    .088797   .1070429     0.83   0.407     -.121383    .2989769
         2006  |   .3607296   .1046201     3.45   0.001     .1553069    .5661524
         2008  |   .0401805   .0809757     0.50   0.620    -.1188163    .1991772
         2010  |   .0752286   .0910994     0.83   0.409     -.103646    .2541033
         2012  |   .0823601   .0781429     1.05   0.292    -.0710744    .2357947
         2014  |   .1787854   .0850594     2.10   0.036     .0117703    .3458006
         2016  |   .2120763   .0915764     2.32   0.021     .0322649    .3918876
         2018  |   .1094265    .081789     1.34   0.181    -.0511671      .27002
         2020  |   .1220477    .084485     1.44   0.149    -.0438396     .287935
         2022  |   .4286658   .1216242     3.52   0.000     .1898553    .6674762
               |
wealth_co~a_d2 |   .0841431   .1932851     0.44   0.663    -.2953743    .4636605
wealth_corei~3 |    .152585   .1555938     0.98   0.327    -.1529252    .4580951
wealth_co~a_d4 |   .5312729   .1284544     4.14   0.000     .2790512    .7834946
wealth_corei~5 |   .5797392   .1156839     5.01   0.000     .3525925    .8068859
wealth_co~a_d6 |   .6692693   .1131741     5.91   0.000     .4470507    .8914879
wealth_corei~7 |   .6988733   .1226479     5.70   0.000     .4580529    .9396938
wealth_co~a_d8 |   .7291552    .127276     5.73   0.000     .4792473    .9790631
wealth_corei~9 |   .7025283   .1323854     5.31   0.000     .4425882    .9624684
wealth_c~a_d10 |   .6647662   .1312808     5.06   0.000     .4069949    .9225375
trust_oth~2020 |   .0022114   .0126028     0.18   0.861    -.0225343    .0269572
         _cons |  -1.037623   .2372979    -4.37   0.000     -1.50356   -.5716858
--------------------------------------------------------------------------------

Linear regression                               Number of obs     =      3,664
                                                F(44, 670)        =          .
                                                Prob > F          =          .
                                                R-squared         =     0.0410
                                                Root MSE          =     1.3174

                                 (Std. err. adjusted for 671 clusters in hhidpn)
--------------------------------------------------------------------------------
               |               Robust
  r4_annual_nw | Coefficient  std. err.      t    P>|t|     [95% conf. interval]
---------------+----------------------------------------------------------------
      age_bin_ |
           30  |   .4125674   .1849163     2.23   0.026     .0494822    .7756526
           35  |   .2451139   .3172656     0.77   0.440    -.3778406    .8680684
           40  |   .3361388    .220527     1.52   0.128    -.0968684    .7691461
           45  |   .3765099   .1965014     1.92   0.056    -.0093227    .7623426
           50  |   .5360573    .163491     3.28   0.001     .2150409    .8570736
           55  |   .5438617   .1580159     3.44   0.001     .2335957    .8541277
           60  |   .6048994   .1491881     4.05   0.000     .3119668     .897832
           65  |   .6729101   .1530539     4.40   0.000     .3723872    .9734331
           70  |   .5972501   .1552194     3.85   0.000     .2924751    .9020251
           75  |   .5674829   .1682963     3.37   0.001     .2370313    .8979345
           80  |   .5559947   .1769611     3.14   0.002     .2085297    .9034598
           85  |   1.194581   .5015967     2.38   0.018     .2096908    2.179472
           90  |  -.0655675   .3456375    -0.19   0.850    -.7442306    .6130956
               |
      educ_yrs |   -.001563   .0104549    -0.15   0.881    -.0220913    .0189653
      2.gender |   .0232283   .0507901     0.46   0.648    -.0764986    .1229552
               |
      race_eth |
            2  |   .2206953   .0797963     2.77   0.006     .0640144    .3773761
            3  |   .4281707   .1122936     3.81   0.000      .207681    .6486605
            4  |   .2214073   .1531454     1.45   0.149    -.0792953    .5221099
               |
       inlbrf_ |  -.0307114   .0540711    -0.57   0.570    -.1368806    .0754578
      married_ |  -.1054491   .0582656    -1.81   0.071    -.2198542     .008956
       born_us |   .1318931   .0749699     1.76   0.079    -.0153111    .2790973
               |
      censreg_ |
            2  |    .019172   .0656749     0.29   0.770    -.1097813    .1481253
            3  |   .0846518   .0615129     1.38   0.169    -.0361293     .205433
            4  |   .0498668   .0761755     0.65   0.513    -.0997047    .1994383
               |
          year |
         2004  |   .0859716   .1065421     0.81   0.420    -.1232249    .2951681
         2006  |   .3626815   .1046554     3.47   0.001     .1571895    .5681736
         2008  |   .0433705   .0812225     0.53   0.594    -.1161107    .2028518
         2010  |   .0785987   .0913868     0.86   0.390    -.1008402    .2580377
         2012  |   .0853618   .0781438     1.09   0.275    -.0680745     .238798
         2014  |   .1808438    .085338     2.12   0.034     .0132817     .348406
         2016  |   .2154731   .0919599     2.34   0.019      .034909    .3960373
         2018  |   .1150576   .0820108     1.40   0.161    -.0459715    .2760868
         2020  |   .1287402   .0848365     1.52   0.130    -.0378371    .2953175
         2022  |   .4363716    .121563     3.59   0.000     .1976812     .675062
               |
wealth_co~a_d2 |   .0886226   .1922157     0.46   0.645    -.2887951    .4660403
wealth_corei~3 |   .1524422   .1560613     0.98   0.329     -.153986    .4588703
wealth_co~a_d4 |   .5399367    .128483     4.20   0.000      .287659    .7922145
wealth_corei~5 |   .5944465   .1155309     5.15   0.000     .3676003    .8212926
wealth_co~a_d6 |   .6838695   .1132079     6.04   0.000     .4615846    .9061544
wealth_corei~7 |   .7135179   .1232128     5.79   0.000     .4715883    .9554475
wealth_co~a_d8 |   .7483233   .1286948     5.81   0.000     .4956296    1.001017
wealth_corei~9 |   .7214628   .1337403     5.39   0.000     .4588623    .9840633
wealth_c~a_d10 |   .6824521   .1311706     5.20   0.000     .4248972     .940007
trust_oth~2020 |  -.0625757   .0437993    -1.43   0.154    -.1485761    .0234248
               |
            c. |
trust_oth~2020#|
            c. |
trust_oth~2020 |   .0055659   .0035833     1.55   0.121      -.00147    .0126017
               |
         _cons |  -.9563507   .2265091    -4.22   0.000    -1.401104   -.5115975
--------------------------------------------------------------------------------
(output written to /Volumes/SSD PRO/Github-forks/Chp2-TrustandReturns/Code/Regres
> sions/Panel/panel_reg_r4.tex)
Wrote: /Volumes/SSD PRO/Github-forks/Chp2-TrustandReturns/Code/Regressions/Panel/
> panel_reg_r4.tex

--- Raw returns to net wealth ---

Linear regression                               Number of obs     =    102,091
                                                F(45, 21890)      =      31.10
                                                Prob > F          =     0.0000
                                                R-squared         =     0.0173
                                                Root MSE          =     .64843

                            (Std. err. adjusted for 21,891 clusters in hhidpn)
------------------------------------------------------------------------------
             |               Robust
r5_annual_nw | Coefficient  std. err.      t    P>|t|     [95% conf. interval]
-------------+----------------------------------------------------------------
    age_bin_ |
         35  |   .0430068   .1641388     0.26   0.793    -.2787171    .3647308
         40  |   .0953959   .1439545     0.66   0.508    -.1867653    .3775572
         45  |    .052296   .1308119     0.40   0.689    -.2041049    .3086968
         50  |   .0652914   .1282686     0.51   0.611    -.1861243     .316707
         55  |   .0567206   .1269251     0.45   0.655    -.1920618     .305503
         60  |   .0314317   .1265694     0.25   0.804    -.2166534    .2795168
         65  |   .0420773   .1266241     0.33   0.740    -.2061151    .2902697
         70  |   .0026428   .1265915     0.02   0.983    -.2454856    .2507713
         75  |  -.0079731   .1266809    -0.06   0.950    -.2562768    .2403306
         80  |  -.0325763   .1266718    -0.26   0.797    -.2808623    .2157096
         85  |  -.0223137   .1269842    -0.18   0.861    -.2712119    .2265845
         90  |  -.0335238   .1274503    -0.26   0.793    -.2833356    .2162881
         95  |  -.0009289   .1306132    -0.01   0.994    -.2569402    .2550823
        100  |   .0862412   .1607185     0.54   0.592    -.2287787    .4012611
        105  |  -.7425752   .1640395    -4.53   0.000    -1.064105   -.4210459
             |
    educ_yrs |  -.0048938   .0008461    -5.78   0.000    -.0065522   -.0032354
    2.gender |  -.0323968   .0044791    -7.23   0.000    -.0411761   -.0236175
             |
    race_eth |
          2  |   .0933518   .0078991    11.82   0.000     .0778689    .1088346
          3  |   .0578225    .015558     3.72   0.000     .0273276    .0883173
          4  |   .0301528   .0152936     1.97   0.049     .0001763    .0601293
             |
     inlbrf_ |    .040694   .0051859     7.85   0.000     .0305293    .0508587
    married_ |  -.0912196   .0053959   -16.91   0.000    -.1017959   -.0806433
     born_us |   .0029002   .0108325     0.27   0.789    -.0183323    .0241327
             |
    censreg_ |
          2  |  -.0192198   .0063675    -3.02   0.003    -.0317005   -.0067391
          3  |  -.0090991   .0061694    -1.47   0.140    -.0211916    .0029935
          4  |    .007911   .0077488     1.02   0.307    -.0072772    .0230992
             |
        year |
       2004  |   .0083968   .0085277     0.98   0.325    -.0083182    .0251117
       2006  |    .041191   .0080223     5.13   0.000     .0254667    .0569152
       2008  |   -.034231   .0079402    -4.31   0.000    -.0497944   -.0186677
       2010  |  -.0728051   .0098362    -7.40   0.000    -.0920847   -.0535255
       2012  |  -.0501279   .0084655    -5.92   0.000     -.066721   -.0335349
       2014  |   .0161542    .009004     1.79   0.073    -.0014943    .0338027
       2016  |   .0010665   .0089103     0.12   0.905    -.0163984    .0185314
       2018  |   .0227429     .01011     2.25   0.024     .0029266    .0425593
       2020  |   .0110032      .0098     1.12   0.262    -.0082056    .0302119
       2022  |   .1019747   .0110503     9.23   0.000     .0803154     .123634
             |
   wealth_d2 |   .0405647   .0175072     2.32   0.021     .0062492    .0748802
   wealth_d3 |   .1209789   .0145847     8.29   0.000     .0923919     .149566
   wealth_d4 |   .1430717   .0143096    10.00   0.000     .1150239    .1711195
   wealth_d5 |   .1410834   .0143428     9.84   0.000     .1129705    .1691964
   wealth_d6 |   .1474356   .0143128    10.30   0.000     .1193814    .1754898
   wealth_d7 |   .1405314   .0144368     9.73   0.000     .1122343    .1688286
   wealth_d8 |   .1573909   .0143563    10.96   0.000     .1292514    .1855303
   wealth_d9 |   .1571955   .0143433    10.96   0.000     .1290816    .1853094
  wealth_d10 |   .2361365   .0164176    14.38   0.000     .2039569    .2683162
       _cons |   .1308513   .1285065     1.02   0.309    -.1210307    .3827333
------------------------------------------------------------------------------

Linear regression                               Number of obs     =      2,899
                                                F(42, 572)        =          .
                                                Prob > F          =          .
                                                R-squared         =     0.0386
                                                Root MSE          =     .62409

                                 (Std. err. adjusted for 573 clusters in hhidpn)
--------------------------------------------------------------------------------
               |               Robust
  r5_annual_nw | Coefficient  std. err.      t    P>|t|     [95% conf. interval]
---------------+----------------------------------------------------------------
      age_bin_ |
           35  |   .9609417   .0725384    13.25   0.000     .8184676    1.103416
           40  |   .5255264   .2333571     2.25   0.025      .067185    .9838677
           45  |   .6993245   .1452486     4.81   0.000     .4140388    .9846102
           50  |   .8467731   .1381282     6.13   0.000     .5754727    1.118074
           55  |   .7994313   .1214565     6.58   0.000     .5608761    1.037986
           60  |   .8478624   .1179636     7.19   0.000     .6161677    1.079557
           65  |   .8347835   .1132879     7.37   0.000     .6122724    1.057295
           70  |   .7527061   .1215917     6.19   0.000     .5138854    .9915269
           75  |   .7394264   .1174403     6.30   0.000     .5087595    .9700933
           80  |   .6535793   .1219411     5.36   0.000     .4140724    .8930862
           85  |   .8436846   .1571089     5.37   0.000     .5351038    1.152265
           90  |   .8468681   .4185967     2.02   0.044     .0246939    1.669042
               |
      educ_yrs |  -.0062597   .0038205    -1.64   0.102    -.0137636    .0012441
      2.gender |  -.0367594   .0240781    -1.53   0.127    -.0840516    .0105329
               |
      race_eth |
            2  |    .084512   .0412996     2.05   0.041     .0033947    .1656293
            3  |   -.017663   .0469236    -0.38   0.707    -.1098265    .0745005
            4  |   .0682394   .0891439     0.77   0.444    -.1068498    .2433286
               |
       inlbrf_ |    .051361     .02559     2.01   0.045     .0010991    .1016229
      married_ |  -.0787756   .0291535    -2.70   0.007    -.1360366   -.0215146
       born_us |   .0249788   .0420692     0.59   0.553    -.0576501    .1076078
               |
      censreg_ |
            2  |   .0485088   .0341213     1.42   0.156    -.0185095    .1155271
            3  |   .0529197   .0303115     1.75   0.081    -.0066158    .1124552
            4  |    .131624    .044285     2.97   0.003      .044643     .218605
               |
          year |
         2004  |  -.0178239   .0611874    -0.29   0.771    -.1380032    .1023554
         2006  |   .1517605   .0628132     2.42   0.016     .0283879    .2751332
         2008  |   .0148313   .0646737     0.23   0.819    -.1121955    .1418581
         2010  |  -.0298705   .0584638    -0.51   0.610    -.1447005    .0849594
         2012  |   .0209051   .0562375     0.37   0.710    -.0895521    .1313624
         2014  |   .1429851   .0695314     2.06   0.040     .0064171     .279553
         2016  |   .0983654   .0631493     1.56   0.120    -.0256674    .2223982
         2018  |   .0986797   .0584903     1.69   0.092    -.0162023    .2135617
         2020  |   .1303858   .0587916     2.22   0.027     .0149121    .2458594
         2022  |   .2301312   .0599476     3.84   0.000      .112387    .3478755
               |
     wealth_d2 |  -.1657043   .1023698    -1.62   0.106    -.3667708    .0353622
     wealth_d3 |   .0289755   .0868509     0.33   0.739    -.1416102    .1995611
     wealth_d4 |   .0284839   .0840642     0.34   0.735    -.1366283    .1935962
     wealth_d5 |   .1004588    .089532     1.12   0.262    -.0753929    .2763104
     wealth_d6 |    .054883   .0818644     0.67   0.503    -.1059086    .2156746
     wealth_d7 |   .0725067   .0937663     0.77   0.440    -.1116617     .256675
     wealth_d8 |   .0390463   .0822389     0.47   0.635    -.1224809    .2005734
     wealth_d9 |   .0926641   .0830233     1.12   0.265    -.0704036    .2557319
    wealth_d10 |   .0843958   .0833477     1.01   0.312    -.0793092    .2481008
trust_oth~2020 |   .0114686   .0042301     2.71   0.007     .0031601    .0197771
         _cons |  -.7707488   .0988748    -7.80   0.000    -.9649507    -.576547
--------------------------------------------------------------------------------

Linear regression                               Number of obs     =      2,899
                                                F(43, 572)        =          .
                                                Prob > F          =          .
                                                R-squared         =     0.0402
                                                Root MSE          =     .62367

                                 (Std. err. adjusted for 573 clusters in hhidpn)
--------------------------------------------------------------------------------
               |               Robust
  r5_annual_nw | Coefficient  std. err.      t    P>|t|     [95% conf. interval]
---------------+----------------------------------------------------------------
      age_bin_ |
           35  |   .9221265   .0870706    10.59   0.000     .7511093    1.093144
           40  |    .460634   .2270796     2.03   0.043     .0146225    .9066455
           45  |   .6153227   .1492926     4.12   0.000     .3220941    .9085513
           50  |   .7663861   .1399232     5.48   0.000     .4915602    1.041212
           55  |   .7241012    .122913     5.89   0.000     .4826852    .9655171
           60  |   .7709848   .1189345     6.48   0.000     .5373832    1.004586
           65  |   .7597902   .1150304     6.61   0.000     .5338568    .9857237
           70  |   .6804134   .1216245     5.59   0.000     .4415283    .9192985
           75  |   .6680678   .1173217     5.69   0.000     .4376339    .8985017
           80  |   .5869741   .1219672     4.81   0.000     .3474159    .8265323
           85  |   .7830659   .1545208     5.07   0.000     .4795684    1.086563
           90  |   .7951538   .4130198     1.93   0.055    -.0160666    1.606374
               |
      educ_yrs |  -.0086654   .0040155    -2.16   0.031    -.0165523   -.0007784
      2.gender |  -.0325639   .0240097    -1.36   0.176    -.0797217     .014594
               |
      race_eth |
            2  |   .0901742   .0410974     2.19   0.029     .0094539    .1708945
            3  |  -.0175093   .0466699    -0.38   0.708    -.1091745    .0741559
            4  |   .0791993   .0894542     0.89   0.376    -.0964995    .2548982
               |
       inlbrf_ |   .0515806   .0255989     2.01   0.044     .0013012      .10186
      married_ |  -.0773853    .029112    -2.66   0.008    -.1345647   -.0202058
       born_us |   .0254566   .0418754     0.61   0.543    -.0567917    .1077049
               |
      censreg_ |
            2  |   .0471427   .0337329     1.40   0.163    -.0191128    .1133983
            3  |   .0528216   .0297444     1.78   0.076       -.0056    .1112431
            4  |   .1253388   .0445083     2.82   0.005     .0379192    .2127584
               |
          year |
         2004  |  -.0194629   .0612359    -0.32   0.751    -.1397375    .1008118
         2006  |   .1474906   .0628111     2.35   0.019      .024122    .2708592
         2008  |   .0099483   .0645681     0.15   0.878    -.1168713    .1367678
         2010  |  -.0355101   .0584385    -0.61   0.544    -.1502902    .0792701
         2012  |   .0148385    .056294     0.26   0.792    -.0957297    .1254067
         2014  |   .1366094   .0696749     1.96   0.050    -.0002405    .2734593
         2016  |   .0923923   .0631672     1.46   0.144    -.0316756    .2164603
         2018  |   .0925285   .0588459     1.57   0.116    -.0230519     .208109
         2020  |   .1236455   .0588319     2.10   0.036     .0080926    .2391984
         2022  |   .2202785   .0598655     3.68   0.000     .1026954    .3378616
               |
     wealth_d2 |  -.1651165   .1019414    -1.62   0.106    -.3653416    .0351086
     wealth_d3 |   .0304199   .0865877     0.35   0.725    -.1396487    .2004886
     wealth_d4 |   .0304652    .083993     0.36   0.717     -.134507    .1954374
     wealth_d5 |   .1010437   .0892471     1.13   0.258    -.0742483    .2763358
     wealth_d6 |   .0590708   .0815363     0.72   0.469    -.1010763    .2192179
     wealth_d7 |   .0686504   .0940502     0.73   0.466    -.1160755    .2533762
     wealth_d8 |   .0365454   .0821193     0.45   0.656    -.1247467    .1978375
     wealth_d9 |   .0917181   .0829324     1.11   0.269    -.0711711    .2546074
    wealth_d10 |   .0827195   .0832658     0.99   0.321    -.0808244    .2462635
trust_oth~2020 |    .045837   .0125612     3.65   0.000     .0211653    .0705088
               |
            c. |
trust_oth~2020#|
            c. |
trust_oth~2020 |  -.0029933   .0011503    -2.60   0.010    -.0052526   -.0007339
               |
         _cons |  -.7440273   .1000643    -7.44   0.000    -.9405656    -.547489
--------------------------------------------------------------------------------
(output written to /Volumes/SSD PRO/Github-forks/Chp2-TrustandReturns/Code/Regres
> sions/Panel/panel_reg_r5.tex)
Wrote: /Volumes/SSD PRO/Github-forks/Chp2-TrustandReturns/Code/Regressions/Panel/
> panel_reg_r5.tex

. 
. * ----------------------------------------------------------------------
. * Winsorized tables: panel_reg_r1_win.tex, panel_reg_r4_win.tex, panel_reg_r5_w
> in.tex
. * ----------------------------------------------------------------------
. foreach ret in r1 r4 r5 {
  2.     local yvar ""
  3.     local ctrl ""
  4.     local ret_label ""
  5.     if "`ret'" == "r1" {
  6.         local yvar "r1_annual_w5"
  7.         local ctrl "`ctrl_r1'"
  8.         local ret_label "returns to core"
  9.     }
 10.     if "`ret'" == "r4" {
 11.         local yvar "r4_annual_w5"
 12.         local ctrl "`ctrl_r4'"
 13.         local ret_label "returns to ${LATEX_CORE_IRA}"
 14.     }
 15.     if "`ret'" == "r5" {
 16.         local yvar "r5_annual_w5"
 17.         local ctrl "`ctrl_r5'"
 18.         local ret_label "returns to net wealth"
 19.     }
 20. 
.     capture confirm variable `yvar'
 21.     if _rc {
 22.         di as txt "Skipping winsorized `ret': variable `yvar' not found."
 23.         continue
 24.     }
 25. 
.     eststo clear
 26.     di as txt _n "--- Winsorized `ret_label' ---"
 27.     eststo m1: regress `yvar' `ctrl' if !missing(`yvar'), vce(cluster hhidpn
> )
 28.     local keep_list "educ_yrs 2.gender 2.race_eth 3.race_eth 4.race_eth inlb
> rf_ married_ born_us `trust_var' c.`trust_var'#c.`trust_var' _cons"
 29.     eststo m2: regress `yvar' `ctrl' c.`trust_var' if !missing(`yvar') & !mi
> ssing(`trust_var'), vce(cluster hhidpn)
 30.     eststo m3: regress `yvar' `ctrl' c.`trust_var' c.`trust_var'#c.`trust_va
> r' if !missing(`yvar') & !missing(`trust_var'), vce(cluster hhidpn)
 31.     quietly testparm c.`trust_var' c.`trust_var'#c.`trust_var'
 32.     estadd scalar p_joint_trust = r(p) : m3
 33. 
.     local outfile "${REGRESSIONS}/Panel/panel_reg_`ret'_win.tex"
 34.     esttab m1 m2 m3 using "`outfile'", replace ///
>         booktabs ///
>         mtitles("(1)" "(2)" "(3)") ///
>         se star(* 0.10 ** 0.05 *** 0.01) b(2) se(2) label ///
>         keep(`keep_list') ///
>         varlabels(educ_yrs "Years of education" 2.gender "Female" 2.race_eth "N
> H Black" 3.race_eth "Hispanic" 4.race_eth "NH Other" inlbrf_ "Employed" married
> _ "Married" born_us "Born in U.S." `trust_var' "Trust" c.`trust_var'#c.`trust_v
> ar' "Trust²") ///
>         stats(N r2_a p_joint_trust, labels("Observations" "Adj. R-squared" "Joi
> nt test: Trust+Trust² p-value")) ///
>         title("Panel: `ret_label'${LATEX_WIN}") ///
>         addnotes("Cluster-robust SE in parentheses. Age bins (5-yr), wealth dec
> iles, region dummies," "and year dummies omitted from table but included in reg
> ressions.") ///
>         alignment(${LATEX_ALIGN}) width(0.85\hsize) nonumbers
 35. 
.     di as txt "Wrote: `outfile'"
 36. }

--- Winsorized returns to core ---

Linear regression                               Number of obs     =    129,298
                                                F(46, 27183)      =          .
                                                Prob > F          =          .
                                                R-squared         =     0.1814
                                                Root MSE          =     .77488

                              (Std. err. adjusted for 27,184 clusters in hhidpn)
--------------------------------------------------------------------------------
               |               Robust
 r1_annual_w5_ | Coefficient  std. err.      t    P>|t|     [95% conf. interval]
---------------+----------------------------------------------------------------
      age_bin_ |
           25  |   .7512755   .2761434     2.72   0.007     .2100204    1.292531
           30  |   .7462168    .151732     4.92   0.000     .4488142    1.043619
           35  |   .5768898   .0758373     7.61   0.000     .4282448    .7255348
           40  |    .481545   .0414838    11.61   0.000     .4002346    .5628554
           45  |   .4978598   .0276821    17.98   0.000     .4436014    .5521182
           50  |   .4909492   .0189776    25.87   0.000     .4537522    .5281463
           55  |     .46003   .0166486    27.63   0.000     .4273979     .492662
           60  |   .4144973   .0165037    25.12   0.000     .3821492    .4468453
           65  |   .3705815     .01657    22.36   0.000     .3381035    .4030595
           70  |   .3285669   .0168867    19.46   0.000     .2954682    .3616657
           75  |   .3174009   .0169883    18.68   0.000      .284103    .3506987
           80  |   .2883945   .0172559    16.71   0.000      .254572    .3222169
           85  |   .2830705    .018007    15.72   0.000     .2477758    .3183652
           90  |   .2706886   .0205279    13.19   0.000     .2304528    .3109244
           95  |   .2760673   .0315703     8.74   0.000     .2141879    .3379467
          100  |   .2751932   .0899746     3.06   0.002     .0988385     .451548
          105  |   .3709212   .2516078     1.47   0.140     -.122243    .8640855
               |
      educ_yrs |    -.01534   .0009694   -15.82   0.000      -.01724   -.0134399
      2.gender |  -.0056113   .0049337    -1.14   0.255    -.0152816     .004059
               |
      race_eth |
            2  |   .1330819   .0080462    16.54   0.000     .1173109    .1488529
            3  |   .0940933   .0115217     8.17   0.000     .0715102    .1166764
            4  |   .0274022    .015504     1.77   0.077    -.0029865    .0577909
               |
       inlbrf_ |   .1068904   .0059248    18.04   0.000     .0952774    .1185033
      married_ |  -.0370317    .005157    -7.18   0.000    -.0471398   -.0269236
       born_us |  -.0069388    .009906    -0.70   0.484     -.026355    .0124775
               |
      censreg_ |
            2  |  -.0157809   .0073951    -2.13   0.033    -.0302757   -.0012861
            3  |   .0073371   .0070397     1.04   0.297    -.0064612    .0211354
            4  |   .0101286   .0080735     1.25   0.210    -.0056958    .0259531
               |
          year |
         2004  |  -.0256572   .0097417    -2.63   0.008    -.0447515    -.006563
         2006  |  -.0280729   .0090613    -3.10   0.002    -.0458335   -.0103123
         2008  |  -.0129748   .0094787    -1.37   0.171    -.0315535    .0056039
         2010  |  -.1580676   .0094675   -16.70   0.000    -.1766244   -.1395109
         2012  |  -.1289313   .0093099   -13.85   0.000    -.1471791   -.1106835
         2014  |  -.0601259   .0098286    -6.12   0.000    -.0793904   -.0408613
         2016  |  -.1007368   .0101485    -9.93   0.000    -.1206284   -.0808451
         2018  |  -.0844381   .0104317    -8.09   0.000    -.1048847   -.0639915
         2020  |  -.0325286    .011177    -2.91   0.004     -.054436   -.0106212
         2022  |  -.0331551   .0116727    -2.84   0.005    -.0560343    -.010276
               |
wealth_core_d2 |   .2061883   .0155144    13.29   0.000     .1757793    .2365972
wealth_core_d3 |    .506231      .0111    45.61   0.000     .4844745    .5279874
wealth_core_d4 |   .7543628   .0094698    79.66   0.000     .7358015    .7729241
wealth_core_d5 |   .9578047   .0096355    99.40   0.000     .9389186    .9766908
wealth_core_d6 |   1.126629   .0101818   110.65   0.000     1.106672    1.146586
wealth_core_d7 |   1.236607   .0104486   118.35   0.000     1.216127    1.257087
wealth_core_d8 |   1.289991   .0104708   123.20   0.000     1.269468    1.310515
wealth_core_d9 |   1.305853    .010375   125.87   0.000     1.285517    1.326188
wealth_c~e_d10 |   1.291215     .01028   125.60   0.000     1.271066    1.311365
         _cons |  -.9952717   .0258511   -38.50   0.000    -1.045941   -.9446022
--------------------------------------------------------------------------------

Linear regression                               Number of obs     =      3,906
                                                F(43, 722)        =          .
                                                Prob > F          =          .
                                                R-squared         =     0.1840
                                                Root MSE          =     .80791

                                 (Std. err. adjusted for 723 clusters in hhidpn)
--------------------------------------------------------------------------------
               |               Robust
 r1_annual_w5_ | Coefficient  std. err.      t    P>|t|     [95% conf. interval]
---------------+----------------------------------------------------------------
      age_bin_ |
           30  |   .0100813   .3425721     0.03   0.977    -.6624751    .6826378
           35  |   .0224272   .3865695     0.06   0.954    -.7365073    .7813617
           40  |   .0735744    .358263     0.21   0.837    -.6297872     .776936
           45  |    .149359   .3600004     0.41   0.678    -.5574137    .8561317
           50  |    .024666   .3410826     0.07   0.942    -.6449662    .6942982
           55  |   .0284721   .3403912     0.08   0.933    -.6398026    .6967469
           60  |   .0110821   .3407195     0.03   0.974    -.6578371    .6800013
           65  |  -.0146666   .3412545    -0.04   0.966    -.6846363    .6553031
           70  |  -.0974074   .3418033    -0.28   0.776    -.7684545    .5736397
           75  |  -.0800175   .3449549    -0.23   0.817    -.7572519    .5972168
           80  |  -.0329406   .3463793    -0.10   0.924    -.7129716    .6470904
           85  |   .1064025   .3633523     0.29   0.770    -.6069509    .8197558
           90  |  -.2002082    .361518    -0.55   0.580    -.9099603    .5095438
               |
      educ_yrs |  -.0177748   .0062126    -2.86   0.004    -.0299718   -.0055779
      2.gender |   .0089764   .0303175     0.30   0.767    -.0505446    .0684975
               |
      race_eth |
            2  |   .1938774   .0436373     4.44   0.000     .1082063    .2795486
            3  |   .2246435   .0660759     3.40   0.001     .0949197    .3543673
            4  |   .0998062   .0803902     1.24   0.215    -.0580202    .2576326
               |
       inlbrf_ |   .0853319   .0332381     2.57   0.010      .020077    .1505868
      married_ |  -.0507087   .0327132    -1.55   0.122     -.114933    .0135156
       born_us |   .0628254   .0511427     1.23   0.220    -.0375808    .1632316
               |
      censreg_ |
            2  |   -.011229   .0462401    -0.24   0.808      -.10201    .0795521
            3  |   .0411827   .0416052     0.99   0.323     -.040499    .1228644
            4  |   .0634117   .0513735     1.23   0.217    -.0374477    .1642711
               |
          year |
         2004  |    -.07324    .082237    -0.89   0.373    -.2346922    .0882122
         2006  |   .1339957   .0734819     1.82   0.069     -.010268    .2782594
         2008  |   .0145336   .0730525     0.20   0.842     -.128887    .1579542
         2010  |  -.0490426   .0791768    -0.62   0.536     -.204487    .1064017
         2012  |  -.0970121   .0690895    -1.40   0.161    -.2326524    .0386282
         2014  |   .0460885   .0723094     0.64   0.524    -.0958733    .1880502
         2016  |  -.0896253   .0706138    -1.27   0.205    -.2282582    .0490075
         2018  |  -.0595867   .0730644    -0.82   0.415    -.2030308    .0838575
         2020  |  -.0555451   .0727274    -0.76   0.445    -.1983276    .0872374
         2022  |   .0570026   .0797529     0.71   0.475    -.0995728    .2135779
               |
wealth_core_d2 |    .244195   .1310397     1.86   0.063    -.0130694    .5014594
wealth_core_d3 |   .4834818   .0831446     5.81   0.000     .3202476     .646716
wealth_core_d4 |    .760812   .0623736    12.20   0.000     .6383567    .8832674
wealth_core_d5 |   .9332902   .0615546    15.16   0.000     .8124428    1.054138
wealth_core_d6 |   1.104292   .0671927    16.43   0.000     .9723755    1.236208
wealth_core_d7 |    1.31934   .0679139    19.43   0.000     1.186008    1.452672
wealth_core_d8 |   1.267099   .0677844    18.69   0.000     1.134021    1.400177
wealth_core_d9 |   1.369617   .0684566    20.01   0.000     1.235219    1.504015
wealth_c~e_d10 |   1.372912   .0721277    19.03   0.000     1.231307    1.514518
trust_oth~2020 |  -.0007054   .0063725    -0.11   0.912    -.0132164    .0118055
         _cons |  -.7207181   .3571235    -2.02   0.044    -1.421843   -.0195935
--------------------------------------------------------------------------------

Linear regression                               Number of obs     =      3,906
                                                F(44, 722)        =          .
                                                Prob > F          =          .
                                                R-squared         =     0.1842
                                                Root MSE          =     .80793

                                 (Std. err. adjusted for 723 clusters in hhidpn)
--------------------------------------------------------------------------------
               |               Robust
 r1_annual_w5_ | Coefficient  std. err.      t    P>|t|     [95% conf. interval]
---------------+----------------------------------------------------------------
      age_bin_ |
           30  |   .0361868   .3303614     0.11   0.913    -.6123969    .6847704
           35  |   .0306692   .3769281     0.08   0.935    -.7093369    .7706753
           40  |   .0882623   .3452237     0.26   0.798    -.5894999    .7660245
           45  |   .1668254   .3468475     0.48   0.631    -.5141247    .8477756
           50  |   .0418142   .3274978     0.13   0.898    -.6011476    .6847759
           55  |   .0449453   .3268586     0.14   0.891    -.5967615    .6866521
           60  |   .0273962   .3271698     0.08   0.933    -.6149216     .669714
           65  |   .0005576   .3276215     0.00   0.999     -.642647    .6437623
           70  |  -.0823266   .3281338    -0.25   0.802     -.726537    .5618838
           75  |  -.0660972   .3312869    -0.20   0.842    -.7164979    .5843035
           80  |  -.0212782   .3323904    -0.06   0.949    -.6738453    .6312888
           85  |   .1171803    .349985     0.33   0.738    -.5699295    .8042901
           90  |  -.1949298   .3497453    -0.56   0.577    -.8815691    .4917095
               |
      educ_yrs |  -.0169746   .0062584    -2.71   0.007    -.0292615   -.0046877
      2.gender |   .0076708   .0301725     0.25   0.799    -.0515655     .066907
               |
      race_eth |
            2  |   .1918438    .043874     4.37   0.000      .105708    .2779797
            3  |   .2255054   .0661046     3.41   0.001     .0957252    .3552855
            4  |   .0974824     .08062     1.21   0.227    -.0607953    .2557601
               |
       inlbrf_ |    .085727    .033292     2.58   0.010     .0203664    .1510876
      married_ |  -.0500342   .0327336    -1.53   0.127    -.1142985    .0142302
       born_us |   .0632248   .0512909     1.23   0.218    -.0374724    .1639219
               |
      censreg_ |
            2  |  -.0113294   .0462336    -0.25   0.806    -.1020977    .0794389
            3  |   .0407075   .0416632     0.98   0.329     -.041088    .1225031
            4  |   .0650456   .0515485     1.26   0.207    -.0361573    .1662485
               |
          year |
         2004  |  -.0737746   .0821754    -0.90   0.370     -.235106    .0875567
         2006  |   .1349577   .0734606     1.84   0.067    -.0092642    .2791795
         2008  |   .0158212    .072984     0.22   0.828    -.1274651    .1591075
         2010  |  -.0484276   .0791349    -0.61   0.541    -.2037896    .1069343
         2012  |  -.0960485   .0690256    -1.39   0.165    -.2315632    .0394663
         2014  |   .0469323   .0722588     0.65   0.516    -.0949302    .1887949
         2016  |  -.0885005   .0705798    -1.25   0.210    -.2270667    .0500657
         2018  |  -.0579667   .0729892    -0.79   0.427    -.2012631    .0853297
         2020  |  -.0537255   .0727491    -0.74   0.460    -.1965505    .0890994
         2022  |   .0593474    .079827     0.74   0.457    -.0973734    .2160683
               |
wealth_core_d2 |   .2434429   .1316128     1.85   0.065    -.0149466    .5018324
wealth_core_d3 |   .4826208   .0834418     5.78   0.000     .3188032    .6464384
wealth_core_d4 |   .7621298   .0622438    12.24   0.000     .6399293    .8843302
wealth_core_d5 |   .9369577   .0611872    15.31   0.000     .8168317    1.057084
wealth_core_d6 |   1.107696   .0670196    16.53   0.000      .976119    1.239272
wealth_core_d7 |   1.322401   .0675628    19.57   0.000     1.189758    1.455044
wealth_core_d8 |   1.269516   .0676599    18.76   0.000     1.136682    1.402349
wealth_core_d9 |   1.373188   .0680523    20.18   0.000     1.239584    1.506792
wealth_c~e_d10 |   1.376131   .0718699    19.15   0.000     1.235032     1.51723
trust_oth~2020 |  -.0178449   .0221581    -0.81   0.421    -.0613468    .0256571
               |
            c. |
trust_oth~2020#|
            c. |
trust_oth~2020 |   .0014816   .0018094     0.82   0.413    -.0020708     .005034
               |
         _cons |  -.7088107   .3438649    -2.06   0.040    -1.383905   -.0337162
--------------------------------------------------------------------------------
(output written to /Volumes/SSD PRO/Github-forks/Chp2-TrustandReturns/Code/Regres
> sions/Panel/panel_reg_r1_win.tex)
Wrote: /Volumes/SSD PRO/Github-forks/Chp2-TrustandReturns/Code/Regressions/Panel/
> panel_reg_r1_win.tex

--- Winsorized returns to core and IRA ---

Linear regression                               Number of obs     =    123,030
                                                F(47, 25610)      =     340.59
                                                Prob > F          =     0.0000
                                                R-squared         =     0.0257
                                                Root MSE          =     .74197

                              (Std. err. adjusted for 25,611 clusters in hhidpn)
--------------------------------------------------------------------------------
               |               Robust
 r4_annual_w5_ | Coefficient  std. err.      t    P>|t|     [95% conf. interval]
---------------+----------------------------------------------------------------
      age_bin_ |
           25  |   .5129901   .2568825     2.00   0.046     .0094859    1.016494
           30  |   .5743736   .1354705     4.24   0.000     .3088438    .8399035
           35  |   .4251871   .0598137     7.11   0.000     .3079488    .5424254
           40  |   .4185522   .0385503    10.86   0.000     .3429914     .494113
           45  |   .4151586   .0254445    16.32   0.000     .3652859    .4650314
           50  |    .456798   .0186694    24.47   0.000     .4202048    .4933911
           55  |   .4447918   .0166847    26.66   0.000     .4120889    .4774948
           60  |   .4663091   .0166089    28.08   0.000     .4337547    .4988635
           65  |    .562194   .0170441    32.98   0.000     .5287865    .5956014
           70  |   .5439856   .0172776    31.49   0.000     .5101206    .5778505
           75  |    .534684   .0174095    30.71   0.000     .5005603    .5688077
           80  |   .5161592   .0176155    29.30   0.000     .4816319    .5506865
           85  |   .5070563   .0185289    27.37   0.000     .4707386     .543374
           90  |   .5075459   .0220173    23.05   0.000     .4643909     .550701
           95  |   .5609414   .0391058    14.34   0.000     .4842918    .6375911
          100  |    .639002   .1268173     5.04   0.000     .3904329    .8875711
          105  |   .4849936   .1474873     3.29   0.001     .1959102    .7740771
               |
      educ_yrs |  -.0125188   .0010396   -12.04   0.000    -.0145566   -.0104811
      2.gender |  -.0444247   .0049379    -9.00   0.000    -.0541034   -.0347461
               |
      race_eth |
            2  |   .1648453     .00972    16.96   0.000     .1457935    .1838971
            3  |   .0777938   .0119977     6.48   0.000     .0542777    .1013099
            4  |   .0336725   .0146378     2.30   0.021     .0049815    .0623635
               |
       inlbrf_ |   .0250844   .0056657     4.43   0.000     .0139792    .0361896
      married_ |  -.0897936   .0054442   -16.49   0.000    -.1004645   -.0791226
       born_us |    .021993   .0097504     2.26   0.024     .0028817    .0411043
               |
      censreg_ |
            2  |  -.0220655   .0076258    -2.89   0.004    -.0370125   -.0071184
            3  |  -.0056393   .0072237    -0.78   0.435    -.0197982    .0085195
            4  |  -.0021958   .0080476    -0.27   0.785    -.0179696     .013578
               |
          year |
         2004  |     .04289   .0090012     4.76   0.000     .0252472    .0605329
         2006  |   .0482335   .0082934     5.82   0.000      .031978     .064489
         2008  |   .0421949     .00882     4.78   0.000     .0249072    .0594825
         2010  |  -.0523553   .0086625    -6.04   0.000    -.0693344   -.0353762
         2012  |  -.0086342   .0086467    -1.00   0.318    -.0255821    .0083138
         2014  |    .083287    .009431     8.83   0.000     .0648018    .1017722
         2016  |    .060606   .0097223     6.23   0.000     .0415499    .0796622
         2018  |   .0719064   .0100796     7.13   0.000     .0521498    .0916629
         2020  |   .0814083   .0105137     7.74   0.000     .0608009    .1020157
         2022  |    .142435   .0117409    12.13   0.000     .1194222    .1654478
               |
wealth_co~a_d2 |   .1088523   .0267936     4.06   0.000     .0563354    .1613692
wealth_corei~3 |   .2416384   .0182909    13.21   0.000     .2057872    .2774896
wealth_co~a_d4 |   .3578415   .0157633    22.70   0.000     .3269445    .3887384
wealth_corei~5 |   .3629439   .0145712    24.91   0.000     .3343836    .3915043
wealth_co~a_d6 |    .361374   .0144587    24.99   0.000     .3330341     .389714
wealth_corei~7 |   .3459441   .0144904    23.87   0.000     .3175422    .3743461
wealth_co~a_d8 |   .3156244   .0144022    21.92   0.000     .2873953    .3438535
wealth_corei~9 |   .3090421    .014399    21.46   0.000     .2808191     .337265
wealth_c~a_d10 |   .3370777   .0145092    23.23   0.000     .3086388    .3655165
         _cons |  -.3437154   .0288606   -11.91   0.000    -.4002838   -.2871471
--------------------------------------------------------------------------------

Linear regression                               Number of obs     =      3,664
                                                F(43, 670)        =          .
                                                Prob > F          =          .
                                                R-squared         =     0.0486
                                                Root MSE          =     .78693

                                 (Std. err. adjusted for 671 clusters in hhidpn)
--------------------------------------------------------------------------------
               |               Robust
 r4_annual_w5_ | Coefficient  std. err.      t    P>|t|     [95% conf. interval]
---------------+----------------------------------------------------------------
      age_bin_ |
           30  |   .3700221   .1136467     3.26   0.001     .1468755    .5931687
           35  |   .3250204   .2588618     1.26   0.210    -.1832577    .8332984
           40  |    .378075   .1929122     1.96   0.050    -.0007103    .7568603
           45  |   .3740387   .1529736     2.45   0.015     .0736734     .674404
           50  |    .455824   .1096603     4.16   0.000     .2405048    .6711431
           55  |   .4433683    .095298     4.65   0.000     .2562496     .630487
           60  |     .50913   .0963268     5.29   0.000     .3199912    .6982687
           65  |   .5769471   .0982714     5.87   0.000     .3839901    .7699041
           70  |   .5314261   .1016616     5.23   0.000     .3318124    .7310398
           75  |   .5332261   .1096831     4.86   0.000     .3178621    .7485901
           80  |   .5425404   .1215018     4.47   0.000     .3039702    .7811105
           85  |   .7680851   .1597118     4.81   0.000     .4544892    1.081681
           90  |   .1170511   .2814985     0.42   0.678    -.4356743    .6697765
               |
      educ_yrs |  -.0066464    .006928    -0.96   0.338    -.0202495    .0069568
      2.gender |   -.027711   .0302461    -0.92   0.360    -.0870996    .0316776
               |
      race_eth |
            2  |   .1543542   .0488697     3.16   0.002     .0583979    .2503105
            3  |   .2518926   .0674928     3.73   0.000     .1193697    .3844155
            4  |   .1224978   .0797837     1.54   0.125    -.0341584     .279154
               |
       inlbrf_ |  -.0201529   .0318948    -0.63   0.528    -.0827786    .0424729
      married_ |  -.1063621   .0376925    -2.82   0.005    -.1803717   -.0323525
       born_us |   .0727543   .0492531     1.48   0.140    -.0239547    .1694632
               |
      censreg_ |
            2  |   .0043917   .0414202     0.11   0.916    -.0769374    .0857207
            3  |   .0666131   .0395875     1.68   0.093    -.0111175    .1443436
            4  |   .0190843   .0447256     0.43   0.670    -.0687349    .1069035
               |
          year |
         2004  |   .0302911   .0729774     0.42   0.678    -.1130008     .173583
         2006  |   .1889324   .0675886     2.80   0.005     .0562215    .3216432
         2008  |   .0120363   .0658437     0.18   0.855    -.1172486    .1413211
         2010  |  -.0079894   .0687606    -0.12   0.908    -.1430017    .1270229
         2012  |   .0306376    .063158     0.49   0.628    -.0933737     .154649
         2014  |   .1374895   .0675037     2.04   0.042     .0049452    .2700337
         2016  |   .1058461   .0654146     1.62   0.106    -.0225962    .2342885
         2018  |    .077116   .0667016     1.16   0.248    -.0538532    .2080852
         2020  |   .0707304   .0649055     1.09   0.276    -.0567122     .198173
         2022  |   .2197463   .0742918     2.96   0.003     .0738735    .3656192
               |
wealth_co~a_d2 |    .061318   .1641496     0.37   0.709    -.2609915    .3836275
wealth_corei~3 |    .051462    .116958     0.44   0.660    -.1781864    .2811103
wealth_co~a_d4 |   .3830166   .0980854     3.90   0.000     .1904248    .5756084
wealth_corei~5 |    .401786   .0865907     4.64   0.000     .2317642    .5718078
wealth_co~a_d6 |    .489959   .0868486     5.64   0.000     .3194307    .6604872
wealth_corei~7 |   .4211948   .0855294     4.92   0.000     .2532569    .5891326
wealth_co~a_d8 |   .4087701    .084267     4.85   0.000     .2433109    .5742294
wealth_corei~9 |    .404044    .084637     4.77   0.000     .2378583    .5702297
wealth_c~a_d10 |   .4171526   .0856496     4.87   0.000     .2489788    .5853265
trust_oth~2020 |   .0028138   .0073498     0.38   0.702    -.0116176    .0172451
         _cons |  -.6236689   .1395087    -4.47   0.000    -.8975959    -.349742
--------------------------------------------------------------------------------

Linear regression                               Number of obs     =      3,664
                                                F(44, 670)        =          .
                                                Prob > F          =          .
                                                R-squared         =     0.0491
                                                Root MSE          =     .78686

                                 (Std. err. adjusted for 671 clusters in hhidpn)
--------------------------------------------------------------------------------
               |               Robust
 r4_annual_w5_ | Coefficient  std. err.      t    P>|t|     [95% conf. interval]
---------------+----------------------------------------------------------------
      age_bin_ |
           30  |   .4002363   .1128447     3.55   0.000     .1786644    .6218081
           35  |    .329469    .262155     1.26   0.209    -.1852753    .8442133
           40  |   .3891785   .1867756     2.08   0.038     .0224424    .7559145
           45  |   .3896097   .1494212     2.61   0.009     .0962195    .6829999
           50  |    .472466   .1051794     4.49   0.000     .2659451     .678987
           55  |   .4577398   .0902502     5.07   0.000     .2805326    .6349471
           60  |   .5242572   .0913389     5.74   0.000     .3449123    .7036021
           65  |   .5904521   .0934623     6.32   0.000     .4069379    .7739663
           70  |   .5445561   .0963655     5.65   0.000     .3553414    .7337708
           75  |   .5446433   .1049966     5.19   0.000     .3384813    .7508053
           80  |   .5514784   .1163478     4.74   0.000     .3230283    .7799285
           85  |   .7744511    .156152     4.96   0.000     .4678448    1.081057
           90  |   .1176937   .2932584     0.40   0.688    -.4581224    .6935098
               |
      educ_yrs |  -.0057942   .0069569    -0.83   0.405     -.019454    .0078657
      2.gender |  -.0304004   .0301441    -1.01   0.314    -.0895887    .0287879
               |
      race_eth |
            2  |   .1506187   .0488881     3.08   0.002     .0546265     .246611
            3  |   .2534209   .0675567     3.75   0.000     .1207727    .3860692
            4  |   .1191196   .0796322     1.50   0.135    -.0372391    .2754783
               |
       inlbrf_ |  -.0193545   .0319008    -0.61   0.544    -.0819921    .0432831
      married_ |  -.1062479   .0376413    -2.82   0.005     -.180157   -.0323389
       born_us |   .0727899   .0493241     1.48   0.140    -.0240584    .1696383
               |
      censreg_ |
            2  |   .0048591   .0414669     0.12   0.907    -.0765616    .0862798
            3  |   .0660734   .0396946     1.66   0.096    -.0118674    .1440141
            4  |   .0225006   .0449145     0.50   0.617    -.0656895    .1106907
               |
          year |
         2004  |    .029176   .0728265     0.40   0.689    -.1138196    .1721715
         2006  |   .1897027   .0676383     2.80   0.005     .0568942    .3225112
         2008  |   .0132953   .0659283     0.20   0.840    -.1161556    .1427463
         2010  |  -.0066593   .0688845    -0.10   0.923    -.1419148    .1285962
         2012  |   .0318223   .0632135     0.50   0.615     -.092298    .1559427
         2014  |   .1383019   .0675803     2.05   0.041     .0056072    .2709965
         2016  |   .1071868   .0654541     1.64   0.102    -.0213331    .2357067
         2018  |   .0793385   .0668044     1.19   0.235    -.0518327    .2105097
         2020  |   .0733718   .0650967     1.13   0.260    -.0544463    .2011899
         2022  |   .2227877   .0743777     3.00   0.003     .0767462    .3688291
               |
wealth_co~a_d2 |    .063086   .1639329     0.38   0.700     -.258798      .38497
wealth_corei~3 |   .0514056   .1170508     0.44   0.661    -.1784249    .2812361
wealth_co~a_d4 |    .386436   .0982529     3.93   0.000     .1935154    .5793567
wealth_corei~5 |   .4075907   .0867597     4.70   0.000     .2372371    .5779442
wealth_co~a_d6 |   .4957214   .0869935     5.70   0.000     .3249086    .6665341
wealth_corei~7 |   .4269747   .0858328     4.97   0.000      .258441    .5955083
wealth_co~a_d8 |   .4163354   .0848155     4.91   0.000     .2497991    .5828716
wealth_corei~9 |    .411517   .0849024     4.85   0.000     .2448103    .5782238
wealth_c~a_d10 |   .4241329   .0858399     4.94   0.000     .2555852    .5926806
trust_oth~2020 |  -.0227564   .0233933    -0.97   0.331    -.0686893    .0231766
               |
            c. |
trust_oth~2020#|
            c. |
trust_oth~2020 |   .0021967   .0019973     1.10   0.272    -.0017251    .0061185
               |
         _cons |  -.5915925   .1365415    -4.33   0.000    -.8596933   -.3234917
--------------------------------------------------------------------------------
(output written to /Volumes/SSD PRO/Github-forks/Chp2-TrustandReturns/Code/Regres
> sions/Panel/panel_reg_r4_win.tex)
Wrote: /Volumes/SSD PRO/Github-forks/Chp2-TrustandReturns/Code/Regressions/Panel/
> panel_reg_r4_win.tex

--- Winsorized returns to net wealth ---

Linear regression                               Number of obs     =    102,091
                                                F(45, 21890)      =      75.16
                                                Prob > F          =     0.0000
                                                R-squared         =     0.0305
                                                Root MSE          =     .36985

                            (Std. err. adjusted for 21,891 clusters in hhidpn)
------------------------------------------------------------------------------
             |               Robust
r5_annual~5_ | Coefficient  std. err.      t    P>|t|     [95% conf. interval]
-------------+----------------------------------------------------------------
    age_bin_ |
         35  |   .0134633   .1407041     0.10   0.924    -.2623271    .2892536
         40  |  -.0162772   .1234894    -0.13   0.895    -.2583255     .225771
         45  |  -.0154219   .1209835    -0.13   0.899    -.2525583    .2217144
         50  |  -.0086059   .1197519    -0.07   0.943    -.2433283    .2261164
         55  |  -.0165932   .1193087    -0.14   0.889    -.2504469    .2172604
         60  |  -.0239996   .1192204    -0.20   0.840    -.2576802     .209681
         65  |   -.007181   .1192255    -0.06   0.952    -.2408716    .2265097
         70  |  -.0331724   .1192366    -0.28   0.781    -.2668847      .20054
         75  |  -.0450955   .1192541    -0.38   0.705    -.2788421     .188651
         80  |  -.0599215   .1192669    -0.50   0.615    -.2936934    .1738503
         85  |   -.062829   .1193058    -0.53   0.598    -.2966771     .171019
         90  |  -.0751402    .119457    -0.63   0.529    -.3092845    .1590042
         95  |  -.0586447   .1204207    -0.49   0.626     -.294678    .1773885
        100  |   .0387474   .1398263     0.28   0.782    -.2353223    .3128171
        105  |  -.6359266   .1244412    -5.11   0.000    -.8798403   -.3920128
             |
    educ_yrs |  -.0044269   .0004659    -9.50   0.000    -.0053401   -.0035137
    2.gender |   -.023615   .0024828    -9.51   0.000    -.0284816   -.0187485
             |
    race_eth |
          2  |   .0598269   .0044923    13.32   0.000     .0510218    .0686321
          3  |   .0309438   .0056704     5.46   0.000     .0198295    .0420582
          4  |   .0196818   .0082158     2.40   0.017     .0035784    .0357853
             |
     inlbrf_ |   .0317981   .0029272    10.86   0.000     .0260606    .0375355
    married_ |  -.0572826   .0027685   -20.69   0.000     -.062709   -.0518561
     born_us |   .0159304   .0047516     3.35   0.001     .0066169     .025244
             |
    censreg_ |
          2  |  -.0118869    .003853    -3.09   0.002     -.019439   -.0043348
          3  |  -.0020879   .0036713    -0.57   0.570    -.0092838    .0051081
          4  |  -.0007171   .0042515    -0.17   0.866    -.0090502    .0076161
             |
        year |
       2004  |    .016421   .0053171     3.09   0.002     .0059991    .0268429
       2006  |    .043471   .0048816     8.91   0.000     .0339028    .0530392
       2008  |  -.0312176   .0047825    -6.53   0.000    -.0405916   -.0218436
       2010  |  -.0785384   .0049234   -15.95   0.000    -.0881887   -.0688881
       2012  |  -.0414488   .0049203    -8.42   0.000    -.0510929   -.0318047
       2014  |   .0145702    .005236     2.78   0.005     .0043072    .0248332
       2016  |   .0101182   .0055518     1.82   0.068    -.0007636    .0210001
       2018  |   .0275593   .0055345     4.98   0.000     .0167113    .0384073
       2020  |   .0170176   .0057682     2.95   0.003     .0057116    .0283237
       2022  |   .1005434   .0064026    15.70   0.000     .0879939     .113093
             |
   wealth_d2 |   .0458555   .0128783     3.56   0.000     .0206131    .0710979
   wealth_d3 |   .0836758   .0106923     7.83   0.000     .0627182    .1046335
   wealth_d4 |   .0815834   .0102475     7.96   0.000     .0614975    .1016693
   wealth_d5 |   .0762596   .0101017     7.55   0.000     .0564596    .0960597
   wealth_d6 |   .0862199   .0100929     8.54   0.000      .066437    .1060027
   wealth_d7 |    .078986   .0100073     7.89   0.000      .059371     .098601
   wealth_d8 |   .0979697   .0100752     9.72   0.000     .0782216    .1177177
   wealth_d9 |   .1062506   .0100579    10.56   0.000     .0865365    .1259647
  wealth_d10 |   .1560562   .0101637    15.35   0.000     .1361346    .1759777
       _cons |   .1502792   .1199712     1.25   0.210     -.084873    .3854313
------------------------------------------------------------------------------

Linear regression                               Number of obs     =      2,899
                                                F(42, 572)        =          .
                                                Prob > F          =          .
                                                R-squared         =     0.0527
                                                Root MSE          =     .39291

                                 (Std. err. adjusted for 573 clusters in hhidpn)
--------------------------------------------------------------------------------
               |               Robust
 r5_annual_w5_ | Coefficient  std. err.      t    P>|t|     [95% conf. interval]
---------------+----------------------------------------------------------------
      age_bin_ |
           35  |   .7903402   .0394873    20.02   0.000     .7127824     .867898
           40  |   .4263369   .1962452     2.17   0.030     .0408878    .8117861
           45  |   .5857515   .1106564     5.29   0.000      .368409    .8030941
           50  |   .6667733   .0921058     7.24   0.000     .4858665      .84768
           55  |   .6333652   .0750426     8.44   0.000     .4859724    .7807579
           60  |   .6605708    .069679     9.48   0.000     .5237128    .7974288
           65  |   .6653502   .0695567     9.57   0.000     .5287325    .8019679
           70  |   .6023779   .0722001     8.34   0.000     .4605682    .7441876
           75  |   .6056168    .071366     8.49   0.000     .4654453    .7457882
           80  |   .5414084   .0780778     6.93   0.000     .3880542    .6947627
           85  |   .6346994    .089102     7.12   0.000     .4596924    .8097064
           90  |   .7895928   .3579317     2.21   0.028      .086572    1.492614
               |
      educ_yrs |  -.0075688   .0027752    -2.73   0.007    -.0130197    -.002118
      2.gender |  -.0290062   .0152102    -1.91   0.057    -.0588809    .0008685
               |
      race_eth |
            2  |   .0464064    .025601     1.81   0.070     -.003877    .0966898
            3  |  -.0106477   .0314264    -0.34   0.735    -.0723729    .0510774
            4  |   .0053823   .0355078     0.15   0.880    -.0643593    .0751239
               |
       inlbrf_ |   .0294853   .0155565     1.90   0.059    -.0010696    .0600402
      married_ |  -.0634818   .0187805    -3.38   0.001     -.100369   -.0265946
       born_us |   .0291023   .0218401     1.33   0.183    -.0137942    .0719989
               |
      censreg_ |
            2  |   .0065109   .0229547     0.28   0.777    -.0385749    .0515967
            3  |   .0373057   .0227905     1.64   0.102    -.0074575     .082069
            4  |    .052155   .0268269     1.94   0.052    -.0005361    .1048462
               |
          year |
         2004  |  -.0004139   .0473112    -0.01   0.993    -.0933387     .092511
         2006  |   .1146729   .0424632     2.70   0.007     .0312701    .1980758
         2008  |  -.0053812   .0432744    -0.12   0.901    -.0903773     .079615
         2010  |  -.0318736   .0422721    -0.75   0.451    -.1149011    .0511539
         2012  |   .0089987   .0398394     0.23   0.821    -.0692507     .087248
         2014  |   .0649117   .0397345     1.63   0.103    -.0131315     .142955
         2016  |   .0714589   .0424462     1.68   0.093    -.0119106    .1548283
         2018  |   .0690377   .0384041     1.80   0.073    -.0063926    .1444679
         2020  |   .0963261   .0387584     2.49   0.013        .0202    .1724522
         2022  |   .1983321   .0414036     4.79   0.000     .1170105    .2796536
               |
     wealth_d2 |  -.0746156   .0774916    -0.96   0.336    -.2268184    .0775871
     wealth_d3 |   .0647519   .0630089     1.03   0.305    -.0590052    .1885089
     wealth_d4 |   .0392683   .0593879     0.66   0.509    -.0773767    .1559132
     wealth_d5 |   .0704819   .0579679     1.22   0.225    -.0433739    .1843378
     wealth_d6 |   .0698953   .0581378     1.20   0.230    -.0442943    .1840849
     wealth_d7 |   .0425194    .058273     0.73   0.466    -.0719358    .1569746
     wealth_d8 |    .052322   .0566464     0.92   0.356    -.0589384    .1635824
     wealth_d9 |    .103646   .0567463     1.83   0.068    -.0078106    .2151026
    wealth_d10 |   .1134639   .0574561     1.97   0.049     .0006131    .2263146
trust_oth~2020 |   .0063155    .002605     2.42   0.016     .0011989    .0114321
         _cons |  -.5559688   .0597682    -9.30   0.000    -.6733608   -.4385768
--------------------------------------------------------------------------------

Linear regression                               Number of obs     =      2,899
                                                F(44, 572)        =     435.64
                                                Prob > F          =     0.0000
                                                R-squared         =     0.0543
                                                Root MSE          =     .39265

                                 (Std. err. adjusted for 573 clusters in hhidpn)
--------------------------------------------------------------------------------
               |               Robust
 r5_annual_w5_ | Coefficient  std. err.      t    P>|t|     [95% conf. interval]
---------------+----------------------------------------------------------------
      age_bin_ |
           35  |    .765984   .0456668    16.77   0.000     .6762889    .8556791
           40  |   .3856175   .1917471     2.01   0.045     .0090033    .7622317
           45  |   .5330412     .11374     4.69   0.000     .3096422    .7564401
           50  |   .6163311    .093999     6.56   0.000     .4317059    .8009564
           55  |   .5860962   .0771368     7.60   0.000     .4345903    .7376021
           60  |   .6123308   .0721466     8.49   0.000     .4706263    .7540353
           65  |   .6182926   .0717378     8.62   0.000      .477391    .7591942
           70  |   .5570148   .0739864     7.53   0.000     .4116967    .7023329
           75  |   .5608399     .07282     7.70   0.000     .4178128     .703867
           80  |   .4996142   .0790459     6.32   0.000     .3443586    .6548698
           85  |   .5966617   .0888169     6.72   0.000     .4222146    .7711088
           90  |   .7571426   .3555328     2.13   0.034     .0588336    1.455452
               |
      educ_yrs |  -.0090784   .0029271    -3.10   0.002    -.0148274   -.0033293
      2.gender |  -.0263736   .0151678    -1.74   0.083    -.0561649    .0034178
               |
      race_eth |
            2  |   .0499594   .0256393     1.95   0.052    -.0003993     .100318
            3  |  -.0105513   .0311929    -0.34   0.735    -.0718178    .0507152
            4  |   .0122595   .0356821     0.34   0.731    -.0578244    .0823435
               |
       inlbrf_ |   .0296231   .0155697     1.90   0.058    -.0009577    .0602039
      married_ |  -.0626094   .0187174    -3.34   0.001    -.0993726   -.0258461
       born_us |   .0294021   .0218463     1.35   0.179    -.0135065    .0723108
               |
      censreg_ |
            2  |   .0056537   .0227544     0.25   0.804    -.0390388    .0503461
            3  |   .0372442   .0224309     1.66   0.097    -.0068129    .0813012
            4  |   .0482111   .0268212     1.80   0.073    -.0044689    .1008911
               |
          year |
         2004  |  -.0014423   .0473315    -0.03   0.976     -.094407    .0915224
         2006  |   .1119936   .0424646     2.64   0.009      .028588    .1953991
         2008  |  -.0084452   .0433539    -0.19   0.846    -.0935975    .0767071
         2010  |  -.0354124   .0422517    -0.84   0.402    -.1183998     .047575
         2012  |   .0051919   .0398246     0.13   0.896    -.0730284    .0834121
         2014  |   .0609111    .039854     1.53   0.127     -.017367    .1391892
         2016  |   .0677109   .0425091     1.59   0.112    -.0157821    .1512038
         2018  |   .0651778   .0384224     1.70   0.090    -.0102884    .1406441
         2020  |   .0920966   .0387919     2.37   0.018     .0159047    .1682885
         2022  |   .1921495   .0414285     4.64   0.000     .1107789    .2735201
               |
     wealth_d2 |  -.0742468   .0772711    -0.96   0.337    -.2260164    .0775228
     wealth_d3 |   .0656582   .0628613     1.04   0.297     -.057809    .1891254
     wealth_d4 |   .0405115   .0593207     0.68   0.495    -.0760016    .1570245
     wealth_d5 |    .070849   .0577964     1.23   0.221      -.04267    .1843679
     wealth_d6 |   .0725232   .0579614     1.25   0.211    -.0413201    .1863664
     wealth_d7 |   .0400996   .0582836     0.69   0.492    -.0743764    .1545756
     wealth_d8 |   .0507527   .0565606     0.90   0.370    -.0603391    .1618445
     wealth_d9 |   .1030524   .0566923     1.82   0.070     -.008298    .2144028
    wealth_d10 |    .112412   .0574052     1.96   0.051    -.0003387    .2251627
trust_oth~2020 |   .0278814   .0092692     3.01   0.003     .0096755    .0460872
               |
            c. |
trust_oth~2020#|
            c. |
trust_oth~2020 |  -.0018782   .0007955    -2.36   0.019    -.0034406   -.0003159
               |
         _cons |  -.5392013   .0610674    -8.83   0.000    -.6591451   -.4192576
--------------------------------------------------------------------------------
(output written to /Volumes/SSD PRO/Github-forks/Chp2-TrustandReturns/Code/Regres
> sions/Panel/panel_reg_r5_win.tex)
Wrote: /Volumes/SSD PRO/Github-forks/Chp2-TrustandReturns/Code/Regressions/Panel/
> panel_reg_r5_win.tex

. 
. eststo clear

. di as txt "Done. Tables in ${REGRESSIONS}/Panel/"
Done. Tables in /Volumes/SSD PRO/Github-forks/Chp2-TrustandReturns/Code/Regressio
> ns/Panel/

. log close
      name:  <unnamed>
       log:  /Volumes/SSD PRO/Github-forks/Chp2-TrustandReturns/Notes/Logs/14_pan
> el_reg_ret.log
  log type:  text
 closed on:  20 Feb 2026, 10:12:05
---------------------------------------------------------------------------------
