---------------------------------------------------------------------------------
      name:  <unnamed>
       log:  /Volumes/SSD PRO/Github-forks/Chp2-TrustandReturns/Notes/Logs/14_pan
> el_reg_ret.log
  log type:  text
 opened on:  17 Feb 2026, 17:16:51

. 
. capture which esttab

. if _rc ssc install estout, replace

. 
. * ----------------------------------------------------------------------
. * Load long panel
. * ----------------------------------------------------------------------
. use "${PROCESSED}/analysis_final_long_unbalanced.dta", clear

. set showbaselevels off

. 
. * censreg (census region) created upstream in 10_build_panel
. xtset hhidpn year

Panel variable: hhidpn (strongly balanced)
 Time variable: year, 2000 to 2022, but with gaps
         Delta: 1 unit

. 
. * Return variables: raw (r*_annual_nw) required for 14; winsorized (r*_annual_w
> 5) for _win tables
. * Fail fast if raw vars missing — indicates upstream pipeline failure (10 shoul
> d have exited 198).
. foreach v in r1_annual_nw r4_annual_nw r5_annual_nw {
  2.     capture confirm variable `v'
  3.     if _rc {
  4.         display as error "14_panel_reg_ret: `v' not found in long panel. Run
>  02, 03, 04, 05, 10 in order."
  5.         log close
  6.         exit 198
  7.     }
  8.     quietly count if !missing(`v')
  9.     display "14_panel_reg_ret: `v' nonmissing N = " %9.0f r(N)
 10. }
14_panel_reg_ret: r1_annual_nw nonmissing N =    132751
14_panel_reg_ret: r4_annual_nw nonmissing N =     64650
14_panel_reg_ret: r5_annual_nw nonmissing N =    137646

. 
. capture confirm variable r1_annual_win

. local has_r1_win = (_rc == 0)

. capture confirm variable r4_annual_win

. local has_r4_win = (_rc == 0)

. capture confirm variable r5_annual_win

. local has_r5_win = (_rc == 0)

. capture confirm variable r1_annual_w5

. local has_r1_w5 = (_rc == 0)

. capture confirm variable r4_annual_w5

. local has_r4_w5 = (_rc == 0)

. capture confirm variable r5_annual_w5

. local has_r5_w5 = (_rc == 0)

. 
. local r1_raw "r1_annual_nw"

. local r4_raw "r4_annual_nw"

. local r5_raw "r5_annual_nw"

. 
. * Trust (time-invariant)
. local trust_var "trust_others_2020"

. 
. * Base controls (all specs): age bins, region dummies, year dummies
. local base_ctrl "i.age_bin educ_yrs i.gender i.race_eth inlbrf married born_us 
> i.censreg i.year"

. 
. * Build scope-specific control lists (wealth deciles)
. local ctrl_r1 "`base_ctrl'"

. local ctrl_r4 "`base_ctrl'"

. local ctrl_r5 "`base_ctrl'"

. forvalues d = 2/10 {
  2.     capture confirm variable wealth_core_d`d'
  3.     if !_rc local ctrl_r1 "`ctrl_r1' wealth_core_d`d'"
  4.     capture confirm variable wealth_coreira_d`d'
  5.     if !_rc local ctrl_r4 "`ctrl_r4' wealth_coreira_d`d'"
  6.     capture confirm variable wealth_d`d'
  7.     if !_rc local ctrl_r5 "`ctrl_r5' wealth_d`d'"
  8. }

. 
. * ----------------------------------------------------------------------
. * Raw tables: panel_reg_r1.tex, panel_reg_r4.tex, panel_reg_r5.tex
. * ----------------------------------------------------------------------
. foreach ret in r1 r4 r5 {
  2.     local yvar ""
  3.     local ctrl ""
  4.     local ret_label ""
  5.     if "`ret'" == "r1" {
  6.         local yvar "`r1_raw'"
  7.         local ctrl "`ctrl_r1'"
  8.         local ret_label "returns to core"
  9.     }
 10.     if "`ret'" == "r4" {
 11.         local yvar "`r4_raw'"
 12.         local ctrl "`ctrl_r4'"
 13.         local ret_label "returns to core+IRA"
 14.     }
 15.     if "`ret'" == "r5" {
 16.         local yvar "`r5_raw'"
 17.         local ctrl "`ctrl_r5'"
 18.         local ret_label "returns to net wealth"
 19.     }
 20.     * raw vars guaranteed by 10; fail-fast above if missing
.     eststo clear
 21.     di as txt _n "--- Raw `ret_label' ---"
 22.     eststo m1: regress `yvar' `ctrl' if !missing(`yvar'), vce(cluster hhidpn
> )
 23.     * Keep only main coefficients (explicit list; age, year, censreg, wealth
>  omitted)
.     local keep_list "educ_yrs 2.gender 2.race_eth 3.race_eth 4.race_eth inlbrf_
>  married_ born_us `trust_var' c.`trust_var'#c.`trust_var' _cons"
 24.     eststo m2: regress `yvar' `ctrl' c.`trust_var' if !missing(`yvar') & !mi
> ssing(`trust_var'), vce(cluster hhidpn)
 25.     eststo m3: regress `yvar' `ctrl' c.`trust_var' c.`trust_var'#c.`trust_va
> r' if !missing(`yvar') & !missing(`trust_var'), vce(cluster hhidpn)
 26.     quietly testparm c.`trust_var' c.`trust_var'#c.`trust_var'
 27.     estadd scalar p_joint_trust = r(p) : m3
 28. 
.     local outfile "${REGRESSIONS}/Panel/panel_reg_`ret'.tex"
 29.     esttab m1 m2 m3 using "`outfile'", replace ///
>         booktabs ///
>         mtitles("(1)" "(2)" "(3)") ///
>         se star(* 0.10 ** 0.05 *** 0.01) b(2) se(2) label ///
>         keep(`keep_list') ///
>         varlabels(educ_yrs "Years of education" 2.gender "Female" 2.race_eth "N
> H Black" 3.race_eth "Hispanic" 4.race_eth "NH Other" inlbrf_ "Employed" married
> _ "Married" born_us "Born in U.S." `trust_var' "Trust" c.`trust_var'#c.`trust_v
> ar' "Trust²") ///
>         stats(N r2_a p_joint_trust, labels("Observations" "Adj. R-squared" "Joi
> nt test: Trust+Trust² p-value")) ///
>         title("Panel: `ret_label' (raw)") ///
>         addnotes("Cluster-robust SE in parentheses. Age bins (5-yr), wealth dec
> iles, region dummies, and year dummies omitted from table but included in regre
> ssions.") ///
>         alignment(D{{.}}{{.}}{{-1}}) width(0.85\hsize) nonumbers
 30. 
.     di as txt "Wrote: `outfile'"
 31. }

--- Raw returns to core ---

Linear regression                               Number of obs     =    129,298
                                                F(47, 27183)      =     321.55
                                                Prob > F          =     0.0000
                                                R-squared         =     0.0814
                                                Root MSE          =     1.5407

                              (Std. err. adjusted for 27,184 clusters in hhidpn)
--------------------------------------------------------------------------------
               |               Robust
  r1_annual_nw | Coefficient  std. err.      t    P>|t|     [95% conf. interval]
---------------+----------------------------------------------------------------
      age_bin_ |
           25  |    1.37473   .5839837     2.35   0.019     .2300925    2.519368
           30  |   .9667107   .2267425     4.26   0.000     .5222838    1.411138
           35  |   .8380621   .1445521     5.80   0.000     .5547325    1.121392
           40  |   .7561285   .0840134     9.00   0.000     .5914579    .9207991
           45  |    .784921   .0565137    13.89   0.000     .6741512    .8956907
           50  |   .7836006    .039945    19.62   0.000     .7053064    .8618948
           55  |   .7212058   .0340427    21.19   0.000     .6544805    .7879312
           60  |    .624734   .0336293    18.58   0.000     .5588189    .6906492
           65  |   .5541628   .0349068    15.88   0.000     .4857437    .6225819
           70  |   .4815443   .0342923    14.04   0.000     .4143296    .5487589
           75  |   .4668361   .0345037    13.53   0.000      .399207    .5344652
           80  |   .4201847   .0346968    12.11   0.000     .3521772    .4881922
           85  |   .4376279   .0365452    11.97   0.000     .3659974    .5092584
           90  |   .4094577    .041389     9.89   0.000     .3283331    .4905823
           95  |   .4783726   .0690768     6.93   0.000     .3429786    .6137666
          100  |   .5007541   .2090091     2.40   0.017     .0910855    .9104227
          105  |    .380786   .3078222     1.24   0.216    -.2225612    .9841333
               |
      educ_yrs |  -.0259521   .0019938   -13.02   0.000      -.02986   -.0220442
      2.gender |  -.0029355   .0098543    -0.30   0.766    -.0222505    .0163794
               |
      race_eth |
            2  |   .2408289   .0164322    14.66   0.000      .208621    .2730368
            3  |   .1670954   .0262482     6.37   0.000     .1156476    .2185431
            4  |    .026962   .0303225     0.89   0.374    -.0324717    .0863958
               |
       inlbrf_ |   .1357989   .0114894    11.82   0.000     .1132792    .1583187
      married_ |   -.070438   .0107826    -6.53   0.000    -.0915724   -.0493036
       born_us |  -.0195371   .0214794    -0.91   0.363    -.0616378    .0225636
               |
      censreg_ |
            2  |  -.0349852   .0143653    -2.44   0.015    -.0631419   -.0068285
            3  |   .0024694   .0136839     0.18   0.857    -.0243516    .0292905
            4  |   .0321774   .0163004     1.97   0.048     .0002278     .064127
               |
          year |
         2004  |  -.0413356   .0177507    -2.33   0.020    -.0761279   -.0065433
         2006  |  -.0217167   .0183711    -1.18   0.237    -.0577249    .0142916
         2008  |   .0068147   .0181274     0.38   0.707    -.0287159    .0423453
         2010  |  -.1571064   .0187958    -8.36   0.000     -.193947   -.1202658
         2012  |  -.1548721   .0178004    -8.70   0.000    -.1897618   -.1199824
         2014  |  -.0697846   .0194964    -3.58   0.000    -.1079985   -.0315707
         2016  |   -.119092   .0194314    -6.13   0.000    -.1571786   -.0810054
         2018  |  -.0967284   .0210956    -4.59   0.000    -.1380768   -.0553801
         2020  |  -.0461238   .0207987    -2.22   0.027    -.0868903   -.0053574
         2022  |  -.0266838   .0230003    -1.16   0.246    -.0717655    .0183979
               |
wealth_c~e_d2_ |   .1988433   .0219793     9.05   0.000     .1557627    .2419238
wealth_c~e_d3_ |   .5303922    .016592    31.97   0.000     .4978711    .5629134
wealth_c~e_d4_ |   .7922279   .0140429    56.41   0.000      .764703    .8197528
wealth_c~e_d5_ |   1.018313   .0145069    70.20   0.000     .9898793    1.046748
wealth_c~e_d6_ |   1.225496   .0154455    79.34   0.000     1.195222     1.25577
wealth_c~e_d7_ |   1.412336   .0171559    82.32   0.000     1.378709    1.445962
wealth_c~e_d8_ |   1.549758   .0191856    80.78   0.000     1.512154    1.587363
wealth_c~e_d9_ |   1.633647   .0217218    75.21   0.000     1.591071    1.676223
wealth_~e_d10_ |   1.593358   .0240766    66.18   0.000     1.546166    1.640549
         _cons |    -1.0598   .0548635   -19.32   0.000    -1.167335   -.9522642
--------------------------------------------------------------------------------

Linear regression                               Number of obs     =      3,906
                                                F(43, 722)        =          .
                                                Prob > F          =          .
                                                R-squared         =     0.0837
                                                Root MSE          =      1.741

                                 (Std. err. adjusted for 723 clusters in hhidpn)
--------------------------------------------------------------------------------
               |               Robust
  r1_annual_nw | Coefficient  std. err.      t    P>|t|     [95% conf. interval]
---------------+----------------------------------------------------------------
      age_bin_ |
           30  |   .1877166   .3656124     0.51   0.608    -.5300739     .905507
           35  |   .0476997   .3940404     0.12   0.904    -.7259021    .8213014
           40  |   .1294029   .3683196     0.35   0.725    -.5937025    .8525083
           45  |   .2894726   .3919893     0.74   0.460    -.4801025    1.059048
           50  |   .3117004   .3783895     0.82   0.410    -.4311746    1.054575
           55  |   .3127998   .3652306     0.86   0.392    -.4042411    1.029841
           60  |   .2111975   .3560324     0.59   0.553     -.487785    .9101799
           65  |   .1781813   .3583482     0.50   0.619    -.5253475    .8817102
           70  |   .0183254   .3576855     0.05   0.959    -.6839026    .7205533
           75  |   .0032192   .3648684     0.01   0.993    -.7131105    .7195489
           80  |   .0847392   .3790237     0.22   0.823     -.659381    .8288595
           85  |   .6927476    .571072     1.21   0.226    -.4284125    1.813908
           90  |  -.1496745   .4039301    -0.37   0.711    -.9426924    .6433433
               |
      educ_yrs |  -.0241388   .0124669    -1.94   0.053    -.0486145     .000337
      2.gender |   .0869316   .0656529     1.32   0.186    -.0419618    .2158249
               |
      race_eth |
            2  |   .3647408   .1032735     3.53   0.000     .1619885     .567493
            3  |   .4394069   .1498386     2.93   0.003     .1452356    .7335783
            4  |   .1756229   .1655038     1.06   0.289    -.1493033    .5005491
               |
       inlbrf_ |   .1050934   .0643385     1.63   0.103    -.0212195    .2314064
      married_ |  -.0223291   .0700152    -0.32   0.750    -.1597868    .1151286
       born_us |   .1211952    .103921     1.17   0.244    -.0828284    .3252187
               |
      censreg_ |
            2  |   -.050211   .0888079    -0.57   0.572    -.2245636    .1241415
            3  |   .0622533   .0862211     0.72   0.471    -.1070208    .2315273
            4  |   .1259414   .1074145     1.17   0.241    -.0849408    .3368235
               |
          year |
         2004  |  -.0919749   .1425919    -0.65   0.519    -.3719192    .1879695
         2006  |   .2151891    .126345     1.70   0.089    -.0328583    .4632365
         2008  |  -.0568234   .1164401    -0.49   0.626    -.2854251    .1717783
         2010  |    .102096   .1720382     0.59   0.553    -.2356589    .4398508
         2012  |  -.1079912   .1354799    -0.80   0.426    -.3739727    .1579904
         2014  |   .0678254    .129829     0.52   0.602     -.187062    .3227129
         2016  |   -.055053   .1289335    -0.43   0.670    -.3081823    .1980763
         2018  |  -.0215547   .1456891    -0.15   0.882    -.3075796    .2644703
         2020  |  -.0797709   .1248757    -0.64   0.523    -.3249337    .1653919
         2022  |   .1354585   .1484896     0.91   0.362    -.1560644    .4269814
               |
wealth_c~e_d2_ |   .1841128   .1511342     1.22   0.224    -.1126022    .4808277
wealth_c~e_d3_ |   .5095919   .1330705     3.83   0.000     .2483406    .7708432
wealth_c~e_d4_ |   .7967498   .0919619     8.66   0.000     .6162051    .9772944
wealth_c~e_d5_ |   .9506522   .0932133    10.20   0.000     .7676508    1.133654
wealth_c~e_d6_ |   1.182007     .10484    11.27   0.000     .9761793    1.387835
wealth_c~e_d7_ |   1.540445   .1243668    12.39   0.000     1.296281    1.784609
wealth_c~e_d8_ |   1.488708   .1257201    11.84   0.000     1.241887    1.735528
wealth_c~e_d9_ |   1.693058   .1460851    11.59   0.000     1.406256     1.97986
wealth_~e_d10_ |   1.900759   .2185717     8.70   0.000     1.471647    2.329871
trust_oth~2020 |  -.0031916   .0144803    -0.22   0.826    -.0316202     .025237
         _cons |  -1.051034   .4239687    -2.48   0.013    -1.883392   -.2186749
--------------------------------------------------------------------------------

Linear regression                               Number of obs     =      3,906
                                                F(44, 722)        =          .
                                                Prob > F          =          .
                                                R-squared         =     0.0844
                                                Root MSE          =     1.7406

                                 (Std. err. adjusted for 723 clusters in hhidpn)
--------------------------------------------------------------------------------
               |               Robust
  r1_annual_nw | Coefficient  std. err.      t    P>|t|     [95% conf. interval]
---------------+----------------------------------------------------------------
      age_bin_ |
           30  |   .2942696   .3308643     0.89   0.374    -.3553015    .9438406
           35  |   .0813406   .3616095     0.22   0.822    -.6285911    .7912724
           40  |   .1893537   .3209086     0.59   0.555    -.4406717    .8193791
           45  |   .3607643   .3499199     1.03   0.303    -.3262177    1.047746
           50  |   .3816932   .3376157     1.13   0.259    -.2811326    1.044519
           55  |   .3800373    .323281     1.18   0.240    -.2546458     1.01472
           60  |   .2777859   .3102666     0.90   0.371    -.3313467    .8869184
           65  |   .2403211   .3118132     0.77   0.441    -.3718477    .8524899
           70  |   .0798798   .3119131     0.26   0.798    -.5324851    .6922447
           75  |   .0600369   .3185203     0.19   0.851    -.5652997    .6853735
           80  |   .1323408   .3331801     0.40   0.691    -.5217768    .7864583
           85  |   .7367389   .5408496     1.36   0.174    -.3250869    1.798565
           90  |  -.1281298   .3668616    -0.35   0.727    -.8483726    .5921131
               |
      educ_yrs |  -.0208726   .0126587    -1.65   0.100    -.0457248    .0039796
      2.gender |   .0816023   .0645256     1.26   0.206    -.0450779    .2082824
               |
      race_eth |
            2  |   .3564403   .1034425     3.45   0.001     .1533563    .5595242
            3  |   .4429248   .1493821     2.97   0.003     .1496496       .7362
            4  |   .1661381   .1663176     1.00   0.318    -.1603857    .4926619
               |
       inlbrf_ |    .106706   .0647255     1.65   0.100    -.0203666    .2337786
      married_ |  -.0195758   .0697273    -0.28   0.779    -.1564681    .1173166
       born_us |   .1228253   .1036055     1.19   0.236    -.0805787    .3262294
               |
      censreg_ |
            2  |   -.050621   .0889131    -0.57   0.569    -.2251801    .1239382
            3  |   .0603138   .0861686     0.70   0.484    -.1088572    .2294849
            4  |   .1326104   .1067625     1.24   0.215    -.0769916    .3422125
               |
          year |
         2004  |  -.0941572   .1423502    -0.66   0.509    -.3736269    .1853126
         2006  |   .2191156     .12622     1.74   0.083    -.0286864    .4669176
         2008  |  -.0515678   .1160792    -0.44   0.657    -.2794609    .1763253
         2010  |   .1046062   .1718155     0.61   0.543    -.2327116    .4419239
         2012  |   -.104058   .1355822    -0.77   0.443    -.3702405    .1621245
         2014  |   .0712698   .1294491     0.55   0.582    -.1828719    .3254114
         2016  |  -.0504618   .1289728    -0.39   0.696    -.3036683    .2027447
         2018  |  -.0149427   .1455194    -0.10   0.918    -.3006344     .270749
         2020  |  -.0723441    .124713    -0.58   0.562    -.3171875    .1724992
         2022  |   .1450295   .1483544     0.98   0.329     -.146228    .4362869
               |
wealth_c~e_d2_ |   .1810429   .1530405     1.18   0.237    -.1194145    .4815004
wealth_c~e_d3_ |   .5060776   .1339572     3.78   0.000     .2430855    .7690697
wealth_c~e_d4_ |   .8021283   .0920066     8.72   0.000     .6214958    .9827608
wealth_c~e_d5_ |   .9656219   .0932246    10.36   0.000     .7825983    1.148645
wealth_c~e_d6_ |     1.1959   .1054554    11.34   0.000     .9888638    1.402935
wealth_c~e_d7_ |   1.552939   .1248252    12.44   0.000     1.307875    1.798003
wealth_c~e_d8_ |   1.498574   .1263333    11.86   0.000     1.250549    1.746598
wealth_c~e_d9_ |   1.707635   .1472752    11.59   0.000     1.418496    1.996773
wealth_~e_d10_ |   1.913898   .2198948     8.70   0.000     1.482188    2.345608
trust_oth~2020 |  -.0731487   .0504176    -1.45   0.147    -.1721312    .0258339
               |
            c. |
trust_oth~2020#|
            c. |
trust_oth~2020 |   .0060474   .0041593     1.45   0.146    -.0021184    .0142133
               |
         _cons |  -1.002432   .3766236    -2.66   0.008     -1.74184   -.2630238
--------------------------------------------------------------------------------
(output written to /Volumes/SSD PRO/Github-forks/Chp2-TrustandReturns/Code/Regres
> sions/Panel/panel_reg_r1.tex)
Wrote: /Volumes/SSD PRO/Github-forks/Chp2-TrustandReturns/Code/Regressions/Panel/
> panel_reg_r1.tex

--- Raw returns to core+IRA ---

Linear regression                               Number of obs     =     63,676
                                                F(45, 14388)      =      66.28
                                                Prob > F          =     0.0000
                                                R-squared         =     0.0549
                                                Root MSE          =     .63323

                              (Std. err. adjusted for 14,389 clusters in hhidpn)
--------------------------------------------------------------------------------
               |               Robust
  r4_annual_nw | Coefficient  std. err.      t    P>|t|     [95% conf. interval]
---------------+----------------------------------------------------------------
      age_bin_ |
           30  |  -1.671994   1.244465    -1.34   0.179    -4.111305    .7673181
           35  |  -1.636424   1.278717    -1.28   0.201    -4.142873    .8700251
           40  |  -1.636706   1.276326    -1.28   0.200    -4.138469    .8650573
           45  |  -1.645037   1.275067    -1.29   0.197    -4.144333    .8542595
           50  |  -1.629616   1.274895    -1.28   0.201    -4.128576    .8693431
           55  |  -1.635706   1.274855    -1.28   0.199    -4.134587    .8631747
           60  |  -1.655627   1.274842    -1.30   0.194    -4.154483    .8432281
           65  |   -1.66017   1.274845    -1.30   0.193     -4.15903    .8386905
           70  |  -1.690161   1.274848    -1.33   0.185    -4.189026    .8087051
           75  |  -1.687853   1.274851    -1.32   0.186    -4.186725    .8110201
           80  |  -1.691771   1.274859    -1.33   0.185    -4.190659    .8071182
           85  |  -1.702687   1.274889    -1.34   0.182    -4.201633      .79626
           90  |  -1.666903   1.275069    -1.31   0.191    -4.166202     .832396
           95  |  -1.796365   1.276193    -1.41   0.159    -4.297867    .7051376
          100  |  -1.143554   1.338702    -0.85   0.393    -3.767582    1.480475
               |
      educ_yrs |  -.0128207   .0012639   -10.14   0.000    -.0152981   -.0103433
      2.gender |  -.0218785   .0054828    -3.99   0.000    -.0326255   -.0111315
               |
      race_eth |
            2  |   .1372758   .0163024     8.42   0.000      .105321    .1692307
            3  |   .0541792   .0153636     3.53   0.000     .0240645    .0842938
            4  |   .0000231   .0175514     0.00   0.999      -.03438    .0344262
               |
       inlbrf_ |   .0371711   .0063083     5.89   0.000      .024806    .0495363
      married_ |  -.0614628   .0066659    -9.22   0.000    -.0745288   -.0483968
       born_us |   -.003348   .0114052    -0.29   0.769    -.0257037    .0190077
               |
      censreg_ |
            2  |   -.017782   .0083859    -2.12   0.034    -.0342194   -.0013445
            3  |   -.014748   .0081318    -1.81   0.070    -.0306875    .0011914
            4  |  -.0187735   .0093101    -2.02   0.044    -.0370225   -.0005245
               |
          year |
         2004  |   .0420365   .0117523     3.58   0.000     .0190005    .0650724
         2006  |   .0591625   .0109952     5.38   0.000     .0376104    .0807145
         2008  |   .0249667   .0108382     2.30   0.021     .0037225    .0462109
         2010  |  -.0722572   .0107933    -6.69   0.000    -.0934134   -.0511011
         2012  |  -.0501256   .0105736    -4.74   0.000    -.0708513   -.0293999
         2014  |   .0015073   .0113854     0.13   0.895    -.0208096    .0238241
         2016  |   -.021744   .0121575    -1.79   0.074    -.0455743    .0020863
         2018  |  -.0054881   .0121248    -0.45   0.651    -.0292544    .0182782
         2020  |  -.0284848   .0119557    -2.38   0.017    -.0519195   -.0050501
         2022  |   .0198755   .0140278     1.42   0.157    -.0076209    .0473719
               |
wealth_c~a_d2_ |   .0512688   .0611164     0.84   0.402    -.0685272    .1710648
wealth_c~a_d3_ |   .1725224    .032966     5.23   0.000     .1079048      .23714
wealth_c~a_d4_ |   .3350834   .0286521    11.69   0.000     .2789216    .3912453
wealth_c~a_d5_ |   .5125157   .0249851    20.51   0.000     .4635416    .5614897
wealth_c~a_d6_ |   .6366696   .0241624    26.35   0.000     .5893081     .684031
wealth_c~a_d7_ |   .7141247   .0241235    29.60   0.000     .6668397    .7614098
wealth_c~a_d8_ |   .7625429   .0240386    31.72   0.000     .7154241    .8096616
wealth_c~a_d9_ |   .8189183   .0243666    33.61   0.000     .7711567    .8666799
wealth_~a_d10_ |   .8775937   .0246749    35.57   0.000     .8292277    .9259597
         _cons |   1.317921   1.275219     1.03   0.301    -1.181672    3.817514
--------------------------------------------------------------------------------

Linear regression                               Number of obs     =      1,992
                                                F(41, 402)        =       5.74
                                                Prob > F          =     0.0000
                                                R-squared         =     0.0774
                                                Root MSE          =     .62133

                                 (Std. err. adjusted for 403 clusters in hhidpn)
--------------------------------------------------------------------------------
               |               Robust
  r4_annual_nw | Coefficient  std. err.      t    P>|t|     [95% conf. interval]
---------------+----------------------------------------------------------------
      age_bin_ |
           40  |   -.255907   .2158868    -1.19   0.237    -.6803151     .168501
           45  |  -.2814308   .2859354    -0.98   0.326    -.8435463    .2806847
           50  |  -.0816553   .2667122    -0.31   0.760    -.6059801    .4426695
           55  |  -.0858049    .264077    -0.32   0.745    -.6049494    .4333395
           60  |  -.1279101   .2595784    -0.49   0.622    -.6382108    .3823906
           65  |  -.1294327    .261218    -0.50   0.621    -.6429566    .3840912
           70  |   -.202703   .2625857    -0.77   0.441    -.7189158    .3135098
           75  |  -.2387124   .2631817    -0.91   0.365    -.7560968     .278672
           80  |   -.179214   .2690529    -0.67   0.506    -.7081405    .3497124
           85  |  -.2067076   .2862829    -0.72   0.471    -.7695063     .356091
               |
      educ_yrs |  -.0195193   .0068791    -2.84   0.005    -.0330428   -.0059958
      2.gender |   .0019337   .0297701     0.06   0.948    -.0565907    .0604582
               |
      race_eth |
            2  |   .0620282   .0637924     0.97   0.331    -.0633803    .1874367
            3  |    .178721   .0978776     1.83   0.069    -.0136949     .371137
            4  |  -.0372537   .0587914    -0.63   0.527    -.1528308    .0783234
               |
       inlbrf_ |   .0293021   .0310543     0.94   0.346     -.031747    .0903512
      married_ |  -.0803629   .0402316    -2.00   0.046    -.1594536   -.0012722
       born_us |  -.0319166   .0514058    -0.62   0.535    -.1329744    .0691412
               |
      censreg_ |
            2  |  -.0240433   .0458241    -0.52   0.600    -.1141282    .0660415
            3  |  -.0200374   .0450241    -0.45   0.657    -.1085495    .0684748
            4  |  -.0296306   .0548226    -0.54   0.589    -.1374054    .0781443
               |
          year |
         2004  |  -.0931669   .0618241    -1.51   0.133    -.2147058     .028372
         2006  |    .157922   .0873385     1.81   0.071    -.0137753    .3296193
         2008  |  -.0786525   .0657966    -1.20   0.233    -.2080009     .050696
         2010  |   .0064021   .0938219     0.07   0.946    -.1780407    .1908449
         2012  |   -.065004   .0734364    -0.89   0.377    -.2093713    .0793633
         2014  |   .0411624   .0765272     0.54   0.591    -.1092812    .1916059
         2016  |   .0418033   .0753469     0.55   0.579    -.1063197    .1899264
         2018  |    -.01157   .0743371    -0.16   0.876    -.1577081    .1345681
         2020  |  -.0090292   .0746911    -0.12   0.904    -.1558631    .1378046
         2022  |   .0220182   .0727723     0.30   0.762    -.1210437    .1650801
               |
wealth_c~a_d2_ |  -.1383413   .1916122    -0.72   0.471    -.5150284    .2383459
wealth_c~a_d3_ |   .0054245   .2840579     0.02   0.985    -.5530001    .5638491
wealth_c~a_d4_ |   .1526512   .2112489     0.72   0.470    -.2626393    .5679417
wealth_c~a_d5_ |   .4365105   .1885133     2.32   0.021     .0659155    .8071055
wealth_c~a_d6_ |    .579108    .206775     2.80   0.005     .1726126    .9856033
wealth_c~a_d7_ |   .6278571    .198898     3.16   0.002     .2368469    1.018867
wealth_c~a_d8_ |    .657073   .1967952     3.34   0.001     .2701966    1.043949
wealth_c~a_d9_ |   .7718009   .1990313     3.88   0.000     .3805288    1.163073
wealth_~a_d10_ |   .8214289   .1977841     4.15   0.000     .4326086    1.210249
trust_oth~2020 |  -.0076318   .0074817    -1.02   0.308      -.02234    .0070763
         _cons |   .0542354   .3466153     0.16   0.876    -.6271697    .7356405
--------------------------------------------------------------------------------

Linear regression                               Number of obs     =      1,992
                                                F(42, 402)        =       5.58
                                                Prob > F          =     0.0000
                                                R-squared         =     0.0775
                                                Root MSE          =     .62144

                                 (Std. err. adjusted for 403 clusters in hhidpn)
--------------------------------------------------------------------------------
               |               Robust
  r4_annual_nw | Coefficient  std. err.      t    P>|t|     [95% conf. interval]
---------------+----------------------------------------------------------------
      age_bin_ |
           40  |  -.2546108   .2154197    -1.18   0.238    -.6781006    .1688791
           45  |  -.2747037   .2860995    -0.96   0.338    -.8371417    .2877343
           50  |  -.0768602   .2663585    -0.29   0.773    -.6004897    .4467693
           55  |  -.0792265   .2639169    -0.30   0.764    -.5980562    .4396032
           60  |  -.1218311   .2592149    -0.47   0.639    -.6314171     .387755
           65  |  -.1222934   .2609175    -0.47   0.640    -.6352266    .3906399
           70  |  -.1955915   .2622711    -0.75   0.456    -.7111857    .3200027
           75  |   -.231296   .2628454    -0.88   0.379    -.7480192    .2854272
           80  |   -.171731    .268923    -0.64   0.523    -.7004021    .3569401
           85  |  -.1972344   .2863136    -0.69   0.491    -.7600934    .3656245
               |
      educ_yrs |   -.020218   .0071312    -2.84   0.005    -.0342371   -.0061989
      2.gender |   .0033881   .0300684     0.11   0.910    -.0557229    .0624991
               |
      race_eth |
            2  |   .0630617   .0637777     0.99   0.323    -.0623178    .1884412
            3  |   .1776426   .0978333     1.82   0.070    -.0146862    .3699715
            4  |  -.0346363   .0591215    -0.59   0.558    -.1508621    .0815896
               |
       inlbrf_ |    .029396   .0310477     0.95   0.344    -.0316402    .0904322
      married_ |  -.0805844   .0402697    -2.00   0.046    -.1597499    -.001419
       born_us |  -.0333895   .0520988    -0.64   0.522    -.1358096    .0690306
               |
      censreg_ |
            2  |  -.0245985   .0458301    -0.54   0.592    -.1146951    .0654982
            3  |  -.0201107   .0449987    -0.45   0.655    -.1085729    .0683515
            4  |   -.032238     .05524    -0.58   0.560    -.1408334    .0763574
               |
          year |
         2004  |  -.0938229   .0617684    -1.52   0.130    -.2152524    .0276066
         2006  |   .1570964   .0870881     1.80   0.072    -.0141086    .3283015
         2008  |  -.0803041   .0656289    -1.22   0.222    -.2093228    .0487146
         2010  |   .0043198   .0936836     0.05   0.963    -.1798511    .1884907
         2012  |  -.0662214   .0732971    -0.90   0.367    -.2103149    .0778721
         2014  |   .0393933   .0761206     0.52   0.605     -.110251    .1890376
         2016  |    .039814   .0753616     0.53   0.598    -.1083381    .1879662
         2018  |  -.0133622   .0741349    -0.18   0.857    -.1591027    .1323784
         2020  |   -.011146   .0742651    -0.15   0.881    -.1571425    .1348504
         2022  |   .0193889   .0726831     0.27   0.790    -.1234975    .1622753
               |
wealth_c~a_d2_ |  -.1463514   .1917082    -0.76   0.446    -.5232273    .2305244
wealth_c~a_d3_ |   .0048807   .2837953     0.02   0.986    -.5530275     .562789
wealth_c~a_d4_ |   .1497415   .2123058     0.71   0.481    -.2676268    .5671097
wealth_c~a_d5_ |   .4319249   .1899125     2.27   0.023     .0585791    .8052706
wealth_c~a_d6_ |   .5729684   .2084836     2.75   0.006      .163114    .9828228
wealth_c~a_d7_ |   .6224002   .2001479     3.11   0.002     .2289328    1.015868
wealth_c~a_d8_ |   .6513473   .1980707     3.29   0.001     .2619636    1.040731
wealth_c~a_d9_ |   .7662462   .2004849     3.82   0.000     .3721164    1.160376
wealth_~a_d10_ |   .8168296    .198952     4.11   0.000     .4257133    1.207946
trust_oth~2020 |   .0076346   .0290578     0.26   0.793    -.0494896    .0647588
               |
            c. |
trust_oth~2020#|
            c. |
trust_oth~2020 |  -.0012133   .0022132    -0.55   0.584    -.0055642    .0031377
               |
         _cons |   .0219094   .3464644     0.06   0.950    -.6591991    .7030178
--------------------------------------------------------------------------------
(output written to /Volumes/SSD PRO/Github-forks/Chp2-TrustandReturns/Code/Regres
> sions/Panel/panel_reg_r4.tex)
Wrote: /Volumes/SSD PRO/Github-forks/Chp2-TrustandReturns/Code/Regressions/Panel/
> panel_reg_r4.tex

--- Raw returns to net wealth ---

Linear regression                               Number of obs     =    102,179
                                                F(45, 21919)      =      32.73
                                                Prob > F          =     0.0000
                                                R-squared         =     0.0176
                                                Root MSE          =     .65549

                            (Std. err. adjusted for 21,920 clusters in hhidpn)
------------------------------------------------------------------------------
             |               Robust
r5_annual_nw | Coefficient  std. err.      t    P>|t|     [95% conf. interval]
-------------+----------------------------------------------------------------
    age_bin_ |
         35  |   .0637237   .1652835     0.39   0.700    -.2602439    .3876913
         40  |   .1308979   .1484756     0.88   0.378    -.1601249    .4219208
         45  |   .0804575   .1335337     0.60   0.547    -.1812782    .3421932
         50  |   .0914575   .1310644     0.70   0.485    -.1654383    .3483533
         55  |   .0790343   .1297016     0.61   0.542    -.1751902    .3332588
         60  |   .0550292   .1293448     0.43   0.671     -.198496    .3085544
         65  |   .0514607   .1293972     0.40   0.691    -.2021672    .3050886
         70  |   .0059553   .1293677     0.05   0.963    -.2476147    .2595253
         75  |  -.0077544   .1294547    -0.06   0.952     -.261495    .2459861
         80  |  -.0341534   .1294492    -0.26   0.792    -.2878831    .2195764
         85  |   -.025445   .1297542    -0.20   0.845    -.2797727    .2288827
         90  |  -.0381875   .1302106    -0.29   0.769    -.2934097    .2170346
         95  |  -.0040928   .1333318    -0.03   0.976    -.2654327    .2572471
        100  |   .0753025   .1632585     0.46   0.645     -.244696    .3953011
        105  |  -.7658437   .1740868    -4.40   0.000    -1.107066    -.424621
             |
    educ_yrs |  -.0051199   .0008551    -5.99   0.000    -.0067958   -.0034439
    2.gender |  -.0360883    .004521    -7.98   0.000    -.0449497   -.0272268
             |
    race_eth |
          2  |   .0915272   .0079193    11.56   0.000     .0760048    .1070497
          3  |   .0546701   .0156007     3.50   0.000     .0240915    .0852487
          4  |   .0297231   .0156234     1.90   0.057       -.0009    .0603462
             |
     inlbrf_ |   .0300362    .005268     5.70   0.000     .0197105    .0403618
    married_ |  -.0969943   .0054417   -17.82   0.000    -.1076603   -.0863282
     born_us |    .007328   .0108979     0.67   0.501    -.0140327    .0286888
             |
    censreg_ |
          2  |  -.0184079   .0064011    -2.88   0.004    -.0309546   -.0058612
          3  |  -.0077277   .0061945    -1.25   0.212    -.0198694     .004414
          4  |   .0110766   .0078104     1.42   0.156    -.0042324    .0263855
             |
        year |
       2004  |   .0101968   .0086112     1.18   0.236    -.0066817    .0270753
       2006  |   .0454108   .0081266     5.59   0.000     .0294821    .0613394
       2008  |  -.0310624   .0080079    -3.88   0.000    -.0467583   -.0153664
       2010  |  -.0706231   .0098926    -7.14   0.000    -.0900133   -.0512329
       2012  |  -.0460406   .0085369    -5.39   0.000    -.0627735   -.0293077
       2014  |    .020566   .0090803     2.26   0.024      .002768     .038364
       2016  |   .0057647   .0090409     0.64   0.524     -.011956    .0234854
       2018  |   .0302894    .010201     2.97   0.003     .0102948    .0502841
       2020  |   .0183852   .0098804     1.86   0.063     -.000981    .0377515
       2022  |    .110594   .0111518     9.92   0.000     .0887356    .1324524
             |
  wealth_d2_ |   .0528611   .0176168     3.00   0.003     .0183308    .0873914
  wealth_d3_ |   .1094767   .0147078     7.44   0.000     .0806484    .1383049
  wealth_d4_ |   .1208825    .014447     8.37   0.000     .0925654    .1491997
  wealth_d5_ |   .1167548   .0144856     8.06   0.000     .0883621    .1451476
  wealth_d6_ |   .1226305   .0144478     8.49   0.000     .0943117    .1509493
  wealth_d7_ |    .114687   .0145487     7.88   0.000     .0861705    .1432035
  wealth_d8_ |   .1318486   .0144785     9.11   0.000     .1034697    .1602274
  wealth_d9_ |   .1319542   .0144743     9.12   0.000     .1035836    .1603248
 wealth_d10_ |   .2111142   .0165608    12.75   0.000     .1786538    .2435745
       _cons |   .1564517   .1312933     1.19   0.233    -.1008925     .413796
------------------------------------------------------------------------------

Linear regression                               Number of obs     =      2,901
                                                F(42, 572)        =          .
                                                Prob > F          =          .
                                                R-squared         =     0.0409
                                                Root MSE          =     .64204

                                 (Std. err. adjusted for 573 clusters in hhidpn)
--------------------------------------------------------------------------------
               |               Robust
  r5_annual_nw | Coefficient  std. err.      t    P>|t|     [95% conf. interval]
---------------+----------------------------------------------------------------
      age_bin_ |
           35  |   .9587498   .0742213    12.92   0.000     .8129703    1.104529
           40  |   .6030012   .2673087     2.26   0.024     .0779749    1.128028
           45  |   .7519949   .1538317     4.89   0.000     .4498509    1.054139
           50  |   .9018132   .1408534     6.40   0.000     .6251603    1.178466
           55  |   .8609668   .1238811     6.95   0.000     .6176496    1.104284
           60  |    .909512   .1209106     7.52   0.000     .6720291    1.146995
           65  |   .8707616   .1153874     7.55   0.000     .6441269    1.097396
           70  |   .7754623   .1233437     6.29   0.000     .5332005    1.017724
           75  |   .7554266   .1192295     6.34   0.000     .5212455    .9896077
           80  |   .6641378   .1232357     5.39   0.000     .4220881    .9061875
           85  |   .8482264   .1587826     5.34   0.000     .5363584    1.160094
           90  |   .8414452    .420322     2.00   0.046     .0158825    1.667008
               |
      educ_yrs |  -.0069778   .0039679    -1.76   0.079    -.0147712    .0008157
      2.gender |  -.0444043   .0249435    -1.78   0.076    -.0933965    .0045878
               |
      race_eth |
            2  |    .069093    .041292     1.67   0.095    -.0120094    .1501954
            3  |  -.0235831   .0481616    -0.49   0.625    -.1181782     .071012
            4  |   .0538284   .0922452     0.58   0.560    -.1273521     .235009
               |
       inlbrf_ |   .0300531   .0268093     1.12   0.263    -.0226035    .0827098
      married_ |  -.0900777   .0293924    -3.06   0.002    -.1478079   -.0323476
       born_us |   .0455211   .0428462     1.06   0.288    -.0386341    .1296762
               |
      censreg_ |
            2  |   .0579364   .0354656     1.63   0.103    -.0117223    .1275951
            3  |   .0565941   .0304897     1.86   0.064    -.0032913    .1164796
            4  |    .153862     .04612     3.34   0.001     .0632768    .2444471
               |
          year |
         2004  |  -.0061284   .0617341    -0.10   0.921    -.1273815    .1151248
         2006  |   .1624318   .0631571     2.57   0.010     .0383836      .28648
         2008  |   .0336597    .064803     0.52   0.604    -.0936211    .1609405
         2010  |  -.0176539   .0589518    -0.30   0.765    -.1334423    .0981344
         2012  |   .0380943   .0572937     0.66   0.506    -.0744375     .150626
         2014  |   .1643496    .070412     2.33   0.020      .026052    .3026472
         2016  |   .1267784   .0670748     1.89   0.059    -.0049645    .2585213
         2018  |   .1280332   .0593861     2.16   0.032     .0113919    .2446746
         2020  |   .1591314    .060179     2.64   0.008     .0409326    .2773303
         2022  |   .2626659   .0607201     4.33   0.000     .1434044    .3819274
               |
    wealth_d2_ |  -.1666376   .1035686    -1.61   0.108    -.3700588    .0367836
    wealth_d3_ |    .021284    .089656     0.24   0.812    -.1548111    .1973792
    wealth_d4_ |   .0022293   .0869234     0.03   0.980    -.1684987    .1729572
    wealth_d5_ |   .0658718   .0919756     0.72   0.474    -.1147793    .2465228
    wealth_d6_ |    .017952   .0844485     0.21   0.832     -.147915    .1838191
    wealth_d7_ |   .0355465   .0959503     0.37   0.711    -.1529114    .2240043
    wealth_d8_ |   .0033716   .0851049     0.04   0.968    -.1637845    .1705278
    wealth_d9_ |   .0637876   .0866602     0.74   0.462    -.1064234    .2339986
   wealth_d10_ |   .0465505   .0859994     0.54   0.589    -.1223626    .2154636
trust_oth~2020 |   .0119441   .0042591     2.80   0.005     .0035786    .0203095
         _cons |  -.7828148   .1004697    -7.79   0.000    -.9801494   -.5854803
--------------------------------------------------------------------------------

Linear regression                               Number of obs     =      2,901
                                                F(43, 572)        =          .
                                                Prob > F          =          .
                                                R-squared         =     0.0423
                                                Root MSE          =     .64167

                                 (Std. err. adjusted for 573 clusters in hhidpn)
--------------------------------------------------------------------------------
               |               Robust
  r5_annual_nw | Coefficient  std. err.      t    P>|t|     [95% conf. interval]
---------------+----------------------------------------------------------------
      age_bin_ |
           35  |   .9207373   .0893073    10.31   0.000      .745327    1.096148
           40  |   .5393797   .2603797     2.07   0.039     .0279627    1.050797
           45  |   .6697315   .1573701     4.26   0.000     .3606377    .9788253
           50  |   .8230527   .1431336     5.75   0.000     .5419211    1.104184
           55  |   .7870699   .1256084     6.27   0.000     .5403599     1.03378
           60  |   .8341498   .1226183     6.80   0.000     .5933128    1.074987
           65  |   .7972105    .117753     6.77   0.000     .5659294    1.028492
           70  |    .704603   .1240378     5.68   0.000     .4609779    .9482281
           75  |   .6854745   .1198732     5.72   0.000     .4500291    .9209199
           80  |   .5988179   .1237747     4.84   0.000     .3557096    .8419262
           85  |   .7887239   .1565945     5.04   0.000     .4811535    1.096294
           90  |    .790612   .4148147     1.91   0.057    -.0241337    1.605358
               |
      educ_yrs |  -.0093147   .0041461    -2.25   0.025    -.0174581   -.0011712
      2.gender |  -.0402801   .0248699    -1.62   0.106    -.0891277    .0085674
               |
      race_eth |
            2  |   .0746115   .0411549     1.81   0.070    -.0062216    .1554447
            3  |  -.0234778   .0478678    -0.49   0.624    -.1174959    .0705403
            4  |   .0645131   .0926144     0.70   0.486    -.1173926    .2464188
               |
       inlbrf_ |   .0302942    .026826     1.13   0.259    -.0223952    .0829837
      married_ |  -.0887343   .0293721    -3.02   0.003    -.1464247   -.0310439
       born_us |   .0460472    .042603     1.08   0.280    -.0376302    .1297245
               |
      censreg_ |
            2  |   .0565838   .0351118     1.61   0.108      -.01238    .1255477
            3  |   .0564804   .0299609     1.89   0.060    -.0023663    .1153271
            4  |    .147749   .0463798     3.19   0.002     .0566535    .2388445
               |
          year |
         2004  |  -.0077248   .0617803    -0.13   0.901    -.1290688    .1136191
         2006  |   .1582578    .063163     2.51   0.013      .034198    .2823176
         2008  |   .0288874    .064706     0.45   0.655     -.098203    .1559777
         2010  |  -.0233662   .0589744    -0.40   0.692    -.1391989    .0924665
         2012  |   .0321734   .0573487     0.56   0.575    -.0804664    .1448131
         2014  |    .158122   .0705341     2.24   0.025     .0195845    .2966594
         2016  |   .1209191   .0670371     1.80   0.072    -.0107498     .252588
         2018  |   .1220312   .0597668     2.04   0.042     .0046421    .2394203
         2020  |   .1525516   .0602364     2.53   0.012     .0342401     .270863
         2022  |   .2530535   .0606987     4.17   0.000      .133834    .3722731
               |
    wealth_d2_ |  -.1658474   .1030612    -1.61   0.108     -.368272    .0365771
    wealth_d3_ |   .0229794   .0893916     0.26   0.797    -.1525964    .1985552
    wealth_d4_ |   .0044442   .0868646     0.05   0.959    -.1661683    .1750566
    wealth_d5_ |   .0667195   .0916971     0.73   0.467    -.1133847    .2468237
    wealth_d6_ |   .0223005   .0841165     0.27   0.791    -.1429144    .1875155
    wealth_d7_ |   .0320372   .0961574     0.33   0.739    -.1568274    .2209018
    wealth_d8_ |   .0011828   .0849582     0.01   0.989    -.1656854    .1680509
    wealth_d9_ |    .063115   .0865343     0.73   0.466    -.1068486    .2330787
   wealth_d10_ |   .0451455   .0858802     0.53   0.599    -.1235335    .2138245
trust_oth~2020 |   .0454673   .0128034     3.55   0.000     .0203199    .0706147
               |
            c. |
trust_oth~2020#|
            c. |
trust_oth~2020 |  -.0029196   .0011635    -2.51   0.012    -.0052049   -.0006344
               |
         _cons |  -.7567994    .101585    -7.45   0.000    -.9563245   -.5572743
--------------------------------------------------------------------------------
(output written to /Volumes/SSD PRO/Github-forks/Chp2-TrustandReturns/Code/Regres
> sions/Panel/panel_reg_r5.tex)
Wrote: /Volumes/SSD PRO/Github-forks/Chp2-TrustandReturns/Code/Regressions/Panel/
> panel_reg_r5.tex

. 
. * ----------------------------------------------------------------------
. * Winsorized tables: panel_reg_r1_win.tex, panel_reg_r4_win.tex, panel_reg_r5_w
> in.tex
. * ----------------------------------------------------------------------
. foreach ret in r1 r4 r5 {
  2.     local yvar ""
  3.     local ctrl ""
  4.     local ret_label ""
  5.     if "`ret'" == "r1" {
  6.         local yvar "r1_annual_w5"
  7.         local ctrl "`ctrl_r1'"
  8.         local ret_label "returns to core"
  9.     }
 10.     if "`ret'" == "r4" {
 11.         local yvar "r4_annual_w5"
 12.         local ctrl "`ctrl_r4'"
 13.         local ret_label "returns to core+IRA"
 14.     }
 15.     if "`ret'" == "r5" {
 16.         local yvar "r5_annual_w5"
 17.         local ctrl "`ctrl_r5'"
 18.         local ret_label "returns to net wealth"
 19.     }
 20. 
.     capture confirm variable `yvar'
 21.     if _rc {
 22.         di as txt "Skipping winsorized `ret': variable `yvar' not found."
 23.         continue
 24.     }
 25. 
.     eststo clear
 26.     di as txt _n "--- Winsorized `ret_label' ---"
 27.     eststo m1: regress `yvar' `ctrl' if !missing(`yvar'), vce(cluster hhidpn
> )
 28.     local keep_list "educ_yrs 2.gender 2.race_eth 3.race_eth 4.race_eth inlb
> rf_ married_ born_us `trust_var' c.`trust_var'#c.`trust_var' _cons"
 29.     eststo m2: regress `yvar' `ctrl' c.`trust_var' if !missing(`yvar') & !mi
> ssing(`trust_var'), vce(cluster hhidpn)
 30.     eststo m3: regress `yvar' `ctrl' c.`trust_var' c.`trust_var'#c.`trust_va
> r' if !missing(`yvar') & !missing(`trust_var'), vce(cluster hhidpn)
 31.     quietly testparm c.`trust_var' c.`trust_var'#c.`trust_var'
 32.     estadd scalar p_joint_trust = r(p) : m3
 33. 
.     local outfile "${REGRESSIONS}/Panel/panel_reg_`ret'_win.tex"
 34.     esttab m1 m2 m3 using "`outfile'", replace ///
>         booktabs ///
>         mtitles("(1)" "(2)" "(3)") ///
>         se star(* 0.10 ** 0.05 *** 0.01) b(2) se(2) label ///
>         keep(`keep_list') ///
>         varlabels(educ_yrs "Years of education" 2.gender "Female" 2.race_eth "N
> H Black" 3.race_eth "Hispanic" 4.race_eth "NH Other" inlbrf_ "Employed" married
> _ "Married" born_us "Born in U.S." `trust_var' "Trust" c.`trust_var'#c.`trust_v
> ar' "Trust²") ///
>         stats(N r2_a p_joint_trust, labels("Observations" "Adj. R-squared" "Joi
> nt test: Trust+Trust² p-value")) ///
>         title("Panel: `ret_label' (5% winsorized)") ///
>         addnotes("Cluster-robust SE in parentheses. Age bins (5-yr), wealth dec
> iles, region dummies, and year dummies omitted from table but included in regre
> ssions.") ///
>         alignment(D{{.}}{{.}}{{-1}}) width(0.85\hsize) nonumbers
 35. 
.     di as txt "Wrote: `outfile'"
 36. }

--- Winsorized returns to core ---

Linear regression                               Number of obs     =    129,298
                                                F(46, 27183)      =          .
                                                Prob > F          =          .
                                                R-squared         =     0.1814
                                                Root MSE          =     .77488

                              (Std. err. adjusted for 27,184 clusters in hhidpn)
--------------------------------------------------------------------------------
               |               Robust
 r1_annual_w5_ | Coefficient  std. err.      t    P>|t|     [95% conf. interval]
---------------+----------------------------------------------------------------
      age_bin_ |
           25  |   .7512755   .2761434     2.72   0.007     .2100204    1.292531
           30  |   .7462168    .151732     4.92   0.000     .4488142    1.043619
           35  |   .5768898   .0758373     7.61   0.000     .4282448    .7255348
           40  |    .481545   .0414838    11.61   0.000     .4002346    .5628554
           45  |   .4978598   .0276821    17.98   0.000     .4436014    .5521182
           50  |   .4909492   .0189776    25.87   0.000     .4537522    .5281463
           55  |     .46003   .0166486    27.63   0.000     .4273979     .492662
           60  |   .4144973   .0165037    25.12   0.000     .3821492    .4468453
           65  |   .3705815     .01657    22.36   0.000     .3381035    .4030595
           70  |   .3285669   .0168867    19.46   0.000     .2954682    .3616657
           75  |   .3174009   .0169883    18.68   0.000      .284103    .3506987
           80  |   .2883945   .0172559    16.71   0.000      .254572    .3222169
           85  |   .2830705    .018007    15.72   0.000     .2477758    .3183652
           90  |   .2706886   .0205279    13.19   0.000     .2304528    .3109244
           95  |   .2760673   .0315703     8.74   0.000     .2141879    .3379467
          100  |   .2751932   .0899746     3.06   0.002     .0988385     .451548
          105  |   .3709212   .2516078     1.47   0.140     -.122243    .8640855
               |
      educ_yrs |    -.01534   .0009694   -15.82   0.000      -.01724   -.0134399
      2.gender |  -.0056113   .0049337    -1.14   0.255    -.0152816     .004059
               |
      race_eth |
            2  |   .1330819   .0080462    16.54   0.000     .1173109    .1488529
            3  |   .0940933   .0115217     8.17   0.000     .0715102    .1166764
            4  |   .0274022    .015504     1.77   0.077    -.0029865    .0577909
               |
       inlbrf_ |   .1068904   .0059248    18.04   0.000     .0952774    .1185033
      married_ |  -.0370317    .005157    -7.18   0.000    -.0471398   -.0269236
       born_us |  -.0069388    .009906    -0.70   0.484     -.026355    .0124775
               |
      censreg_ |
            2  |  -.0157809   .0073951    -2.13   0.033    -.0302757   -.0012861
            3  |   .0073371   .0070397     1.04   0.297    -.0064612    .0211354
            4  |   .0101286   .0080735     1.25   0.210    -.0056958    .0259531
               |
          year |
         2004  |  -.0256572   .0097417    -2.63   0.008    -.0447515    -.006563
         2006  |  -.0280729   .0090613    -3.10   0.002    -.0458335   -.0103123
         2008  |  -.0129748   .0094787    -1.37   0.171    -.0315535    .0056039
         2010  |  -.1580676   .0094675   -16.70   0.000    -.1766244   -.1395109
         2012  |  -.1289313   .0093099   -13.85   0.000    -.1471791   -.1106835
         2014  |  -.0601259   .0098286    -6.12   0.000    -.0793904   -.0408613
         2016  |  -.1007368   .0101485    -9.93   0.000    -.1206284   -.0808451
         2018  |  -.0844381   .0104317    -8.09   0.000    -.1048847   -.0639915
         2020  |  -.0325286    .011177    -2.91   0.004     -.054436   -.0106212
         2022  |  -.0331551   .0116727    -2.84   0.005    -.0560343    -.010276
               |
wealth_c~e_d2_ |   .2061883   .0155144    13.29   0.000     .1757793    .2365972
wealth_c~e_d3_ |    .506231      .0111    45.61   0.000     .4844745    .5279874
wealth_c~e_d4_ |   .7543628   .0094698    79.66   0.000     .7358015    .7729241
wealth_c~e_d5_ |   .9578047   .0096355    99.40   0.000     .9389186    .9766908
wealth_c~e_d6_ |   1.126629   .0101818   110.65   0.000     1.106672    1.146586
wealth_c~e_d7_ |   1.236607   .0104486   118.35   0.000     1.216127    1.257087
wealth_c~e_d8_ |   1.289991   .0104708   123.20   0.000     1.269468    1.310515
wealth_c~e_d9_ |   1.305853    .010375   125.87   0.000     1.285517    1.326188
wealth_~e_d10_ |   1.291215     .01028   125.60   0.000     1.271066    1.311365
         _cons |  -.9952717   .0258511   -38.50   0.000    -1.045941   -.9446022
--------------------------------------------------------------------------------

Linear regression                               Number of obs     =      3,906
                                                F(43, 722)        =          .
                                                Prob > F          =          .
                                                R-squared         =     0.1840
                                                Root MSE          =     .80791

                                 (Std. err. adjusted for 723 clusters in hhidpn)
--------------------------------------------------------------------------------
               |               Robust
 r1_annual_w5_ | Coefficient  std. err.      t    P>|t|     [95% conf. interval]
---------------+----------------------------------------------------------------
      age_bin_ |
           30  |   .0100813   .3425721     0.03   0.977    -.6624751    .6826378
           35  |   .0224272   .3865695     0.06   0.954    -.7365073    .7813617
           40  |   .0735744    .358263     0.21   0.837    -.6297872     .776936
           45  |    .149359   .3600004     0.41   0.678    -.5574137    .8561317
           50  |    .024666   .3410826     0.07   0.942    -.6449662    .6942982
           55  |   .0284721   .3403912     0.08   0.933    -.6398026    .6967469
           60  |   .0110821   .3407195     0.03   0.974    -.6578371    .6800013
           65  |  -.0146666   .3412545    -0.04   0.966    -.6846363    .6553031
           70  |  -.0974074   .3418033    -0.28   0.776    -.7684545    .5736397
           75  |  -.0800175   .3449549    -0.23   0.817    -.7572519    .5972168
           80  |  -.0329406   .3463793    -0.10   0.924    -.7129716    .6470904
           85  |   .1064025   .3633523     0.29   0.770    -.6069509    .8197558
           90  |  -.2002082    .361518    -0.55   0.580    -.9099603    .5095438
               |
      educ_yrs |  -.0177748   .0062126    -2.86   0.004    -.0299718   -.0055779
      2.gender |   .0089764   .0303175     0.30   0.767    -.0505446    .0684975
               |
      race_eth |
            2  |   .1938774   .0436373     4.44   0.000     .1082063    .2795486
            3  |   .2246435   .0660759     3.40   0.001     .0949197    .3543673
            4  |   .0998062   .0803902     1.24   0.215    -.0580202    .2576326
               |
       inlbrf_ |   .0853319   .0332381     2.57   0.010      .020077    .1505868
      married_ |  -.0507087   .0327132    -1.55   0.122     -.114933    .0135156
       born_us |   .0628254   .0511427     1.23   0.220    -.0375808    .1632316
               |
      censreg_ |
            2  |   -.011229   .0462401    -0.24   0.808      -.10201    .0795521
            3  |   .0411827   .0416052     0.99   0.323     -.040499    .1228644
            4  |   .0634117   .0513735     1.23   0.217    -.0374477    .1642711
               |
          year |
         2004  |    -.07324    .082237    -0.89   0.373    -.2346922    .0882122
         2006  |   .1339957   .0734819     1.82   0.069     -.010268    .2782594
         2008  |   .0145336   .0730525     0.20   0.842     -.128887    .1579542
         2010  |  -.0490426   .0791768    -0.62   0.536     -.204487    .1064017
         2012  |  -.0970121   .0690895    -1.40   0.161    -.2326524    .0386282
         2014  |   .0460885   .0723094     0.64   0.524    -.0958733    .1880502
         2016  |  -.0896253   .0706138    -1.27   0.205    -.2282582    .0490075
         2018  |  -.0595867   .0730644    -0.82   0.415    -.2030308    .0838575
         2020  |  -.0555451   .0727274    -0.76   0.445    -.1983276    .0872374
         2022  |   .0570026   .0797529     0.71   0.475    -.0995728    .2135779
               |
wealth_c~e_d2_ |    .244195   .1310397     1.86   0.063    -.0130694    .5014594
wealth_c~e_d3_ |   .4834818   .0831446     5.81   0.000     .3202476     .646716
wealth_c~e_d4_ |    .760812   .0623736    12.20   0.000     .6383567    .8832674
wealth_c~e_d5_ |   .9332902   .0615546    15.16   0.000     .8124428    1.054138
wealth_c~e_d6_ |   1.104292   .0671927    16.43   0.000     .9723755    1.236208
wealth_c~e_d7_ |    1.31934   .0679139    19.43   0.000     1.186008    1.452672
wealth_c~e_d8_ |   1.267099   .0677844    18.69   0.000     1.134021    1.400177
wealth_c~e_d9_ |   1.369617   .0684566    20.01   0.000     1.235219    1.504015
wealth_~e_d10_ |   1.372912   .0721277    19.03   0.000     1.231307    1.514518
trust_oth~2020 |  -.0007054   .0063725    -0.11   0.912    -.0132164    .0118055
         _cons |  -.7207181   .3571235    -2.02   0.044    -1.421843   -.0195935
--------------------------------------------------------------------------------

Linear regression                               Number of obs     =      3,906
                                                F(44, 722)        =          .
                                                Prob > F          =          .
                                                R-squared         =     0.1842
                                                Root MSE          =     .80793

                                 (Std. err. adjusted for 723 clusters in hhidpn)
--------------------------------------------------------------------------------
               |               Robust
 r1_annual_w5_ | Coefficient  std. err.      t    P>|t|     [95% conf. interval]
---------------+----------------------------------------------------------------
      age_bin_ |
           30  |   .0361868   .3303614     0.11   0.913    -.6123969    .6847704
           35  |   .0306692   .3769281     0.08   0.935    -.7093369    .7706753
           40  |   .0882623   .3452237     0.26   0.798    -.5894999    .7660245
           45  |   .1668254   .3468475     0.48   0.631    -.5141247    .8477756
           50  |   .0418142   .3274978     0.13   0.898    -.6011476    .6847759
           55  |   .0449453   .3268586     0.14   0.891    -.5967615    .6866521
           60  |   .0273962   .3271698     0.08   0.933    -.6149216     .669714
           65  |   .0005576   .3276215     0.00   0.999     -.642647    .6437623
           70  |  -.0823266   .3281338    -0.25   0.802     -.726537    .5618838
           75  |  -.0660972   .3312869    -0.20   0.842    -.7164979    .5843035
           80  |  -.0212782   .3323904    -0.06   0.949    -.6738453    .6312888
           85  |   .1171803    .349985     0.33   0.738    -.5699295    .8042901
           90  |  -.1949298   .3497453    -0.56   0.577    -.8815691    .4917095
               |
      educ_yrs |  -.0169746   .0062584    -2.71   0.007    -.0292615   -.0046877
      2.gender |   .0076708   .0301725     0.25   0.799    -.0515655     .066907
               |
      race_eth |
            2  |   .1918438    .043874     4.37   0.000      .105708    .2779797
            3  |   .2255054   .0661046     3.41   0.001     .0957252    .3552855
            4  |   .0974824     .08062     1.21   0.227    -.0607953    .2557601
               |
       inlbrf_ |    .085727    .033292     2.58   0.010     .0203664    .1510876
      married_ |  -.0500342   .0327336    -1.53   0.127    -.1142985    .0142302
       born_us |   .0632248   .0512909     1.23   0.218    -.0374724    .1639219
               |
      censreg_ |
            2  |  -.0113294   .0462336    -0.25   0.806    -.1020977    .0794389
            3  |   .0407075   .0416632     0.98   0.329     -.041088    .1225031
            4  |   .0650456   .0515485     1.26   0.207    -.0361573    .1662485
               |
          year |
         2004  |  -.0737746   .0821754    -0.90   0.370     -.235106    .0875567
         2006  |   .1349577   .0734606     1.84   0.067    -.0092642    .2791795
         2008  |   .0158212    .072984     0.22   0.828    -.1274651    .1591075
         2010  |  -.0484276   .0791349    -0.61   0.541    -.2037896    .1069343
         2012  |  -.0960485   .0690256    -1.39   0.165    -.2315632    .0394663
         2014  |   .0469323   .0722588     0.65   0.516    -.0949302    .1887949
         2016  |  -.0885005   .0705798    -1.25   0.210    -.2270667    .0500657
         2018  |  -.0579667   .0729892    -0.79   0.427    -.2012631    .0853297
         2020  |  -.0537255   .0727491    -0.74   0.460    -.1965505    .0890994
         2022  |   .0593474    .079827     0.74   0.457    -.0973734    .2160683
               |
wealth_c~e_d2_ |   .2434429   .1316128     1.85   0.065    -.0149466    .5018324
wealth_c~e_d3_ |   .4826208   .0834418     5.78   0.000     .3188032    .6464384
wealth_c~e_d4_ |   .7621298   .0622438    12.24   0.000     .6399293    .8843302
wealth_c~e_d5_ |   .9369577   .0611872    15.31   0.000     .8168317    1.057084
wealth_c~e_d6_ |   1.107696   .0670196    16.53   0.000      .976119    1.239272
wealth_c~e_d7_ |   1.322401   .0675628    19.57   0.000     1.189758    1.455044
wealth_c~e_d8_ |   1.269516   .0676599    18.76   0.000     1.136682    1.402349
wealth_c~e_d9_ |   1.373188   .0680523    20.18   0.000     1.239584    1.506792
wealth_~e_d10_ |   1.376131   .0718699    19.15   0.000     1.235032     1.51723
trust_oth~2020 |  -.0178449   .0221581    -0.81   0.421    -.0613468    .0256571
               |
            c. |
trust_oth~2020#|
            c. |
trust_oth~2020 |   .0014816   .0018094     0.82   0.413    -.0020708     .005034
               |
         _cons |  -.7088107   .3438649    -2.06   0.040    -1.383905   -.0337162
--------------------------------------------------------------------------------
(output written to /Volumes/SSD PRO/Github-forks/Chp2-TrustandReturns/Code/Regres
> sions/Panel/panel_reg_r1_win.tex)
Wrote: /Volumes/SSD PRO/Github-forks/Chp2-TrustandReturns/Code/Regressions/Panel/
> panel_reg_r1_win.tex

--- Winsorized returns to core+IRA ---

Linear regression                               Number of obs     =     63,676
                                                F(45, 14388)      =      87.27
                                                Prob > F          =     0.0000
                                                R-squared         =     0.0739
                                                Root MSE          =     .40458

                              (Std. err. adjusted for 14,389 clusters in hhidpn)
--------------------------------------------------------------------------------
               |               Robust
 r4_annual_w5_ | Coefficient  std. err.      t    P>|t|     [95% conf. interval]
---------------+----------------------------------------------------------------
      age_bin_ |
           30  |  -.3964584   .4055189    -0.98   0.328    -1.191328    .3984108
           35  |  -.4464052   .4215257    -1.06   0.290     -1.27265    .3798394
           40  |  -.4866502   .4195938    -1.16   0.246    -1.309108    .3358079
           45  |  -.4370774   .4187044    -1.04   0.297    -1.257792    .3836371
           50  |  -.4377125   .4184099    -1.05   0.296     -1.25785    .3824249
           55  |  -.4547696   .4183512    -1.09   0.277    -1.274792    .3652526
           60  |  -.4587992    .418345    -1.10   0.273    -1.278809     .361211
           65  |  -.4570608   .4183494    -1.09   0.275    -1.277079    .3629579
           70  |  -.4753549   .4183525    -1.14   0.256     -1.29538    .3446698
           75  |  -.4747466   .4183596    -1.13   0.256    -1.294785    .3452921
           80  |  -.4807249   .4183676    -1.15   0.251    -1.300779    .3393296
           85  |  -.4883043   .4184106    -1.17   0.243    -1.308443    .3318343
           90  |  -.4657949   .4186546    -1.11   0.266    -1.286412    .3548222
           95  |  -.5644774   .4203895    -1.34   0.179    -1.388495    .2595402
          100  |   -.124536   .4742389    -0.26   0.793    -1.054105    .8050333
               |
      educ_yrs |  -.0083346   .0007996   -10.42   0.000     -.009902   -.0067672
      2.gender |   -.019814    .003512    -5.64   0.000    -.0266979   -.0129301
               |
      race_eth |
            2  |    .068934   .0085942     8.02   0.000     .0520883    .0857797
            3  |   .0398823   .0100978     3.95   0.000     .0200893    .0596753
            4  |   .0044802   .0113289     0.40   0.693    -.0177259    .0266862
               |
       inlbrf_ |   .0364365   .0040844     8.92   0.000     .0284306    .0444423
      married_ |  -.0414354   .0041343   -10.02   0.000    -.0495392   -.0333316
       born_us |   .0013709   .0071788     0.19   0.849    -.0127004    .0154423
               |
      censreg_ |
            2  |  -.0098686   .0054064    -1.83   0.068    -.0204658    .0007286
            3  |  -.0063043   .0052603    -1.20   0.231    -.0166152    .0040065
            4  |  -.0172361   .0058171    -2.96   0.003    -.0286384   -.0058338
               |
          year |
         2004  |   .0434549   .0075398     5.76   0.000      .028676    .0582339
         2006  |   .0605603    .007176     8.44   0.000     .0464945    .0746261
         2008  |   .0232211   .0071139     3.26   0.001      .009277    .0371653
         2010  |  -.0601918   .0070987    -8.48   0.000    -.0741061   -.0462775
         2012  |  -.0360116   .0069727    -5.16   0.000     -.049679   -.0223443
         2014  |   .0097514   .0073252     1.33   0.183    -.0046069    .0241096
         2016  |  -.0140663   .0075952    -1.85   0.064    -.0289539    .0008212
         2018  |   .0059224   .0078764     0.75   0.452    -.0095163     .021361
         2020  |  -.0152598    .007937    -1.92   0.055    -.0308173    .0002976
         2022  |   .0175143   .0083666     2.09   0.036     .0011148    .0339139
               |
wealth_c~a_d2_ |   .0310636     .04317     0.72   0.472    -.0535552    .1156823
wealth_c~a_d3_ |   .0748428   .0231053     3.24   0.001     .0295533    .1201323
wealth_c~a_d4_ |   .1728566   .0199552     8.66   0.000     .1337418    .2119714
wealth_c~a_d5_ |    .314313   .0176746    17.78   0.000     .2796685    .3489574
wealth_c~a_d6_ |   .4129003   .0168617    24.49   0.000     .3798492    .4459514
wealth_c~a_d7_ |   .4706356   .0166028    28.35   0.000      .438092    .5031791
wealth_c~a_d8_ |   .5073604   .0164462    30.85   0.000     .4751237    .5395971
wealth_c~a_d9_ |   .5439393   .0164233    33.12   0.000     .5117476     .576131
wealth_~a_d10_ |   .6002184   .0164886    36.40   0.000     .5678987    .6325381
         _cons |   .2335041   .4188435     0.56   0.577     -.587483    1.054491
--------------------------------------------------------------------------------

Linear regression                               Number of obs     =      1,992
                                                F(41, 402)        =       6.55
                                                Prob > F          =     0.0000
                                                R-squared         =     0.1027
                                                Root MSE          =     .40491

                                 (Std. err. adjusted for 403 clusters in hhidpn)
--------------------------------------------------------------------------------
               |               Robust
 r4_annual_w5_ | Coefficient  std. err.      t    P>|t|     [95% conf. interval]
---------------+----------------------------------------------------------------
      age_bin_ |
           40  |  -.2546337   .2141216    -1.19   0.235    -.6755716    .1663041
           45  |  -.3254874   .2801715    -1.16   0.246    -.8762716    .2252967
           50  |   -.167903   .2686691    -0.62   0.532    -.6960749    .3602689
           55  |  -.1922593   .2660949    -0.72   0.470    -.7153706    .3308519
           60  |  -.2154057   .2654073    -0.81   0.417    -.7371652    .3063538
           65  |  -.2079233   .2661414    -0.78   0.435    -.7311261    .3152796
           70  |  -.2471532    .266456    -0.93   0.354    -.7709744     .276668
           75  |  -.2622887   .2680053    -0.98   0.328    -.7891556    .2645782
           80  |  -.2250888   .2711394    -0.83   0.407     -.758117    .3079394
           85  |  -.2453396    .285195    -0.86   0.390    -.8059995    .3153204
               |
      educ_yrs |  -.0150564   .0044417    -3.39   0.001    -.0237883   -.0063246
      2.gender |  -.0058393   .0206037    -0.28   0.777    -.0463437    .0346651
               |
      race_eth |
            2  |   .0363772   .0416277     0.87   0.383     -.045458    .1182125
            3  |   .0653813   .0617783     1.06   0.291    -.0560675    .1868302
            4  |  -.0189951   .0401393    -0.47   0.636    -.0979043    .0599141
               |
       inlbrf_ |    .047891   .0201758     2.37   0.018     .0082278    .0875542
      married_ |  -.0534105   .0260407    -2.05   0.041    -.1046034   -.0022176
       born_us |  -.0111331   .0327606    -0.34   0.734    -.0755366    .0532705
               |
      censreg_ |
            2  |    .025907    .030405     0.85   0.395    -.0338657    .0856798
            3  |   .0223247   .0282462     0.79   0.430    -.0332041    .0778535
            4  |   .0102444   .0353676     0.29   0.772    -.0592842    .0797731
               |
          year |
         2004  |  -.0498143   .0492589    -1.01   0.312    -.1466514    .0470228
         2006  |   .1124825   .0586546     1.92   0.056    -.0028255    .2277906
         2008  |  -.0419276   .0498896    -0.84   0.401    -.1400048    .0561495
         2010  |   -.046866   .0575991    -0.81   0.416    -.1600992    .0663671
         2012  |  -.0616637   .0523487    -1.18   0.240     -.164575    .0412477
         2014  |   .0238999   .0523664     0.46   0.648    -.0790462     .126846
         2016  |   .0347925   .0539625     0.64   0.519    -.0712914    .1408764
         2018  |  -.0236131   .0520839    -0.45   0.651    -.1260039    .0787777
         2020  |  -.0198911   .0519986    -0.38   0.702    -.1221142     .082332
         2022  |   .0466769   .0542044     0.86   0.390    -.0598826    .1532365
               |
wealth_c~a_d2_ |  -.0975852   .1284041    -0.76   0.448    -.3500127    .1548422
wealth_c~a_d3_ |  -.1306518   .1580385    -0.83   0.409    -.4413371    .1800334
wealth_c~a_d4_ |   .0336349   .1431782     0.23   0.814    -.2478366    .3151063
wealth_c~a_d5_ |   .2466011   .1259054     1.96   0.051    -.0009141    .4941163
wealth_c~a_d6_ |   .3560689   .1362387     2.61   0.009     .0882396    .6238982
wealth_c~a_d7_ |   .3755327   .1295613     2.90   0.004     .1208305    .6302349
wealth_c~a_d8_ |    .393334   .1270611     3.10   0.002     .1435467    .6431212
wealth_c~a_d9_ |   .4910105   .1292397     3.80   0.000     .2369404    .7450806
wealth_~a_d10_ |   .5507624   .1284928     4.29   0.000     .2981606    .8033643
trust_oth~2020 |  -.0064195   .0052989    -1.21   0.226    -.0168366    .0039976
         _cons |   .1899336    .301671     0.63   0.529    -.4031163    .7829834
--------------------------------------------------------------------------------

Linear regression                               Number of obs     =      1,992
                                                F(42, 402)        =       6.49
                                                Prob > F          =     0.0000
                                                R-squared         =     0.1028
                                                Root MSE          =       .405

                                 (Std. err. adjusted for 403 clusters in hhidpn)
--------------------------------------------------------------------------------
               |               Robust
 r4_annual_w5_ | Coefficient  std. err.      t    P>|t|     [95% conf. interval]
---------------+----------------------------------------------------------------
      age_bin_ |
           40  |  -.2540856   .2139219    -1.19   0.236     -.674631    .1664598
           45  |   -.322643   .2799872    -1.15   0.250    -.8730649    .2277789
           50  |  -.1658755    .268487    -0.62   0.537    -.6936894    .3619385
           55  |  -.1894777   .2659357    -0.71   0.477    -.7122762    .3333207
           60  |  -.2128353   .2651654    -0.80   0.423    -.7341194    .3084488
           65  |  -.2049045   .2659505    -0.77   0.441     -.727732     .317923
           70  |  -.2441462   .2662224    -0.92   0.360    -.7675083    .2792158
           75  |  -.2591528   .2677399    -0.97   0.334     -.785498    .2671925
           80  |  -.2219247   .2710022    -0.82   0.413    -.7546832    .3108337
           85  |   -.241334   .2852843    -0.85   0.398    -.8021693    .3195014
               |
      educ_yrs |  -.0153518   .0045691    -3.36   0.001    -.0243342   -.0063695
      2.gender |  -.0052243    .020873    -0.25   0.802    -.0462583    .0358096
               |
      race_eth |
            2  |   .0368142    .041662     0.88   0.377    -.0450883    .1187168
            3  |   .0649253   .0615637     1.05   0.292    -.0561016    .1859523
            4  |  -.0178884   .0402855    -0.44   0.657     -.097085    .0613082
               |
       inlbrf_ |   .0479307   .0201852     2.37   0.018      .008249    .0876124
      married_ |  -.0535042   .0260594    -2.05   0.041    -.1047339   -.0022744
       born_us |  -.0117559   .0330886    -0.36   0.723    -.0768042    .0532925
               |
      censreg_ |
            2  |   .0256723    .030515     0.84   0.401    -.0343167    .0856613
            3  |   .0222937   .0282723     0.79   0.431    -.0332863    .0778737
            4  |   .0091419    .035889     0.25   0.799    -.0614116    .0796954
               |
          year |
         2004  |  -.0500917   .0491652    -1.02   0.309    -.1467447    .0465613
         2006  |   .1121334   .0584965     1.92   0.056    -.0028638    .2271307
         2008  |   -.042626   .0496515    -0.86   0.391     -.140235     .054983
         2010  |  -.0477465   .0573024    -0.83   0.405    -.1603962    .0649032
         2012  |  -.0621784   .0521351    -1.19   0.234    -.1646699    .0403131
         2014  |   .0231518   .0520334     0.44   0.657    -.0791398    .1254435
         2016  |   .0339514   .0535576     0.63   0.526    -.0713365    .1392392
         2018  |  -.0243709   .0518309    -0.47   0.638    -.1262644    .0775225
         2020  |  -.0207861   .0516217    -0.40   0.687    -.1222683     .080696
         2022  |   .0455652   .0538946     0.85   0.398    -.0603853    .1515156
               |
wealth_c~a_d2_ |  -.1009722    .127116    -0.79   0.427    -.3508673    .1489229
wealth_c~a_d3_ |  -.1308817   .1580106    -0.83   0.408     -.441512    .1797486
wealth_c~a_d4_ |   .0324046   .1438233     0.23   0.822    -.2503351    .3151442
wealth_c~a_d5_ |   .2446622   .1263886     1.94   0.054    -.0038031    .4931274
wealth_c~a_d6_ |   .3534729   .1366893     2.59   0.010     .0847578     .622188
wealth_c~a_d7_ |   .3732253   .1299289     2.87   0.004     .1178003    .6286503
wealth_c~a_d8_ |    .390913   .1273337     3.07   0.002     .1405898    .6412361
wealth_c~a_d9_ |   .4886618    .129569     3.77   0.000     .2339443    .7433792
wealth_~a_d10_ |   .5488177   .1287718     4.26   0.000     .2956675    .8019679
trust_oth~2020 |   .0000357   .0202211     0.00   0.999    -.0397167    .0397881
               |
            c. |
trust_oth~2020#|
            c. |
trust_oth~2020 |   -.000513   .0015722    -0.33   0.744    -.0036038    .0025777
               |
         _cons |    .176265   .3039244     0.58   0.562    -.4212146    .7737446
--------------------------------------------------------------------------------
(output written to /Volumes/SSD PRO/Github-forks/Chp2-TrustandReturns/Code/Regres
> sions/Panel/panel_reg_r4_win.tex)
Wrote: /Volumes/SSD PRO/Github-forks/Chp2-TrustandReturns/Code/Regressions/Panel/
> panel_reg_r4_win.tex

--- Winsorized returns to net wealth ---

Linear regression                               Number of obs     =    102,179
                                                F(45, 21919)      =      77.47
                                                Prob > F          =     0.0000
                                                R-squared         =     0.0318
                                                Root MSE          =     .37517

                            (Std. err. adjusted for 21,920 clusters in hhidpn)
------------------------------------------------------------------------------
             |               Robust
r5_annual~5_ | Coefficient  std. err.      t    P>|t|     [95% conf. interval]
-------------+----------------------------------------------------------------
    age_bin_ |
         35  |   .0328472   .1404969     0.23   0.815    -.2425368    .3082312
         40  |  -.0002257   .1244709    -0.00   0.999    -.2441976    .2437463
         45  |    .010762   .1219047     0.09   0.930    -.2281801    .2497041
         50  |   .0124987   .1206105     0.10   0.917    -.2239065    .2489039
         55  |   .0007506   .1201498     0.01   0.995    -.2347518    .2362529
         60  |  -.0055807   .1200586    -0.05   0.963    -.2409042    .2297428
         65  |   .0007903   .1200626     0.01   0.995    -.2345411    .2361217
         70  |  -.0302715   .1200738    -0.25   0.801    -.2656249    .2050819
         75  |  -.0443597   .1200912    -0.37   0.712    -.2797471    .1910277
         80  |  -.0606643    .120105    -0.51   0.613    -.2960788    .1747503
         85  |  -.0648656   .1201444    -0.54   0.589    -.3003572     .170626
         90  |   -.077366   .1202979    -0.64   0.520    -.3131585    .1584265
         95  |  -.0589388   .1212892    -0.49   0.627    -.2966744    .1787968
        100  |   .0324247   .1409632     0.23   0.818    -.2438734    .3087228
        105  |  -.6498898   .1272003    -5.11   0.000    -.8992115   -.4005681
             |
    educ_yrs |  -.0045898   .0004754    -9.65   0.000    -.0055216    -.003658
    2.gender |   -.026455   .0025252   -10.48   0.000    -.0314046   -.0215053
             |
    race_eth |
          2  |   .0592936   .0045493    13.03   0.000     .0503767    .0682106
          3  |   .0287745   .0057598     5.00   0.000     .0174848    .0400641
          4  |   .0193846   .0083942     2.31   0.021     .0029314    .0358377
             |
     inlbrf_ |   .0237525   .0029916     7.94   0.000     .0178888    .0296162
    married_ |  -.0619894   .0028197   -21.98   0.000    -.0675163   -.0564625
     born_us |    .019167   .0048143     3.98   0.000     .0097306    .0286034
             |
    censreg_ |
          2  |  -.0110509   .0038863    -2.84   0.004    -.0186683   -.0034335
          3  |  -.0008625   .0036944    -0.23   0.815    -.0081037    .0063788
          4  |   .0017717   .0042949     0.41   0.680    -.0066467      .01019
             |
        year |
       2004  |   .0174202    .005391     3.23   0.001     .0068535    .0279869
       2006  |   .0465687   .0049379     9.43   0.000     .0368901    .0562473
       2008  |   -.029546   .0048403    -6.10   0.000    -.0390333   -.0200587
       2010  |  -.0770458   .0049993   -15.41   0.000    -.0868449   -.0672468
       2012  |  -.0390171   .0049838    -7.83   0.000    -.0487856   -.0292486
       2014  |   .0177117   .0053125     3.33   0.001     .0072988    .0281246
       2016  |   .0127878    .005631     2.27   0.023     .0017506    .0238249
       2018  |   .0341019    .005631     6.06   0.000     .0230647     .045139
       2020  |   .0232757   .0058595     3.97   0.000     .0117907    .0347608
       2022  |   .1077594   .0065065    16.56   0.000     .0950061    .1205127
             |
  wealth_d2_ |   .0554372   .0130053     4.26   0.000     .0299459    .0809285
  wealth_d3_ |   .0748857   .0108053     6.93   0.000     .0537066    .0960648
  wealth_d4_ |   .0627377   .0103539     6.06   0.000     .0424433    .0830321
  wealth_d5_ |   .0549931    .010209     5.39   0.000     .0349827    .0750036
  wealth_d6_ |   .0646822   .0102005     6.34   0.000     .0446884    .0846759
  wealth_d7_ |   .0569085   .0101093     5.63   0.000     .0370936    .0767234
  wealth_d8_ |    .075661   .0101755     7.44   0.000     .0557162    .0956058
  wealth_d9_ |   .0841769   .0101558     8.29   0.000     .0642708     .104083
 wealth_d10_ |   .1343138   .0102671    13.08   0.000     .1141894    .1544381
       _cons |   .1729848   .1208359     1.43   0.152    -.0638624    .4098319
------------------------------------------------------------------------------

Linear regression                               Number of obs     =      2,901
                                                F(42, 572)        =          .
                                                Prob > F          =          .
                                                R-squared         =     0.0565
                                                Root MSE          =      .3997

                                 (Std. err. adjusted for 573 clusters in hhidpn)
--------------------------------------------------------------------------------
               |               Robust
 r5_annual_w5_ | Coefficient  std. err.      t    P>|t|     [95% conf. interval]
---------------+----------------------------------------------------------------
      age_bin_ |
           35  |   .7811834    .040403    19.33   0.000     .7018271    .8605397
           40  |    .475266   .2250938     2.11   0.035     .0331548    .9173771
           45  |   .6105749   .1195496     5.11   0.000     .3757652    .8453847
           50  |   .6855135   .0927246     7.39   0.000     .5033912    .8676358
           55  |   .6587765   .0757402     8.70   0.000     .5100137    .8075393
           60  |   .6897146    .071394     9.66   0.000     .5494883     .829941
           65  |   .6767799    .070883     9.55   0.000     .5375572    .8160025
           70  |   .6056986   .0730362     8.29   0.000     .4622468    .7491504
           75  |   .6046387   .0721119     8.38   0.000     .4630023     .746275
           80  |   .5371849   .0782155     6.87   0.000     .3835603    .6908095
           85  |   .6261033   .0900309     6.95   0.000     .4492718    .8029348
           90  |   .7841682    .359813     2.18   0.030     .0774523    1.490884
               |
      educ_yrs |   -.007953   .0028211    -2.82   0.005    -.0134939   -.0024121
      2.gender |  -.0342789   .0155075    -2.21   0.027    -.0647375   -.0038203
               |
      race_eth |
            2  |   .0349364   .0256035     1.36   0.173     -.015352    .0852248
            3  |  -.0153554   .0317343    -0.48   0.629    -.0776855    .0469746
            4  |  -.0072146   .0353249    -0.20   0.838     -.076597    .0621678
               |
       inlbrf_ |   .0147415   .0161622     0.91   0.362     -.017003    .0464859
      married_ |  -.0722593   .0189187    -3.82   0.000    -.1094179   -.0351007
       born_us |   .0409295   .0219776     1.86   0.063    -.0022373    .0840962
               |
      censreg_ |
            2  |    .009662   .0234967     0.41   0.681    -.0364883    .0558122
            3  |   .0381188   .0230584     1.65   0.099    -.0071706    .0834082
            4  |   .0660514    .028128     2.35   0.019     .0108046    .1212983
               |
          year |
         2004  |   .0069447   .0481901     0.14   0.885    -.0877063    .1015958
         2006  |   .1230804   .0432289     2.85   0.005     .0381735    .2079872
         2008  |   .0045334   .0437624     0.10   0.918    -.0814212    .0904879
         2010  |  -.0243827    .043028    -0.57   0.571    -.1088949    .0601295
         2012  |   .0153154   .0402254     0.38   0.704    -.0636922     .094323
         2014  |   .0755166   .0405401     1.86   0.063     -.004109    .1551423
         2016  |   .0805479   .0428541     1.88   0.061    -.0036227    .1647186
         2018  |     .08987   .0394044     2.28   0.023      .012475     .167265
         2020  |   .1132064   .0394646     2.87   0.004     .0356932    .1907196
         2022  |   .2173479   .0420017     5.17   0.000     .1348516    .2998442
               |
    wealth_d2_ |  -.0673868   .0767601    -0.88   0.380    -.2181529    .0833793
    wealth_d3_ |   .0627461   .0642093     0.98   0.329    -.0633687    .1888608
    wealth_d4_ |   .0255029   .0606625     0.42   0.674    -.0936454    .1446513
    wealth_d5_ |   .0469854   .0590806     0.80   0.427    -.0690559    .1630268
    wealth_d6_ |   .0460252    .059308     0.78   0.438    -.0704629    .1625133
    wealth_d7_ |   .0165205   .0595334     0.28   0.781    -.1004102    .1334512
    wealth_d8_ |   .0248091   .0579908     0.43   0.669    -.0890918      .13871
    wealth_d9_ |   .0776779   .0581784     1.34   0.182    -.0365914    .1919472
   wealth_d10_ |   .0875768   .0587379     1.49   0.137    -.0277915     .202945
trust_oth~2020 |   .0069877   .0026697     2.62   0.009     .0017441    .0122313
         _cons |  -.5455134   .0598575    -9.11   0.000    -.6630807   -.4279462
--------------------------------------------------------------------------------

Linear regression                               Number of obs     =      2,901
                                                F(43, 572)        =          .
                                                Prob > F          =          .
                                                R-squared         =     0.0576
                                                Root MSE          =     .39951

                                 (Std. err. adjusted for 573 clusters in hhidpn)
--------------------------------------------------------------------------------
               |               Robust
 r5_annual_w5_ | Coefficient  std. err.      t    P>|t|     [95% conf. interval]
---------------+----------------------------------------------------------------
      age_bin_ |
           35  |   .7595429   .0475338    15.98   0.000     .6661809     .852905
           40  |   .4390463    .220804     1.99   0.047     .0053608    .8727318
           45  |   .5637425   .1222842     4.61   0.000     .3235617    .8039232
           50  |   .6406752   .0956102     6.70   0.000     .4528853    .8284651
           55  |    .616707   .0786615     7.84   0.000     .4622064    .7712076
           60  |    .646811   .0750185     8.62   0.000     .4994656    .7941563
           65  |   .6349073   .0740652     8.57   0.000     .4894343    .7803802
           70  |   .5653585   .0756396     7.47   0.000     .4167932    .7139237
           75  |    .564815   .0744327     7.59   0.000     .4186202    .7110098
           80  |   .4999984   .0797576     6.27   0.000     .3433449    .6566519
           85  |   .5922286   .0902609     6.56   0.000     .4149454    .7695117
           90  |   .7552289   .3578884     2.11   0.035     .0522931    1.458165
               |
      educ_yrs |  -.0092834   .0029367    -3.16   0.002    -.0150514   -.0035154
      2.gender |   -.031931   .0154824    -2.06   0.040    -.0623403   -.0015217
               |
      race_eth |
            2  |   .0380781   .0257166     1.48   0.139    -.0124325    .0885886
            3  |  -.0152955   .0315017    -0.49   0.627    -.0771686    .0465776
            4  |  -.0011319   .0355515    -0.03   0.975    -.0709593    .0686955
               |
       inlbrf_ |   .0148787   .0161833     0.92   0.358    -.0169073    .0466647
      married_ |  -.0714945   .0188708    -3.79   0.000    -.1085589     -.03443
       born_us |    .041229   .0219411     1.88   0.061     -.001866    .0843239
               |
      censreg_ |
            2  |    .008892   .0233363     0.38   0.703    -.0369434    .0547274
            3  |   .0380541   .0227424     1.67   0.095    -.0066148    .0827229
            4  |   .0625713   .0282267     2.22   0.027     .0071307     .118012
               |
          year |
         2004  |   .0060359   .0482086     0.13   0.900    -.0886515    .1007233
         2006  |   .1207041   .0432398     2.79   0.005      .035776    .2056322
         2008  |   .0018165   .0438506     0.04   0.967    -.0843114    .0879443
         2010  |  -.0276347   .0430611    -0.64   0.521    -.1122118    .0569424
         2012  |   .0119447   .0402347     0.30   0.767     -.067081    .0909704
         2014  |   .0719713   .0406529     1.77   0.077    -.0078759    .1518184
         2016  |   .0772122   .0429436     1.80   0.073    -.0071342    .1615586
         2018  |   .0864531   .0394725     2.19   0.029     .0089244    .1639818
         2020  |   .1094605   .0395512     2.77   0.006     .0317772    .1871438
         2022  |   .2118756   .0421173     5.03   0.000     .1291522     .294599
               |
    wealth_d2_ |   -.066937   .0765122    -0.87   0.382     -.217216    .0833421
    wealth_d3_ |   .0637112   .0641063     0.99   0.321    -.0622012    .1896237
    wealth_d4_ |   .0267639   .0606374     0.44   0.659    -.0923353     .145863
    wealth_d5_ |   .0474681   .0589453     0.81   0.421    -.0683076    .1632438
    wealth_d6_ |   .0485008   .0591821     0.82   0.413      -.06774    .1647416
    wealth_d7_ |   .0145227   .0595185     0.24   0.807    -.1023789    .1314243
    wealth_d8_ |    .023563   .0579077     0.41   0.684    -.0901747    .1373007
    wealth_d9_ |    .077295   .0581295     1.33   0.184    -.0368784    .1914684
   wealth_d10_ |   .0867769   .0586834     1.48   0.140    -.0284844    .2020382
trust_oth~2020 |   .0260725   .0094836     2.75   0.006     .0074456    .0446993
               |
            c. |
trust_oth~2020#|
            c. |
trust_oth~2020 |  -.0016622    .000812    -2.05   0.041     -.003257   -.0000673
               |
         _cons |  -.5307029    .061102    -8.69   0.000    -.6507145   -.4106912
--------------------------------------------------------------------------------
(output written to /Volumes/SSD PRO/Github-forks/Chp2-TrustandReturns/Code/Regres
> sions/Panel/panel_reg_r5_win.tex)
Wrote: /Volumes/SSD PRO/Github-forks/Chp2-TrustandReturns/Code/Regressions/Panel/
> panel_reg_r5_win.tex

. 
. eststo clear

. di as txt "Done. Tables in ${REGRESSIONS}/Panel/"
Done. Tables in /Volumes/SSD PRO/Github-forks/Chp2-TrustandReturns/Code/Regressio
> ns/Panel/

. log close
      name:  <unnamed>
       log:  /Volumes/SSD PRO/Github-forks/Chp2-TrustandReturns/Notes/Logs/14_pan
> el_reg_ret.log
  log type:  text
 closed on:  17 Feb 2026, 17:17:06
---------------------------------------------------------------------------------
