---------------------------------------------------------------------------------
      name:  <unnamed>
       log:  /Volumes/SSD PRO/Github-forks/Chp2-TrustandReturns/Notes/Logs/14_pan
> el_reg_ret.log
  log type:  text
 opened on:  18 Feb 2026, 18:42:03

. 
. capture which esttab

. if _rc ssc install estout, replace

. 
. * ----------------------------------------------------------------------
. * Load long panel
. * ----------------------------------------------------------------------
. use "${PROCESSED}/analysis_final_long_unbalanced.dta", clear

. set showbaselevels off

. 
. * censreg (census region) created upstream in 10_build_panel
. xtset hhidpn year

Panel variable: hhidpn (strongly balanced)
 Time variable: year, 2000 to 2022, but with gaps
         Delta: 1 unit

. 
. * Return variables: raw (r*_annual_nw) required for 14; winsorized (r*_annual_w
> 5) for _win tables
. * Fail fast if raw vars missing — indicates upstream pipeline failure (10 shoul
> d have exited 198).
. foreach v in r1_annual_nw r4_annual_nw r5_annual_nw {
  2.     capture confirm variable `v'
  3.     if _rc {
  4.         display as error "14_panel_reg_ret: `v' not found in long panel. Run
>  02, 03, 04, 05, 10 in order."
  5.         log close
  6.         exit 198
  7.     }
  8.     quietly count if !missing(`v')
  9.     display "14_panel_reg_ret: `v' nonmissing N = " %9.0f r(N)
 10. }
14_panel_reg_ret: r1_annual_nw nonmissing N =    132751
14_panel_reg_ret: r4_annual_nw nonmissing N =     64650
14_panel_reg_ret: r5_annual_nw nonmissing N =    137646

. 
. capture confirm variable r1_annual_win

. local has_r1_win = (_rc == 0)

. capture confirm variable r4_annual_win

. local has_r4_win = (_rc == 0)

. capture confirm variable r5_annual_win

. local has_r5_win = (_rc == 0)

. capture confirm variable r1_annual_w5

. local has_r1_w5 = (_rc == 0)

. capture confirm variable r4_annual_w5

. local has_r4_w5 = (_rc == 0)

. capture confirm variable r5_annual_w5

. local has_r5_w5 = (_rc == 0)

. 
. local r1_raw "r1_annual_nw"

. local r4_raw "r4_annual_nw"

. local r5_raw "r5_annual_nw"

. 
. * Trust (time-invariant)
. local trust_var "trust_others_2020"

. 
. * Base controls (all specs): age bins, region dummies, year dummies
. local base_ctrl "i.age_bin educ_yrs i.gender i.race_eth inlbrf married born_us 
> i.censreg i.year"

. 
. * Build scope-specific control lists (wealth deciles)
. local ctrl_r1 "`base_ctrl'"

. local ctrl_r4 "`base_ctrl'"

. local ctrl_r5 "`base_ctrl'"

. forvalues d = 2/10 {
  2.     capture confirm variable wealth_core_d`d'
  3.     if !_rc local ctrl_r1 "`ctrl_r1' wealth_core_d`d'"
  4.     capture confirm variable wealth_coreira_d`d'
  5.     if !_rc local ctrl_r4 "`ctrl_r4' wealth_coreira_d`d'"
  6.     capture confirm variable wealth_d`d'
  7.     if !_rc local ctrl_r5 "`ctrl_r5' wealth_d`d'"
  8. }

. 
. * ----------------------------------------------------------------------
. * Raw tables: panel_reg_r1.tex, panel_reg_r4.tex, panel_reg_r5.tex
. * ----------------------------------------------------------------------
. foreach ret in r1 r4 r5 {
  2.     local yvar ""
  3.     local ctrl ""
  4.     local ret_label ""
  5.     if "`ret'" == "r1" {
  6.         local yvar "`r1_raw'"
  7.         local ctrl "`ctrl_r1'"
  8.         local ret_label "returns to core"
  9.     }
 10.     if "`ret'" == "r4" {
 11.         local yvar "`r4_raw'"
 12.         local ctrl "`ctrl_r4'"
 13.         local ret_label "returns to ${LATEX_CORE_IRA}"
 14.     }
 15.     if "`ret'" == "r5" {
 16.         local yvar "`r5_raw'"
 17.         local ctrl "`ctrl_r5'"
 18.         local ret_label "returns to net wealth"
 19.     }
 20.     * raw vars guaranteed by 10; fail-fast above if missing
.     eststo clear
 21.     di as txt _n "--- Raw `ret_label' ---"
 22.     eststo m1: regress `yvar' `ctrl' if !missing(`yvar'), vce(cluster hhidpn
> )
 23.     * Keep only main coefficients (explicit list; age, year, censreg, wealth
>  omitted)
.     local keep_list "educ_yrs 2.gender 2.race_eth 3.race_eth 4.race_eth inlbrf_
>  married_ born_us `trust_var' c.`trust_var'#c.`trust_var' _cons"
 24.     eststo m2: regress `yvar' `ctrl' c.`trust_var' if !missing(`yvar') & !mi
> ssing(`trust_var'), vce(cluster hhidpn)
 25.     eststo m3: regress `yvar' `ctrl' c.`trust_var' c.`trust_var'#c.`trust_va
> r' if !missing(`yvar') & !missing(`trust_var'), vce(cluster hhidpn)
 26.     quietly testparm c.`trust_var' c.`trust_var'#c.`trust_var'
 27.     estadd scalar p_joint_trust = r(p) : m3
 28. 
.     local outfile "${REGRESSIONS}/Panel/panel_reg_`ret'.tex"
 29.     esttab m1 m2 m3 using "`outfile'", replace ///
>         booktabs ///
>         mtitles("(1)" "(2)" "(3)") ///
>         se star(* 0.10 ** 0.05 *** 0.01) b(2) se(2) label ///
>         keep(`keep_list') ///
>         varlabels(educ_yrs "Years of education" 2.gender "Female" 2.race_eth "N
> H Black" 3.race_eth "Hispanic" 4.race_eth "NH Other" inlbrf_ "Employed" married
> _ "Married" born_us "Born in U.S." `trust_var' "Trust" c.`trust_var'#c.`trust_v
> ar' "Trust²") ///
>         stats(N r2_a p_joint_trust, labels("Observations" "Adj. R-squared" "Joi
> nt test: Trust+Trust² p-value")) ///
>         title("Panel: `ret_label' (raw)") ///
>         addnotes("Cluster-robust SE in parentheses. Age bins (5-yr), wealth dec
> iles, region dummies," "and year dummies omitted from table but included in reg
> ressions.") ///
>         alignment(${LATEX_ALIGN}) width(0.85\hsize) nonumbers
 30. 
.     di as txt "Wrote: `outfile'"
 31. }

--- Raw returns to core ---

Linear regression                               Number of obs     =    129,608
                                                F(47, 27244)      =          .
                                                Prob > F          =          .
                                                R-squared         =     0.0813
                                                Root MSE          =     1.5433

                              (Std. err. adjusted for 27,245 clusters in hhidpn)
--------------------------------------------------------------------------------
               |               Robust
  r1_annual_nw | Coefficient  std. err.      t    P>|t|     [95% conf. interval]
---------------+----------------------------------------------------------------
      age_bin_ |
           25  |   1.291146   .5550997     2.33   0.020     .2031226     2.37917
           30  |   .8987831   .2219659     4.05   0.000     .4637187    1.333848
           35  |   .8192401   .1423957     5.75   0.000     .5401371    1.098343
           40  |   .7534454   .0834745     9.03   0.000     .5898311    .9170597
           45  |   .7743812   .0563291    13.75   0.000     .6639734     .884789
           50  |   .7761587   .0398966    19.45   0.000     .6979593    .8543581
           55  |   .7139955   .0340186    20.99   0.000     .6473173    .7806737
           60  |   .6179124   .0336248    18.38   0.000      .552006    .6838188
           65  |   .5490566   .0348623    15.75   0.000     .4807247    .6173886
           70  |    .474223   .0342963    13.83   0.000     .4070005    .5414455
           75  |   .4603395   .0345088    13.34   0.000     .3927005    .5279784
           80  |   .4133115   .0347003    11.91   0.000     .3452971    .4813259
           85  |   .4337972   .0365448    11.87   0.000     .3621676    .5054268
           90  |   .4020514   .0414176     9.71   0.000     .3208707     .483232
           95  |   .4707376    .068991     6.82   0.000     .3355118    .6059635
          100  |   .4933285    .209009     2.36   0.018     .0836601    .9029969
          105  |   .3754692   .3075261     1.22   0.222    -.2272977     .978236
               |
      educ_yrs |  -.0261378   .0019929   -13.12   0.000     -.030044   -.0222316
      2.gender |  -.0024283   .0098495    -0.25   0.805    -.0217339    .0168773
               |
      race_eth |
            2  |   .2401012   .0164202    14.62   0.000     .2079167    .2722857
            3  |   .1608446   .0262022     6.14   0.000     .1094869    .2122024
            4  |   .0235299   .0302125     0.78   0.436    -.0356881     .082748
               |
       inlbrf_ |   .1358573   .0114867    11.83   0.000     .1133428    .1583719
      married_ |  -.0701157   .0107917    -6.50   0.000     -.091268   -.0489635
       born_us |  -.0205676   .0214457    -0.96   0.338    -.0626023    .0214671
               |
      censreg_ |
            2  |  -.0352316   .0143665    -2.45   0.014    -.0633906   -.0070726
            3  |   .0025589   .0136858     0.19   0.852     -.024266    .0293838
            4  |   .0327511   .0163019     2.01   0.045     .0007987    .0647036
            5  |   .1112457   .1418767     0.78   0.433    -.1668398    .3893312
               |
          year |
         2004  |  -.0422608   .0177317    -2.38   0.017    -.0770157   -.0075058
         2006  |  -.0223309   .0183389    -1.22   0.223    -.0582761    .0136144
         2008  |    .005829    .018095     0.32   0.747    -.0296381    .0412961
         2010  |  -.1585185   .0187626    -8.45   0.000    -.1952942   -.1217428
         2012  |  -.1544384   .0177738    -8.69   0.000     -.189276   -.1196009
         2014  |  -.0697588   .0194623    -3.58   0.000    -.1079059   -.0316117
         2016  |  -.1199215   .0194005    -6.18   0.000    -.1579474   -.0818956
         2018  |   -.094577   .0211069    -4.48   0.000    -.1359476   -.0532065
         2020  |  -.0448066   .0208035    -2.15   0.031    -.0855824   -.0040307
         2022  |  -.0216856   .0233159    -0.93   0.352    -.0673859    .0240147
               |
wealth_core_d2 |   .2056185   .0222476     9.24   0.000     .1620121    .2492248
wealth_core_d3 |   .5313782   .0165797    32.05   0.000     .4988812    .5638752
wealth_core_d4 |   .7926757   .0140279    56.51   0.000     .7651803    .8201711
wealth_core_d5 |   1.018396   .0144917    70.27   0.000     .9899916    1.046801
wealth_core_d6 |   1.225898   .0154173    79.51   0.000     1.195679    1.256117
wealth_core_d7 |   1.411685   .0171142    82.49   0.000      1.37814     1.44523
wealth_core_d8 |   1.548761   .0191507    80.87   0.000     1.511225    1.586297
wealth_core_d9 |   1.634254   .0217062    75.29   0.000     1.591708    1.676799
wealth_c~e_d10 |    1.59627   .0241086    66.21   0.000     1.549016    1.643524
         _cons |  -1.050494   .0548347   -19.16   0.000    -1.157973   -.9430153
--------------------------------------------------------------------------------

Linear regression                               Number of obs     =      3,917
                                                F(43, 723)        =          .
                                                Prob > F          =          .
                                                R-squared         =     0.0837
                                                Root MSE          =     1.7389

                                 (Std. err. adjusted for 724 clusters in hhidpn)
--------------------------------------------------------------------------------
               |               Robust
  r1_annual_nw | Coefficient  std. err.      t    P>|t|     [95% conf. interval]
---------------+----------------------------------------------------------------
      age_bin_ |
           30  |   .1880796   .3656813     0.51   0.607    -.5298444    .9060035
           35  |   .0482238   .3940809     0.12   0.903    -.7254557    .8219033
           40  |   .1291597   .3684319     0.35   0.726    -.5941644    .8524837
           45  |   .2894719   .3921015     0.74   0.461    -.4803215    1.059265
           50  |   .3118196   .3784946     0.82   0.410    -.4312601    1.054899
           55  |   .3128292   .3653336     0.86   0.392    -.4044121    1.030071
           60  |   .2112869   .3561329     0.59   0.553    -.4878911    .9104649
           65  |   .1785344    .358393     0.50   0.619    -.5250809    .8821497
           70  |   .0184933   .3577209     0.05   0.959    -.6838025    .7207892
           75  |   .0058406   .3649361     0.02   0.987    -.7106205    .7223016
           80  |   .0846483   .3789771     0.22   0.823    -.6593787    .8286752
           85  |   .6766892   .5661164     1.20   0.232    -.4347391    1.788117
           90  |  -.1479531    .403892    -0.37   0.714    -.9408943    .6449881
               |
      educ_yrs |  -.0241669   .0124677    -1.94   0.053    -.0486441    .0003102
      2.gender |   .0869272   .0656641     1.32   0.186    -.0419877    .2158422
               |
      race_eth |
            2  |   .3648227   .1032872     3.53   0.000      .162044    .5676013
            3  |   .4394538    .149848     2.93   0.003     .1452647    .7336429
            4  |   .1759137   .1656008     1.06   0.288    -.1492021    .5010295
               |
       inlbrf_ |   .1051205   .0641908     1.64   0.102    -.0209021     .231143
      married_ |   -.022076   .0698291    -0.32   0.752     -.159168     .115016
       born_us |   .1213425    .103938     1.17   0.243    -.0827139    .3253989
               |
      censreg_ |
            2  |  -.0503111    .088808    -0.57   0.571    -.2246635    .1240412
            3  |    .062028   .0862238     0.72   0.472    -.1072508    .2313068
            4  |   .1257326   .1074264     1.17   0.242    -.0851724    .3366375
            5  |  -.5688879   .1454953    -3.91   0.000    -.8545317   -.2832441
               |
          year |
         2004  |  -.0895498   .1418098    -0.63   0.528    -.3679579    .1888583
         2006  |   .2147145   .1257427     1.71   0.088    -.0321499    .4615789
         2008  |  -.0560294   .1158017    -0.48   0.629    -.2833771    .1713183
         2010  |   .1014799   .1711865     0.59   0.553    -.2346021     .437562
         2012  |  -.1073872   .1348108    -0.80   0.426    -.3720546    .1572802
         2014  |   .0695671   .1293843     0.54   0.591    -.1844468     .323581
         2016  |  -.0554667   .1285336    -0.43   0.666    -.3078103    .1968769
         2018  |  -.0219869     .14496    -0.15   0.879    -.3065797    .2626058
         2020  |  -.0788329   .1244137    -0.63   0.527     -.323088    .1654223
         2022  |   .1343205   .1478847     0.91   0.364    -.1560142    .4246553
               |
wealth_core_d2 |   .1836892   .1510292     1.22   0.224    -.1128189    .4801974
wealth_core_d3 |   .5090829   .1330532     3.83   0.000      .247866    .7702997
wealth_core_d4 |   .7963323   .0919488     8.66   0.000     .6158138    .9768509
wealth_core_d5 |   .9501658   .0932036    10.19   0.000     .7671838    1.133148
wealth_core_d6 |   1.181852   .1048308    11.27   0.000     .9760431    1.387661
wealth_core_d7 |   1.540238   .1243545    12.39   0.000     1.296099    1.784377
wealth_core_d8 |   1.488345   .1256916    11.84   0.000     1.241581    1.735109
wealth_core_d9 |   1.692652   .1460465    11.59   0.000     1.405926    1.979378
wealth_c~e_d10 |   1.900753   .2182783     8.71   0.000     1.472218    2.329288
trust_oth~2020 |  -.0031944   .0144813    -0.22   0.825    -.0316248     .025236
         _cons |  -1.050939   .4238598    -2.48   0.013    -1.883082   -.2187961
--------------------------------------------------------------------------------

Linear regression                               Number of obs     =      3,917
                                                F(44, 723)        =          .
                                                Prob > F          =          .
                                                R-squared         =     0.0843
                                                Root MSE          =     1.7385

                                 (Std. err. adjusted for 724 clusters in hhidpn)
--------------------------------------------------------------------------------
               |               Robust
  r1_annual_nw | Coefficient  std. err.      t    P>|t|     [95% conf. interval]
---------------+----------------------------------------------------------------
      age_bin_ |
           30  |   .2947407   .3308944     0.89   0.373    -.3548879    .9443692
           35  |   .0818895    .361612     0.23   0.821    -.6280456    .7918245
           40  |   .1891528   .3209777     0.59   0.556    -.4410068    .8193125
           45  |   .3608189   .3499933     1.03   0.303    -.3263056    1.047943
           50  |   .3818606   .3376805     1.13   0.258    -.2810908    1.044812
           55  |   .3801077    .323334     1.18   0.240    -.2546779    1.014893
           60  |   .2779102   .3103128     0.90   0.371    -.3313116    .8871319
           65  |   .2406801   .3117884     0.77   0.440    -.3714386    .8527989
           70  |   .0800413   .3118719     0.26   0.798    -.5322414    .6923239
           75  |   .0626713    .318521     0.20   0.844    -.5626653    .6880079
           80  |   .1323232    .333071     0.40   0.691    -.5215786    .7862251
           85  |   .7208324   .5355866     1.35   0.179    -.3306584    1.772323
           90  |  -.1264526   .3667659    -0.34   0.730     -.846506    .5936009
               |
      educ_yrs |  -.0208974   .0126596    -1.65   0.099    -.0457514    .0039566
      2.gender |   .0815875   .0645359     1.26   0.207    -.0451126    .2082875
               |
      race_eth |
            2  |   .3565128   .1034559     3.45   0.001     .1534029    .5596227
            3  |    .442977   .1493906     2.97   0.003     .1496858    .7362682
            4  |   .1664127     .16642     1.00   0.318    -.1603114    .4931369
               |
       inlbrf_ |   .1067021   .0645741     1.65   0.099     -.020073    .2334771
      married_ |  -.0193526   .0695418    -0.28   0.781    -.1558805    .1171754
       born_us |   .1229744   .1036222     1.19   0.236     -.080462    .3264108
               |
      censreg_ |
            2  |  -.0507193   .0889123    -0.57   0.569    -.2252765    .1238378
            3  |   .0600874   .0861712     0.70   0.486    -.1090882    .2292631
            4  |   .1324094   .1067744     1.24   0.215    -.0772155    .3420342
            5  |  -.5519518   .1457384    -3.79   0.000    -.8380727   -.2658308
               |
          year |
         2004  |  -.0917115   .1415718    -0.65   0.517    -.3696525    .1862294
         2006  |   .2186466   .1256182     1.74   0.082    -.0279734    .4652665
         2008  |   -.050767   .1154408    -0.44   0.660    -.2774062    .1758721
         2010  |   .1040052   .1709649     0.61   0.543    -.2316418    .4396522
         2012  |  -.1034258   .1349183    -0.77   0.444    -.3683043    .1614527
         2014  |   .0730462   .1290046     0.57   0.571    -.1802221    .3263145
         2016  |   -.050846   .1285761    -0.40   0.693     -.303273     .201581
         2018  |  -.0153343   .1447916    -0.11   0.916    -.2995965    .2689279
         2020  |  -.0713723   .1242518    -0.57   0.566    -.3153097    .1725651
         2022  |   .1439274   .1477518     0.97   0.330    -.1461464    .4340012
               |
wealth_core_d2 |   .1806416   .1529425     1.18   0.238    -.1196229    .4809062
wealth_core_d3 |   .5055819     .13394     3.77   0.000     .2426241    .7685398
wealth_core_d4 |   .8017193   .0919952     8.71   0.000     .6211096     .982329
wealth_core_d5 |   .9651531   .0932192    10.35   0.000     .7821403    1.148166
wealth_core_d6 |   1.195762   .1054482    11.34   0.000     .9887409    1.402783
wealth_core_d7 |    1.55275   .1248136    12.44   0.000     1.307709     1.79779
wealth_core_d8 |   1.498227   .1263062    11.86   0.000     1.250257    1.746198
wealth_core_d9 |    1.70724   .1472398    11.59   0.000     1.418171    1.996309
wealth_c~e_d10 |    1.91392   .2196091     8.72   0.000     1.482772    2.345067
trust_oth~2020 |  -.0732053   .0504162    -1.45   0.147    -.1721848    .0257743
               |
            c. |
trust_oth~2020#|
            c. |
trust_oth~2020 |   .0060521    .004159     1.46   0.146    -.0021131    .0142174
               |
         _cons |   -1.00228   .3764626    -2.66   0.008    -1.741371     -.26319
--------------------------------------------------------------------------------
(output written to /Volumes/SSD PRO/Github-forks/Chp2-TrustandReturns/Code/Regres
> sions/Panel/panel_reg_r1.tex)
Wrote: /Volumes/SSD PRO/Github-forks/Chp2-TrustandReturns/Code/Regressions/Panel/
> panel_reg_r1.tex

--- Raw returns to core and IRA ---

Linear regression                               Number of obs     =     63,767
                                                F(46, 14405)      =      65.35
                                                Prob > F          =     0.0000
                                                R-squared         =     0.0550
                                                Root MSE          =     .63322

                              (Std. err. adjusted for 14,406 clusters in hhidpn)
--------------------------------------------------------------------------------
               |               Robust
  r4_annual_nw | Coefficient  std. err.      t    P>|t|     [95% conf. interval]
---------------+----------------------------------------------------------------
      age_bin_ |
           30  |  -1.148212   .9235617    -1.24   0.214    -2.958511    .6620882
           35  |   -1.09126   .9670775    -1.13   0.259    -2.986856    .8043365
           40  |  -1.091664   .9639536    -1.13   0.257    -2.981137    .7978092
           45  |  -1.101475   .9622237    -1.14   0.252    -2.987557    .7846072
           50  |  -1.084632    .962018    -1.13   0.260    -2.970312    .8010467
           55  |   -1.09091   .9619755    -1.13   0.257    -2.976505    .7946863
           60  |  -1.110724    .961968    -1.15   0.248    -2.996305    .7748573
           65  |  -1.114974   .9619739    -1.16   0.246    -3.000567    .7706181
           70  |  -1.145449   .9619855    -1.19   0.234    -3.031065    .7401659
           75  |  -1.143467   .9620002    -1.19   0.235    -3.029111    .7421773
           80  |  -1.147182   .9620213    -1.19   0.233    -3.032868    .7385035
           85  |  -1.158082   .9620726    -1.20   0.229    -3.043868    .7277037
           90  |  -1.121738   .9622964    -1.17   0.244    -3.007963    .7644864
           95  |  -1.251517   .9638221    -1.30   0.194    -3.140732    .6376987
          100  |  -.5987592   1.045176    -0.57   0.567    -2.647438    1.449919
               |
      educ_yrs |  -.0128629   .0012628   -10.19   0.000    -.0153381   -.0103877
      2.gender |  -.0218402   .0054789    -3.99   0.000    -.0325795   -.0111009
               |
      race_eth |
            2  |   .1373936   .0162989     8.43   0.000     .1054456    .1693415
            3  |   .0541941   .0153312     3.53   0.000      .024143    .0842452
            4  |  -.0005777   .0174978    -0.03   0.974    -.0348756    .0337202
               |
       inlbrf_ |    .036795   .0063041     5.84   0.000     .0244381    .0491519
      married_ |  -.0609702   .0066609    -9.15   0.000    -.0740265    -.047914
       born_us |  -.0024825   .0113728    -0.22   0.827    -.0247747    .0198097
               |
      censreg_ |
            2  |  -.0178712    .008386    -2.13   0.033    -.0343088   -.0014336
            3  |  -.0147761   .0081321    -1.82   0.069     -.030716    .0011638
            4  |  -.0186693   .0093097    -2.01   0.045    -.0369175    -.000421
            5  |   .0685483    .074573     0.92   0.358    -.0776245     .214721
               |
          year |
         2004  |   .0424065   .0117453     3.61   0.000     .0193843    .0654287
         2006  |   .0593914   .0109823     5.41   0.000     .0378646    .0809181
         2008  |   .0247518   .0108241     2.29   0.022     .0035352    .0459685
         2010  |  -.0727827   .0107825    -6.75   0.000    -.0939178   -.0516477
         2012  |  -.0501734   .0105639    -4.75   0.000    -.0708799   -.0294668
         2014  |   .0015472   .0113746     0.14   0.892    -.0207485    .0238428
         2016  |  -.0218953   .0121453    -1.80   0.071    -.0457016     .001911
         2018  |  -.0053668   .0121237    -0.44   0.658    -.0291308    .0183971
         2020  |  -.0279618   .0119479    -2.34   0.019    -.0513813   -.0045423
         2022  |   .0194179   .0140125     1.39   0.166    -.0080483    .0468842
               |
wealth_co~a_d2 |    .053499   .0610623     0.88   0.381     -.066191     .173189
wealth_corei~3 |   .1738685    .032858     5.29   0.000     .1094625    .2382744
wealth_co~a_d4 |   .3373769   .0285382    11.82   0.000     .2814383    .3933155
wealth_corei~5 |   .5151171   .0248553    20.72   0.000     .4663976    .5638366
wealth_co~a_d6 |   .6391486    .024024    26.60   0.000     .5920585    .6862387
wealth_corei~7 |   .7163333   .0239787    29.87   0.000     .6693319    .7633346
wealth_co~a_d8 |   .7650014      .0239    32.01   0.000     .7181543    .8118484
wealth_corei~9 |   .8208596   .0242215    33.89   0.000     .7733823    .8683368
wealth_c~a_d10 |    .880104   .0245311    35.88   0.000     .8320198    .9281882
         _cons |   .7704409   .9629988     0.80   0.424    -1.117161    2.658043
--------------------------------------------------------------------------------

Linear regression                               Number of obs     =      2,003
                                                F(41, 403)        =          .
                                                Prob > F          =          .
                                                R-squared         =     0.0773
                                                Root MSE          =     .62011

                                 (Std. err. adjusted for 404 clusters in hhidpn)
--------------------------------------------------------------------------------
               |               Robust
  r4_annual_nw | Coefficient  std. err.      t    P>|t|     [95% conf. interval]
---------------+----------------------------------------------------------------
      age_bin_ |
           40  |  -.2570091   .2166454    -1.19   0.236    -.6829053     .168887
           45  |  -.2819629   .2864336    -0.98   0.326    -.8450535    .2811278
           50  |  -.0820637   .2672442    -0.31   0.759    -.6074304     .443303
           55  |  -.0863067   .2646135    -0.33   0.744    -.6065019    .4338886
           60  |  -.1284982   .2601253    -0.49   0.622    -.6398702    .3828739
           65  |  -.1295623   .2617287    -0.50   0.621    -.6440863    .3849617
           70  |  -.2033021   .2631046    -0.77   0.440    -.7205309    .3139267
           75  |  -.2378376   .2636826    -0.90   0.368    -.7562028    .2805276
           80  |  -.1803657   .2694308    -0.67   0.504    -.7100311    .3492997
           85  |  -.2187781   .2848935    -0.77   0.443    -.7788412     .341285
               |
      educ_yrs |  -.0195992   .0068797    -2.85   0.005    -.0331237   -.0060746
      2.gender |   .0019011   .0297789     0.06   0.949    -.0566404    .0604426
               |
      race_eth |
            2  |   .0621014   .0638181     0.97   0.331    -.0633566    .1875594
            3  |   .1788515   .0978994     1.83   0.068    -.0136058    .3713089
            4  |  -.0370482   .0588326    -0.63   0.529    -.1527053    .0786089
               |
       inlbrf_ |   .0293033   .0309026     0.95   0.344    -.0314471    .0900538
      married_ |  -.0800979   .0399751    -2.00   0.046    -.1586836   -.0015122
       born_us |  -.0319558   .0514362    -0.62   0.535    -.1330726    .0691609
               |
      censreg_ |
            2  |   -.024165   .0458612    -0.53   0.599    -.1143221    .0659921
            3  |  -.0202107   .0450637    -0.45   0.654    -.1088001    .0683786
            4  |  -.0299007   .0548571    -0.55   0.586    -.1377425    .0779412
            5  |  -.0855535   .0534412    -1.60   0.110    -.1906118    .0195048
               |
          year |
         2004  |  -.0882943   .0614783    -1.44   0.152    -.2091525    .0325638
         2006  |   .1584839   .0867373     1.83   0.068    -.0120302     .328998
         2008  |  -.0764967   .0653747    -1.17   0.243    -.2050148    .0520214
         2010  |    .006716    .093234     0.07   0.943    -.1765697    .1900016
         2012  |  -.0630825   .0730125    -0.86   0.388    -.2066154    .0804504
         2014  |   .0448274   .0761662     0.59   0.556    -.1049053    .1945601
         2016  |   .0411609   .0750306     0.55   0.584    -.1063393    .1886611
         2018  |  -.0118754   .0739781    -0.16   0.873    -.1573066    .1335558
         2020  |   -.006221   .0743956    -0.08   0.933    -.1524728    .1400308
         2022  |   .0229292    .072427     0.32   0.752    -.1194528    .1653112
               |
wealth_co~a_d2 |  -.1392894   .1916939    -0.73   0.468    -.5161343    .2375554
wealth_corei~3 |   .0048318   .2840964     0.02   0.986    -.5536641    .5633278
wealth_co~a_d4 |   .1516323   .2112897     0.72   0.473    -.2637353    .5669998
wealth_corei~5 |   .4361354   .1885551     2.31   0.021      .065461    .8068098
wealth_co~a_d6 |   .5785751   .2068324     2.80   0.005       .17197    .9851802
wealth_corei~7 |   .6273673   .1989621     3.15   0.002     .2362341      1.0185
wealth_co~a_d8 |    .656954   .1968575     3.34   0.001     .2699582     1.04395
wealth_corei~9 |   .7707486   .1990539     3.87   0.000      .379435    1.162062
wealth_c~a_d10 |    .822168   .1978422     4.16   0.000     .4332363      1.2111
trust_oth~2020 |  -.0076226   .0074839    -1.02   0.309     -.022335    .0070898
         _cons |    .054567   .3470183     0.16   0.875    -.6276252    .7367592
--------------------------------------------------------------------------------

Linear regression                               Number of obs     =      2,003
                                                F(42, 403)        =          .
                                                Prob > F          =          .
                                                R-squared         =     0.0774
                                                Root MSE          =     .62023

                                 (Std. err. adjusted for 404 clusters in hhidpn)
--------------------------------------------------------------------------------
               |               Robust
  r4_annual_nw | Coefficient  std. err.      t    P>|t|     [95% conf. interval]
---------------+----------------------------------------------------------------
      age_bin_ |
           40  |  -.2557106   .2161765    -1.18   0.238     -.680685    .1692638
           45  |  -.2752246   .2865965    -0.96   0.337    -.8386355    .2881863
           50  |  -.0772606   .2668889    -0.29   0.772    -.6019289    .4474077
           55  |   -.079718   .2644519    -0.30   0.763    -.5995955    .4401594
           60  |  -.1224095    .259761    -0.47   0.638    -.6330654    .3882464
           65  |  -.1224152   .2614276    -0.47   0.640    -.6363473    .3915169
           70  |  -.1961762   .2627913    -0.75   0.456    -.7127892    .3204367
           75  |  -.2304098   .2633475    -0.87   0.382    -.7481163    .2872967
           80  |  -.1728678   .2692942    -0.64   0.521    -.7022647    .3565291
           85  |  -.2092993   .2849275    -0.73   0.463    -.7694292    .3508305
               |
      educ_yrs |  -.0202993   .0071322    -2.85   0.005    -.0343202   -.0062783
      2.gender |    .003358   .0300797     0.11   0.911    -.0557748    .0624907
               |
      race_eth |
            2  |   .0631368   .0638038     0.99   0.323    -.0622929    .1885666
            3  |   .1777712   .0978551     1.82   0.070     -.014599    .3701414
            4  |  -.0344262   .0591659    -0.58   0.561    -.1507385    .0818862
               |
       inlbrf_ |   .0293973   .0308958     0.95   0.342    -.0313398    .0901344
      married_ |  -.0803213   .0400132    -2.01   0.045    -.1589821   -.0016605
       born_us |   -.033432     .05213    -0.64   0.522    -.1359127    .0690487
               |
      censreg_ |
            2  |  -.0247213   .0458671    -0.54   0.590      -.11489    .0654473
            3  |  -.0202845   .0450383    -0.45   0.653    -.1088239    .0682549
            4  |  -.0325133   .0552727    -0.59   0.557     -.141172    .0761455
            5  |  -.0869928   .0535388    -1.62   0.105    -.1922431    .0182575
               |
          year |
         2004  |  -.0889541   .0614212    -1.45   0.148    -.2097001    .0317918
         2006  |   .1576564   .0864869     1.82   0.069    -.0123654    .3276783
         2008  |  -.0781463   .0652074    -1.20   0.231    -.2063356    .0500429
         2010  |   .0046374   .0930962     0.05   0.960    -.1783775    .1876522
         2012  |  -.0643013   .0728739    -0.88   0.378    -.2075618    .0789593
         2014  |   .0430575   .0757616     0.57   0.570    -.1058798    .1919948
         2016  |   .0391718   .0750481     0.52   0.602    -.1083629    .1867065
         2018  |  -.0136683   .0737792    -0.19   0.853    -.1587086    .1313719
         2020  |  -.0083379   .0739729    -0.11   0.910    -.1537588    .1370831
         2022  |   .0202965   .0723404     0.28   0.779    -.1219151    .1625082
               |
wealth_co~a_d2 |  -.1473138    .191798    -0.77   0.443    -.5243634    .2297358
wealth_corei~3 |   .0042867   .2838323     0.02   0.988    -.5536902    .5622635
wealth_co~a_d4 |   .1487181   .2123461     0.70   0.484    -.2687263    .5661625
wealth_corei~5 |   .4315413   .1899543     2.27   0.024     .0581162    .8049663
wealth_co~a_d6 |   .5724238   .2085404     2.74   0.006     .1624609    .9823866
wealth_corei~7 |   .6218996   .2002117     3.11   0.002     .2283099    1.015489
wealth_co~a_d8 |   .6512179   .1981326     3.29   0.001     .2617153     1.04072
wealth_corei~9 |   .7651823   .2005069     3.82   0.000     .3710122    1.159352
wealth_c~a_d10 |   .8175612   .1990103     4.11   0.000     .4263332    1.208789
trust_oth~2020 |   .0076728   .0290746     0.26   0.792     -.049484    .0648296
               |
            c. |
trust_oth~2020#|
            c. |
trust_oth~2020 |  -.0012156   .0022142    -0.55   0.583    -.0055684    .0031372
               |
         _cons |   .0221823   .3468777     0.06   0.949    -.6597335    .7040981
--------------------------------------------------------------------------------
(output written to /Volumes/SSD PRO/Github-forks/Chp2-TrustandReturns/Code/Regres
> sions/Panel/panel_reg_r4.tex)
Wrote: /Volumes/SSD PRO/Github-forks/Chp2-TrustandReturns/Code/Regressions/Panel/
> panel_reg_r4.tex

--- Raw returns to net wealth ---

Linear regression                               Number of obs     =    102,535
                                                F(46, 21991)      =      32.06
                                                Prob > F          =     0.0000
                                                R-squared         =     0.0177
                                                Root MSE          =     .65623

                            (Std. err. adjusted for 21,992 clusters in hhidpn)
------------------------------------------------------------------------------
             |               Robust
r5_annual_nw | Coefficient  std. err.      t    P>|t|     [95% conf. interval]
-------------+----------------------------------------------------------------
    age_bin_ |
         35  |   .0136117   .1576932     0.09   0.931    -.2954784    .3227018
         40  |   .0950784   .1385854     0.69   0.493    -.1765589    .3667157
         45  |   .0441751    .122338     0.36   0.718    -.1956162    .2839663
         50  |   .0535017     .11944     0.45   0.654    -.1806093    .2876128
         55  |   .0431732   .1180151     0.37   0.714    -.1881449    .2744913
         60  |   .0184848   .1176172     0.16   0.875    -.2120534     .249023
         65  |   .0151885   .1176762     0.13   0.897    -.2154653    .2458422
         70  |  -.0302988   .1176428    -0.26   0.797    -.2608871    .2002895
         75  |  -.0442968   .1177446    -0.38   0.707    -.2750847    .1864912
         80  |  -.0708316   .1177345    -0.60   0.547    -.3015998    .1599366
         85  |  -.0609106    .118098    -0.52   0.606    -.2923912      .17057
         90  |  -.0738995    .118553    -0.62   0.533    -.3062718    .1584729
         95  |  -.0414756   .1219873    -0.34   0.734    -.2805794    .1976282
        100  |   .0393827   .1541559     0.26   0.798    -.2627739    .3415393
        105  |   -.800984   .1643329    -4.87   0.000    -1.123088   -.4788797
             |
    educ_yrs |  -.0051533   .0008544    -6.03   0.000    -.0068279   -.0034788
    2.gender |  -.0362237   .0045189    -8.02   0.000    -.0450811   -.0273662
             |
    race_eth |
          2  |   .0915332   .0079145    11.57   0.000     .0760203    .1070461
          3  |   .0551858   .0154896     3.56   0.000     .0248251    .0855464
          4  |   .0279232   .0154789     1.80   0.071    -.0024167     .058263
             |
     inlbrf_ |   .0304295   .0052639     5.78   0.000     .0201118    .0407472
    married_ |  -.0975547    .005434   -17.95   0.000    -.1082057   -.0869037
     born_us |   .0089024   .0108369     0.82   0.411    -.0123387    .0301435
             |
    censreg_ |
          2  |  -.0185825   .0064077    -2.90   0.004     -.031142   -.0060229
          3  |  -.0076967   .0061989    -1.24   0.214    -.0198469    .0044535
          4  |   .0110684    .007817     1.42   0.157    -.0042535    .0263903
          5  |   .0143841   .0463001     0.31   0.756    -.0763674    .1051357
             |
        year |
       2004  |   .0102645   .0085943     1.19   0.232    -.0065811      .02711
       2006  |   .0453774   .0081156     5.59   0.000     .0294702    .0612847
       2008  |  -.0313027   .0079954    -3.92   0.000    -.0469743   -.0156312
       2010  |  -.0707637   .0098743    -7.17   0.000     -.090118   -.0514094
       2012  |  -.0472108   .0085279    -5.54   0.000     -.063926   -.0304956
       2014  |   .0203206   .0090627     2.24   0.025     .0025571    .0380842
       2016  |   .0054218   .0090379     0.60   0.549    -.0122931    .0231368
       2018  |   .0315559   .0102227     3.09   0.002     .0115188    .0515931
       2020  |   .0186798    .009885     1.89   0.059    -.0006956    .0380552
       2022  |   .1098362   .0111353     9.86   0.000     .0880103    .1316621
             |
   wealth_d2 |   .0487335   .0175752     2.77   0.006     .0142848    .0831822
   wealth_d3 |   .1080142   .0146772     7.36   0.000     .0792458    .1367826
   wealth_d4 |   .1205008   .0144259     8.35   0.000      .092225    .1487765
   wealth_d5 |   .1163043   .0144581     8.04   0.000     .0879655    .1446432
   wealth_d6 |   .1230489   .0144445     8.52   0.000     .0947367    .1513611
   wealth_d7 |   .1146807   .0145287     7.89   0.000     .0862034    .1431581
   wealth_d8 |   .1328723   .0144905     9.17   0.000     .1044698    .1612748
   wealth_d9 |    .131942   .0144536     9.13   0.000     .1036119     .160272
  wealth_d10 |   .2107886   .0165362    12.75   0.000     .1783764    .2432007
       _cons |    .192517   .1199186     1.61   0.108     -.042532     .427566
------------------------------------------------------------------------------

Linear regression                               Number of obs     =      2,914
                                                F(43, 573)        =          .
                                                Prob > F          =          .
                                                R-squared         =     0.0409
                                                Root MSE          =     .64138

                                 (Std. err. adjusted for 574 clusters in hhidpn)
--------------------------------------------------------------------------------
               |               Robust
  r5_annual_nw | Coefficient  std. err.      t    P>|t|     [95% conf. interval]
---------------+----------------------------------------------------------------
      age_bin_ |
           35  |   .9637825   .0741061    13.01   0.000     .8182298    1.109335
           40  |   .6069218   .2682572     2.26   0.024     .0800344    1.133809
           45  |   .7546886   .1537342     4.91   0.000     .4527374     1.05664
           50  |   .9046848   .1405594     6.44   0.000     .6286104    1.180759
           55  |   .8703292   .1236361     7.04   0.000     .6274941    1.113164
           60  |   .9115505   .1204774     7.57   0.000     .6749193    1.148182
           65  |   .8737474   .1151046     7.59   0.000     .6476691    1.099826
           70  |   .7779483   .1230573     6.32   0.000       .53625    1.019647
           75  |   .7572762   .1189839     6.36   0.000     .5235785    .9909739
           80  |    .667413   .1230803     5.42   0.000     .4256694    .9091566
           85  |   .8422154   .1576511     5.34   0.000     .5325708     1.15186
           90  |   .8441086   .4193639     2.01   0.045     .0204307    1.667787
               |
      educ_yrs |  -.0069164   .0039615    -1.75   0.081    -.0146972    .0008645
      2.gender |  -.0441667   .0249191    -1.77   0.077    -.0931107    .0047773
               |
      race_eth |
            2  |   .0696899   .0413064     1.69   0.092    -.0114406    .1508204
            3  |  -.0213876   .0480289    -0.45   0.656    -.1157218    .0729466
            4  |   .0545584   .0923068     0.59   0.555    -.1267426    .2358593
               |
       inlbrf_ |    .029308   .0266963     1.10   0.273    -.0231266    .0817426
      married_ |   -.091485   .0293645    -3.12   0.002    -.1491603   -.0338097
       born_us |   .0439152   .0427416     1.03   0.305     -.040034    .1278644
               |
      censreg_ |
            2  |   .0577106   .0354952     1.63   0.105    -.0120059    .1274272
            3  |   .0561063   .0304956     1.84   0.066    -.0037906    .1160032
            4  |   .1527367   .0460934     3.31   0.001     .0622041    .2432692
            5  |   .0891236    .075379     1.18   0.238    -.0589292    .2371764
               |
          year |
         2004  |  -.0016382   .0613431    -0.03   0.979    -.1221229    .1188466
         2006  |   .1628373   .0627194     2.60   0.010     .0396493    .2860254
         2008  |   .0351056   .0644215     0.54   0.586    -.0914254    .1616366
         2010  |  -.0162238   .0585345    -0.28   0.782    -.1311921    .0987445
         2012  |   .0388566   .0569652     0.68   0.495    -.0730294    .1507426
         2014  |   .1715361   .0702348     2.44   0.015     .0335872    .3094851
         2016  |   .1243995   .0666733     1.87   0.063    -.0065543    .2553534
         2018  |   .1291129    .059073     2.19   0.029      .013087    .2451389
         2020  |   .1612158   .0599385     2.69   0.007     .0434898    .2789419
         2022  |   .2632897   .0603952     4.36   0.000     .1446668    .3819127
               |
     wealth_d2 |  -.1627709   .1028622    -1.58   0.114    -.3648039     .039262
     wealth_d3 |   .0249007   .0891571     0.28   0.780    -.1502139    .2000152
     wealth_d4 |   .0060253   .0864143     0.07   0.944    -.1637021    .1757526
     wealth_d5 |   .0700284   .0915912     0.76   0.445     -.109867    .2499238
     wealth_d6 |   .0259141   .0842529     0.31   0.759    -.1395681    .1913963
     wealth_d7 |   .0403984   .0955393     0.42   0.673    -.1472515    .2280483
     wealth_d8 |   .0080916   .0846923     0.10   0.924    -.1582536    .1744367
     wealth_d9 |   .0667226   .0862047     0.77   0.439    -.1025932    .2360383
    wealth_d10 |   .0518917   .0853294     0.61   0.543    -.1157047    .2194882
trust_oth~2020 |   .0121165   .0042547     2.85   0.005     .0037598    .0204732
         _cons |  -.7906951   .1003025    -7.88   0.000    -.9877005   -.5936897
--------------------------------------------------------------------------------

Linear regression                               Number of obs     =      2,914
                                                F(45, 573)        =     186.23
                                                Prob > F          =     0.0000
                                                R-squared         =     0.0423
                                                Root MSE          =     .64101

                                 (Std. err. adjusted for 574 clusters in hhidpn)
--------------------------------------------------------------------------------
               |               Robust
  r5_annual_nw | Coefficient  std. err.      t    P>|t|     [95% conf. interval]
---------------+----------------------------------------------------------------
      age_bin_ |
           35  |   .9256739   .0891475    10.38   0.000     .7505782     1.10077
           40  |   .5431454     .26131     2.08   0.038     .0299032    1.056388
           45  |   .6722275   .1572527     4.27   0.000     .3633655    .9810895
           50  |   .8257346   .1428629     5.78   0.000     .5451357    1.106333
           55  |   .7962147   .1253753     6.35   0.000     .5499636    1.042466
           60  |    .836003   .1222149     6.84   0.000     .5959592    1.076047
           65  |   .8000234   .1174865     6.81   0.000     .5692667     1.03078
           70  |   .7069246   .1237719     5.71   0.000     .4638226    .9500265
           75  |   .6871805   .1196474     5.74   0.000     .4521794    .9221815
           80  |   .6019288   .1236382     4.87   0.000     .3590895    .8447681
           85  |   .7824994   .1554889     5.03   0.000     .4771017    1.087897
           90  |   .7931605   .4137916     1.92   0.056    -.0195728    1.605894
               |
      educ_yrs |  -.0092598   .0041418    -2.24   0.026    -.0173949   -.0011248
      2.gender |  -.0400408   .0248464    -1.61   0.108    -.0888419    .0087603
               |
      race_eth |
            2  |   .0752176   .0411799     1.83   0.068    -.0056644    .1560996
            3  |  -.0213069   .0477431    -0.45   0.656    -.1150798     .072466
            4  |   .0652632    .092669     0.70   0.482    -.1167491    .2472754
               |
       inlbrf_ |    .029564   .0267147     1.11   0.269    -.0229067    .0820346
      married_ |  -.0901306   .0293442    -3.07   0.002     -.147766   -.0324952
       born_us |   .0444657   .0425037     1.05   0.296    -.0390163    .1279478
               |
      censreg_ |
            2  |   .0563581   .0351405     1.60   0.109    -.0126618     .125378
            3  |   .0559983   .0299686     1.87   0.062    -.0028634      .11486
            4  |   .1466204   .0463516     3.16   0.002     .0555806    .2376603
            5  |   .0818033   .0747143     1.09   0.274    -.0649441    .2285506
               |
          year |
         2004  |  -.0032227   .0613903    -0.05   0.958    -.1238001    .1173548
         2006  |    .158684   .0627242     2.53   0.012     .0354866    .2818813
         2008  |   .0303387   .0643252     0.47   0.637    -.0960032    .1566806
         2010  |  -.0219298   .0585583    -0.37   0.708    -.1369449    .0930852
         2012  |   .0329397   .0570175     0.58   0.564    -.0790492    .1449285
         2014  |   .1652938   .0703513     2.35   0.019      .027116    .3034716
         2016  |   .1185379   .0666307     1.78   0.076    -.0123324    .2494081
         2018  |   .1231061   .0594527     2.07   0.039     .0063343    .2398779
         2020  |   .1546347   .0599959     2.58   0.010      .036796    .2724734
         2022  |   .2536639   .0603722     4.20   0.000     .1350861    .3722417
               |
     wealth_d2 |  -.1619681   .1023598    -1.58   0.114    -.3630143    .0390781
     wealth_d3 |   .0266135   .0889023     0.30   0.765    -.1480007    .2012277
     wealth_d4 |   .0082569   .0863633     0.10   0.924    -.1613703    .1778842
     wealth_d5 |   .0708858   .0913221     0.78   0.438    -.1084811    .2502526
     wealth_d6 |   .0302566   .0839324     0.36   0.719     -.134596    .1951092
     wealth_d7 |     .03689   .0957544     0.39   0.700    -.1511824    .2249625
     wealth_d8 |   .0059042   .0845541     0.07   0.944    -.1601697     .171978
     wealth_d9 |   .0660371   .0860907     0.77   0.443    -.1030547    .2351289
    wealth_d10 |   .0505269    .085222     0.59   0.553    -.1168587    .2179125
trust_oth~2020 |   .0457053   .0128154     3.57   0.000     .0205344    .0708762
               |
            c. |
trust_oth~2020#|
            c. |
trust_oth~2020 |  -.0029255   .0011644    -2.51   0.012    -.0052126   -.0006384
               |
         _cons |  -.7646122    .101418    -7.54   0.000    -.9638086   -.5654157
--------------------------------------------------------------------------------
(output written to /Volumes/SSD PRO/Github-forks/Chp2-TrustandReturns/Code/Regres
> sions/Panel/panel_reg_r5.tex)
Wrote: /Volumes/SSD PRO/Github-forks/Chp2-TrustandReturns/Code/Regressions/Panel/
> panel_reg_r5.tex

. 
. * ----------------------------------------------------------------------
. * Winsorized tables: panel_reg_r1_win.tex, panel_reg_r4_win.tex, panel_reg_r5_w
> in.tex
. * ----------------------------------------------------------------------
. foreach ret in r1 r4 r5 {
  2.     local yvar ""
  3.     local ctrl ""
  4.     local ret_label ""
  5.     if "`ret'" == "r1" {
  6.         local yvar "r1_annual_w5"
  7.         local ctrl "`ctrl_r1'"
  8.         local ret_label "returns to core"
  9.     }
 10.     if "`ret'" == "r4" {
 11.         local yvar "r4_annual_w5"
 12.         local ctrl "`ctrl_r4'"
 13.         local ret_label "returns to ${LATEX_CORE_IRA}"
 14.     }
 15.     if "`ret'" == "r5" {
 16.         local yvar "r5_annual_w5"
 17.         local ctrl "`ctrl_r5'"
 18.         local ret_label "returns to net wealth"
 19.     }
 20. 
.     capture confirm variable `yvar'
 21.     if _rc {
 22.         di as txt "Skipping winsorized `ret': variable `yvar' not found."
 23.         continue
 24.     }
 25. 
.     eststo clear
 26.     di as txt _n "--- Winsorized `ret_label' ---"
 27.     eststo m1: regress `yvar' `ctrl' if !missing(`yvar'), vce(cluster hhidpn
> )
 28.     local keep_list "educ_yrs 2.gender 2.race_eth 3.race_eth 4.race_eth inlb
> rf_ married_ born_us `trust_var' c.`trust_var'#c.`trust_var' _cons"
 29.     eststo m2: regress `yvar' `ctrl' c.`trust_var' if !missing(`yvar') & !mi
> ssing(`trust_var'), vce(cluster hhidpn)
 30.     eststo m3: regress `yvar' `ctrl' c.`trust_var' c.`trust_var'#c.`trust_va
> r' if !missing(`yvar') & !missing(`trust_var'), vce(cluster hhidpn)
 31.     quietly testparm c.`trust_var' c.`trust_var'#c.`trust_var'
 32.     estadd scalar p_joint_trust = r(p) : m3
 33. 
.     local outfile "${REGRESSIONS}/Panel/panel_reg_`ret'_win.tex"
 34.     esttab m1 m2 m3 using "`outfile'", replace ///
>         booktabs ///
>         mtitles("(1)" "(2)" "(3)") ///
>         se star(* 0.10 ** 0.05 *** 0.01) b(2) se(2) label ///
>         keep(`keep_list') ///
>         varlabels(educ_yrs "Years of education" 2.gender "Female" 2.race_eth "N
> H Black" 3.race_eth "Hispanic" 4.race_eth "NH Other" inlbrf_ "Employed" married
> _ "Married" born_us "Born in U.S." `trust_var' "Trust" c.`trust_var'#c.`trust_v
> ar' "Trust²") ///
>         stats(N r2_a p_joint_trust, labels("Observations" "Adj. R-squared" "Joi
> nt test: Trust+Trust² p-value")) ///
>         title("Panel: `ret_label'${LATEX_WIN}") ///
>         addnotes("Cluster-robust SE in parentheses. Age bins (5-yr), wealth dec
> iles, region dummies," "and year dummies omitted from table but included in reg
> ressions.") ///
>         alignment(${LATEX_ALIGN}) width(0.85\hsize) nonumbers
 35. 
.     di as txt "Wrote: `outfile'"
 36. }

--- Winsorized returns to core ---

Linear regression                               Number of obs     =    129,608
                                                F(47, 27244)      =          .
                                                Prob > F          =          .
                                                R-squared         =     0.1814
                                                Root MSE          =     .77513

                              (Std. err. adjusted for 27,245 clusters in hhidpn)
--------------------------------------------------------------------------------
               |               Robust
 r1_annual_w5_ | Coefficient  std. err.      t    P>|t|     [95% conf. interval]
---------------+----------------------------------------------------------------
      age_bin_ |
           25  |   .7129892   .2622386     2.72   0.007     .1989882     1.22699
           30  |   .7039249   .1486718     4.73   0.000     .4125207    .9953292
           35  |   .5694889   .0747502     7.62   0.000     .4229748     .716003
           40  |   .4872763    .041644    11.70   0.000     .4056519    .5689008
           45  |   .4942601   .0275719    17.93   0.000     .4402177    .5483025
           50  |   .4887152   .0189439    25.80   0.000     .4515841    .5258463
           55  |   .4580142   .0166144    27.57   0.000     .4254493    .4905792
           60  |   .4129738   .0164722    25.07   0.000     .3806874    .4452603
           65  |   .3693777   .0165392    22.33   0.000       .33696    .4017954
           70  |   .3268462   .0168551    19.39   0.000     .2938094     .359883
           75  |   .3162484   .0169577    18.65   0.000     .2830105    .3494863
           80  |    .286557   .0172216    16.64   0.000     .2528017    .3203123
           85  |   .2820732   .0179753    15.69   0.000     .2468406    .3173058
           90  |   .2692082   .0205083    13.13   0.000     .2290108    .3094055
           95  |   .2742875   .0315152     8.70   0.000      .212516    .3360589
          100  |   .2734543   .0899765     3.04   0.002     .0970957    .4498129
          105  |   .3696571   .2515776     1.47   0.142    -.1234478    .8627621
               |
      educ_yrs |  -.0154232   .0009696   -15.91   0.000    -.0173237   -.0135227
      2.gender |  -.0054054   .0049304    -1.10   0.273    -.0150693    .0042585
               |
      race_eth |
            2  |   .1328673   .0080417    16.52   0.000     .1171051    .1486295
            3  |   .0921552   .0114911     8.02   0.000      .069632    .1146785
            4  |   .0260157   .0154216     1.69   0.092    -.0042115     .056243
               |
       inlbrf_ |   .1072177   .0059316    18.08   0.000     .0955915    .1188439
      married_ |  -.0368571   .0051558    -7.15   0.000    -.0469628   -.0267515
       born_us |  -.0063366   .0098743    -0.64   0.521    -.0256906    .0130175
               |
      censreg_ |
            2  |  -.0159375   .0073942    -2.16   0.031    -.0304304   -.0014445
            3  |   .0073244   .0070394     1.04   0.298    -.0064733     .021122
            4  |   .0103942   .0080731     1.29   0.198    -.0054296     .026218
            5  |   .0113015   .0564047     0.20   0.841    -.0992545    .1218575
               |
          year |
         2004  |  -.0262727   .0097358    -2.70   0.007    -.0453553   -.0071901
         2006  |  -.0282318   .0090492    -3.12   0.002    -.0459687   -.0104949
         2008  |  -.0132511   .0094679    -1.40   0.162    -.0318087    .0053066
         2010  |  -.1591123   .0094534   -16.83   0.000    -.1776414   -.1405831
         2012  |  -.1288882      .0093   -13.86   0.000    -.1471167   -.1106597
         2014  |  -.0601196   .0098161    -6.12   0.000    -.0793596   -.0408796
         2016  |  -.1014256   .0101389   -10.00   0.000    -.1212983   -.0815529
         2018  |  -.0838625   .0104235    -8.05   0.000     -.104293    -.063432
         2020  |  -.0324572   .0111722    -2.91   0.004    -.0543554   -.0105591
         2022  |  -.0333722   .0116579    -2.86   0.004    -.0562223   -.0105222
               |
wealth_core_d2 |   .2093274   .0156275    13.39   0.000     .1786967     .239958
wealth_core_d3 |   .5057571   .0110855    45.62   0.000      .484029    .5274851
wealth_core_d4 |   .7537786    .009462    79.66   0.000     .7352327    .7723245
wealth_core_d5 |   .9570231   .0096284    99.40   0.000     .9381509    .9758953
wealth_core_d6 |   1.126391   .0101682   110.78   0.000     1.106461    1.146321
wealth_core_d7 |   1.235638   .0104285   118.49   0.000     1.215197    1.256078
wealth_core_d8 |    1.28875   .0104547   123.27   0.000     1.268258    1.309241
wealth_core_d9 |   1.305488   .0103661   125.94   0.000      1.28517    1.325806
wealth_c~e_d10 |   1.291299   .0102761   125.66   0.000     1.271157     1.31144
         _cons |  -.9926032   .0258191   -38.44   0.000     -1.04321   -.9419964
--------------------------------------------------------------------------------

Linear regression                               Number of obs     =      3,917
                                                F(43, 723)        =          .
                                                Prob > F          =          .
                                                R-squared         =     0.1840
                                                Root MSE          =     .80703

                                 (Std. err. adjusted for 724 clusters in hhidpn)
--------------------------------------------------------------------------------
               |               Robust
 r1_annual_w5_ | Coefficient  std. err.      t    P>|t|     [95% conf. interval]
---------------+----------------------------------------------------------------
      age_bin_ |
           30  |   .0102561   .3425938     0.03   0.976    -.6623413    .6828535
           35  |   .0228917    .386584     0.06   0.953    -.7360696     .781853
           40  |   .0732822   .3583005     0.20   0.838    -.6301515     .776716
           45  |   .1493209   .3600331     0.41   0.678    -.5575143    .8561561
           50  |   .0246928   .3411117     0.07   0.942     -.644995    .6943806
           55  |   .0284509   .3404186     0.08   0.933    -.6398762     .696778
           60  |    .011111   .3407435     0.03   0.974    -.6578539     .680076
           65  |  -.0144144   .3412633    -0.04   0.966    -.6843997    .6555709
           70  |  -.0973455   .3418033    -0.28   0.776    -.7683911       .5737
           75  |  -.0782489   .3449675    -0.23   0.821    -.7555066    .5990088
           80  |   -.033974   .3463552    -0.10   0.922     -.713956     .646008
           85  |   .0984565   .3629123     0.27   0.786    -.6140313    .8109443
           90  |  -.1992543   .3615155    -0.55   0.582    -.9089998    .5104912
               |
      educ_yrs |  -.0178009   .0062133    -2.86   0.004    -.0299992   -.0056026
      2.gender |   .0090013   .0303152     0.30   0.767     -.050515    .0685176
               |
      race_eth |
            2  |   .1939324   .0436373     4.44   0.000     .1082614    .2796033
            3  |   .2247155   .0660817     3.40   0.001     .0949805    .3544505
            4  |   .0999822   .0804344     1.24   0.214    -.0579308    .2578951
               |
       inlbrf_ |   .0854008   .0331653     2.58   0.010     .0202889    .1505126
      married_ |  -.0505099   .0326099    -1.55   0.122    -.1145313    .0135115
       born_us |   .0629214   .0511474     1.23   0.219    -.0374938    .1633366
               |
      censreg_ |
            2  |  -.0112762   .0462425    -0.24   0.807    -.1020618    .0795095
            3  |   .0410662   .0416082     0.99   0.324    -.0406211    .1227536
            4  |   .0632711   .0513772     1.23   0.219    -.0375951    .1641374
            5  |  -.2317074   .0540046    -4.29   0.000    -.3377319   -.1256829
               |
          year |
         2004  |  -.0697876   .0818722    -0.85   0.394    -.2305232     .090948
         2006  |   .1348702   .0731488     1.84   0.066    -.0087391    .2784796
         2008  |   .0158873   .0727328     0.22   0.827    -.1269053      .15868
         2010  |  -.0482759   .0788419    -0.61   0.541    -.2030623    .1065105
         2012  |  -.0956221   .0688164    -1.39   0.165     -.230726    .0394818
         2014  |   .0486464   .0720817     0.67   0.500     -.092868    .1901608
         2016  |  -.0891505   .0703631    -1.27   0.206    -.2272909    .0489898
         2018  |  -.0591089   .0728098    -0.81   0.417    -.2020528    .0838349
         2020  |  -.0540128   .0724938    -0.75   0.456    -.1963364    .0883108
         2022  |   .0575287   .0795144     0.72   0.470    -.0985779    .2136353
               |
wealth_core_d2 |   .2442044   .1310031     1.86   0.063    -.0129874    .5013962
wealth_core_d3 |   .4830709   .0831406     5.81   0.000     .3198451    .6462968
wealth_core_d4 |   .7605291   .0623741    12.19   0.000     .6380731    .8829852
wealth_core_d5 |    .932946   .0615571    15.16   0.000     .8120939    1.053798
wealth_core_d6 |   1.104186   .0672005    16.43   0.000     .9722547    1.236118
wealth_core_d7 |    1.31917    .067914    19.42   0.000     1.185838    1.452502
wealth_core_d8 |   1.266886   .0677816    18.69   0.000     1.133814    1.399958
wealth_core_d9 |   1.368963   .0684308    20.01   0.000     1.234616    1.503309
wealth_c~e_d10 |   1.373233   .0720733    19.05   0.000     1.231735    1.514731
trust_oth~2020 |  -.0007083   .0063722    -0.11   0.912    -.0132185    .0118018
         _cons |  -.7216048   .3571051    -2.02   0.044    -1.422692    -.020518
--------------------------------------------------------------------------------

Linear regression                               Number of obs     =      3,917
                                                F(44, 723)        =          .
                                                Prob > F          =          .
                                                R-squared         =     0.1841
                                                Root MSE          =     .80705

                                 (Std. err. adjusted for 724 clusters in hhidpn)
--------------------------------------------------------------------------------
               |               Robust
 r1_annual_w5_ | Coefficient  std. err.      t    P>|t|     [95% conf. interval]
---------------+----------------------------------------------------------------
      age_bin_ |
           30  |   .0364196   .3303572     0.11   0.912    -.6121543    .6849935
           35  |   .0311497   .3769248     0.08   0.934    -.7088481    .7711475
           40  |   .0879983   .3452349     0.25   0.799    -.5897843    .7657809
           45  |    .166822   .3468546     0.48   0.631    -.5141405    .8477845
           50  |   .0418736   .3274991     0.13   0.898    -.6010892    .6848365
           55  |    .044954   .3268579     0.14   0.891      -.59675     .686658
           60  |   .0274534   .3271651     0.08   0.933    -.6148536    .6697604
           65  |   .0008297   .3275991     0.00   0.998    -.6423295    .6439888
           70  |  -.0822481   .3281027    -0.25   0.802    -.7263959    .5618998
           75  |  -.0643086   .3312692    -0.19   0.846    -.7146729    .5860558
           80  |  -.0222795   .3323381    -0.07   0.947    -.6747424    .6301834
           85  |   .1092847   .3495035     0.31   0.755    -.5768782    .7954475
           90  |  -.1939803   .3497186    -0.55   0.579    -.8805655    .4926049
               |
      educ_yrs |  -.0169989   .0062591    -2.72   0.007    -.0292872   -.0047106
      2.gender |   .0076915     .03017     0.25   0.799    -.0515399    .0669228
               |
      race_eth |
            2  |    .191894   .0438744     4.37   0.000     .1057576    .2780304
            3  |   .2255797   .0661103     3.41   0.001     .0957886    .3553708
            4  |   .0976516    .080666     1.21   0.226     -.060716    .2560192
               |
       inlbrf_ |   .0857887   .0332189     2.58   0.010     .0205716    .1510058
      married_ |  -.0498418   .0326292    -1.53   0.127    -.1139012    .0142175
       born_us |   .0633217   .0512956     1.23   0.217    -.0373845    .1640279
               |
      censreg_ |
            2  |  -.0113763   .0462356    -0.25   0.806    -.1021484    .0793958
            3  |   .0405902    .041666     0.97   0.330    -.0412107    .1223911
            4  |   .0649089   .0515525     1.26   0.208    -.0363016    .1661194
            5  |  -.2275531   .0546997    -4.16   0.000    -.3349424   -.1201638
               |
          year |
         2004  |  -.0703179   .0818114    -0.86   0.390    -.2309341    .0902984
         2006  |   .1358347   .0731279     1.86   0.064    -.0077337    .2794032
         2008  |   .0171782   .0726651     0.24   0.813    -.1254816     .159838
         2010  |  -.0476565   .0788005    -0.60   0.546    -.2023616    .1070487
         2012  |  -.0946504    .068753    -1.38   0.169    -.2296297     .040329
         2014  |   .0494998   .0720318     0.69   0.492    -.0919167    .1909164
         2016  |  -.0880171   .0703301    -1.25   0.211    -.2260927    .0500585
         2018  |  -.0574771   .0727358    -0.79   0.430    -.2002757    .0853215
         2020  |  -.0521828   .0725175    -0.72   0.472    -.1945527    .0901872
         2022  |   .0598852   .0795901     0.75   0.452      -.09637    .2161404
               |
wealth_core_d2 |   .2434568   .1315777     1.85   0.065    -.0148632    .5017769
wealth_core_d3 |   .4822122   .0834374     5.78   0.000     .3184036    .6460207
wealth_core_d4 |   .7618505   .0622443    12.24   0.000     .6396494    .8840517
wealth_core_d5 |   .9366223   .0611904    15.31   0.000     .8164902    1.056754
wealth_core_d6 |   1.107598   .0670275    16.52   0.000     .9760065     1.23919
wealth_core_d7 |   1.322239   .0675627    19.57   0.000     1.189597    1.454882
wealth_core_d8 |    1.26931   .0676569    18.76   0.000     1.136482    1.402137
wealth_core_d9 |   1.372541   .0680264    20.18   0.000     1.238988    1.506094
wealth_c~e_d10 |   1.376462   .0718167    19.17   0.000     1.235468    1.517457
trust_oth~2020 |  -.0178817   .0221571    -0.81   0.420    -.0613818    .0256183
               |
            c. |
trust_oth~2020#|
            c. |
trust_oth~2020 |   .0014846   .0018093     0.82   0.412    -.0020675    .0050367
               |
         _cons |   -.709669   .3438199    -2.06   0.039    -1.384674   -.0346644
--------------------------------------------------------------------------------
(output written to /Volumes/SSD PRO/Github-forks/Chp2-TrustandReturns/Code/Regres
> sions/Panel/panel_reg_r1_win.tex)
Wrote: /Volumes/SSD PRO/Github-forks/Chp2-TrustandReturns/Code/Regressions/Panel/
> panel_reg_r1_win.tex

--- Winsorized returns to core and IRA ---

Linear regression                               Number of obs     =     63,767
                                                F(46, 14405)      =      85.99
                                                Prob > F          =     0.0000
                                                R-squared         =     0.0742
                                                Root MSE          =     .40461

                              (Std. err. adjusted for 14,406 clusters in hhidpn)
--------------------------------------------------------------------------------
               |               Robust
 r4_annual_w5_ | Coefficient  std. err.      t    P>|t|     [95% conf. interval]
---------------+----------------------------------------------------------------
      age_bin_ |
           30  |  -.2866618    .280603    -1.02   0.307    -.8366797    .2633561
           35  |  -.3070796   .3069909    -1.00   0.317    -.9088212    .2946621
           40  |  -.3475334   .3043956    -1.14   0.254     -.944188    .2491212
           45  |  -.2990594   .3031588    -0.99   0.324    -.8932897     .295171
           50  |  -.2985116    .302745    -0.99   0.324    -.8919307    .2949076
           55  |  -.3157867   .3026622    -1.04   0.297    -.9090437    .2774702
           60  |  -.3198264    .302662    -1.06   0.291    -.9130828    .2734299
           65  |  -.3178686   .3026693    -1.05   0.294    -.9111393    .2754022
           70  |  -.3364588   .3026751    -1.11   0.266     -.929741    .2568234
           75  |  -.3360369   .3026926    -1.11   0.267    -.9293533    .2572795
           80  |  -.3418746   .3027065    -1.13   0.259    -.9352184    .2514691
           85  |  -.3494524   .3027735    -1.15   0.248    -.9429275    .2440227
           90  |  -.3261365   .3031046    -1.08   0.282    -.9202605    .2679875
           95  |  -.4254152   .3055057    -1.39   0.164    -1.024246    .1734153
          100  |   .0145167   .3761767     0.04   0.969     -.722838    .7518715
               |
      educ_yrs |  -.0083563   .0007989   -10.46   0.000    -.0099222   -.0067904
      2.gender |    -.01981     .00351    -5.64   0.000    -.0266899     -.01293
               |
      race_eth |
            2  |   .0690366   .0085918     8.04   0.000     .0521955    .0858776
            3  |    .040026   .0100787     3.97   0.000     .0202703    .0597816
            4  |   .0038636   .0113166     0.34   0.733    -.0183184    .0260456
               |
       inlbrf_ |   .0362313    .004082     8.88   0.000       .02823    .0442326
      married_ |  -.0410539   .0041332    -9.93   0.000    -.0491554   -.0329524
       born_us |   .0021601   .0071592     0.30   0.763    -.0118728     .016193
               |
      censreg_ |
            2  |  -.0099372   .0054057    -1.84   0.066    -.0205331    .0006587
            3  |  -.0063384   .0052599    -1.21   0.228    -.0166484    .0039716
            4  |   -.017164   .0058166    -2.95   0.003    -.0285653   -.0057627
            5  |   .0760521   .0529764     1.44   0.151    -.0277885    .1798927
               |
          year |
         2004  |   .0437321   .0075331     5.81   0.000     .0289663     .058498
         2006  |   .0609036   .0071703     8.49   0.000     .0468489    .0749582
         2008  |   .0231454    .007105     3.26   0.001     .0092187    .0370721
         2010  |  -.0606102    .007094    -8.54   0.000    -.0745153    -.046705
         2012  |  -.0359805   .0069669    -5.16   0.000    -.0496365   -.0223245
         2014  |   .0099117     .00732     1.35   0.176    -.0044364    .0242597
         2016  |  -.0140981   .0075918    -1.86   0.063     -.028979    .0007827
         2018  |   .0058907   .0078706     0.75   0.454    -.0095368    .0213182
         2020  |    -.01478   .0079339    -1.86   0.062    -.0303315    .0007715
         2022  |   .0172673   .0083581     2.07   0.039     .0008844    .0336503
               |
wealth_co~a_d2 |   .0331928   .0431393     0.77   0.442    -.0513658    .1177514
wealth_corei~3 |   .0765352   .0230309     3.32   0.001     .0313917    .1216786
wealth_co~a_d4 |   .1750296   .0198822     8.80   0.000     .1360579    .2140013
wealth_corei~5 |    .316854    .017594    18.01   0.000     .2823675    .3513405
wealth_co~a_d6 |   .4152631   .0167745    24.76   0.000     .3823829    .4481434
wealth_corei~7 |   .4727688   .0165107    28.63   0.000     .4404058    .5051318
wealth_co~a_d8 |   .5095566   .0163565    31.15   0.000     .4774959    .5416174
wealth_corei~9 |    .545839     .01633    33.43   0.000     .5138301    .5778478
wealth_c~a_d10 |   .6024945   .0163956    36.75   0.000     .5703571    .6346319
         _cons |   .0917466   .3036042     0.30   0.763    -.5033568      .68685
--------------------------------------------------------------------------------

Linear regression                               Number of obs     =      2,003
                                                F(41, 403)        =          .
                                                Prob > F          =          .
                                                R-squared         =     0.1025
                                                Root MSE          =      .4044

                                 (Std. err. adjusted for 404 clusters in hhidpn)
--------------------------------------------------------------------------------
               |               Robust
 r4_annual_w5_ | Coefficient  std. err.      t    P>|t|     [95% conf. interval]
---------------+----------------------------------------------------------------
      age_bin_ |
           40  |  -.2556885   .2147896    -1.19   0.235    -.6779366    .1665596
           45  |  -.3259917   .2805864    -1.16   0.246    -.8775876    .2256041
           50  |  -.1683719   .2691251    -0.63   0.532    -.6974364    .3606925
           55  |  -.1927871   .2665558    -0.72   0.470    -.7168005    .3312263
           60  |  -.2160451   .2658646    -0.81   0.417    -.7386999    .3066097
           65  |  -.2080743   .2665794    -0.78   0.436    -.7321342    .3159856
           70  |  -.2479814   .2668926    -0.93   0.353    -.7726569    .2766941
           75  |  -.2616581    .268439    -0.97   0.330    -.7893738    .2660576
           80  |  -.2258055   .2714932    -0.83   0.406    -.7595252    .3079143
           85  |  -.2578478   .2841668    -0.91   0.365    -.8164822    .3007866
               |
      educ_yrs |  -.0151327   .0044422    -3.41   0.001    -.0238654   -.0063999
      2.gender |  -.0059045   .0206115    -0.29   0.775    -.0464241     .034615
               |
      race_eth |
            2  |   .0364149   .0416466     0.87   0.382    -.0454568    .1182866
            3  |   .0655081   .0617866     1.06   0.290    -.0559563    .1869724
            4  |  -.0188232    .040157    -0.47   0.640    -.0977667    .0601202
               |
       inlbrf_ |   .0478247     .02008     2.38   0.018       .00835    .0872994
      married_ |  -.0532981   .0258771    -2.06   0.040     -.104169   -.0024272
       born_us |  -.0111641   .0327868    -0.34   0.734    -.0756186    .0532904
               |
      censreg_ |
            2  |   .0258104   .0304424     0.85   0.397    -.0340352    .0856561
            3  |    .022156   .0282812     0.78   0.434    -.0334411    .0777531
            4  |   .0099846   .0354017     0.28   0.778    -.0596105    .0795797
            5  |  -.0234424   .0347859    -0.67   0.501    -.0918268     .044942
               |
          year |
         2004  |   -.045411   .0490196    -0.93   0.355    -.1417772    .0509551
         2006  |   .1132305   .0582404     1.94   0.053    -.0012625    .2277234
         2008  |  -.0403113   .0495655    -0.81   0.417    -.1377505     .057128
         2010  |  -.0464945   .0572128    -0.81   0.417    -.1589673    .0659782
         2012  |  -.0600094   .0520577    -1.15   0.250     -.162348    .0423292
         2014  |   .0275244   .0521802     0.53   0.598    -.0750549    .1301038
         2016  |   .0340327   .0536866     0.63   0.526    -.0715079    .1395734
         2018  |  -.0239348   .0518031    -0.46   0.644    -.1257729    .0779033
         2020  |  -.0171377   .0518047    -0.33   0.741    -.1189789    .0847035
         2022  |   .0474349   .0539428     0.88   0.380    -.0586096    .1534794
               |
wealth_co~a_d2 |  -.0983879   .1283004    -0.77   0.444    -.3506095    .1538337
wealth_corei~3 |   -.131195   .1580647    -0.83   0.407    -.4419293    .1795393
wealth_co~a_d4 |   .0326722   .1432056     0.23   0.820    -.2488512    .3141955
wealth_corei~5 |   .2462853    .125933     1.96   0.051    -.0012822    .4938529
wealth_co~a_d6 |   .3555861   .1362891     2.61   0.009     .0876598    .6235124
wealth_corei~7 |    .375068    .129615     2.89   0.004      .120262     .629874
wealth_co~a_d8 |   .3932476   .1271123     3.09   0.002     .1433616    .6431335
wealth_corei~9 |   .4900074   .1292615     3.79   0.000     .2358963    .7441186
wealth_c~a_d10 |   .5515314   .1285473     4.29   0.000     .2988245    .8042384
trust_oth~2020 |  -.0064093   .0053004    -1.21   0.227    -.0168293    .0040106
         _cons |   .1905158   .3020816     0.63   0.529    -.4033367    .7843682
--------------------------------------------------------------------------------

Linear regression                               Number of obs     =      2,003
                                                F(42, 403)        =          .
                                                Prob > F          =          .
                                                R-squared         =     0.1026
                                                Root MSE          =      .4045

                                 (Std. err. adjusted for 404 clusters in hhidpn)
--------------------------------------------------------------------------------
               |               Robust
 r4_annual_w5_ | Coefficient  std. err.      t    P>|t|     [95% conf. interval]
---------------+----------------------------------------------------------------
      age_bin_ |
           40  |  -.2551381   .2145887    -1.19   0.235    -.6769911    .1667148
           45  |   -.323136   .2804012    -1.15   0.250    -.8743677    .2280958
           50  |  -.1663363   .2689412    -0.62   0.537    -.6950391    .3623666
           55  |  -.1899947   .2663948    -0.71   0.476    -.7136918    .3337023
           60  |  -.2134647   .2656212    -0.80   0.422    -.7356409    .3087116
           65  |  -.2050452   .2663869    -0.77   0.442    -.7287266    .3186361
           70  |  -.2449613   .2666576    -0.92   0.359     -.769175    .2792523
           75  |  -.2585101   .2681734    -0.96   0.336    -.7857036    .2686835
           80  |  -.2226277   .2713531    -0.82   0.412    -.7560721    .3108167
           85  |  -.2538306   .2842455    -0.89   0.372    -.8126197    .3049586
               |
      educ_yrs |  -.0154294   .0045704    -3.38   0.001    -.0244141   -.0064446
      2.gender |  -.0052871   .0208829    -0.25   0.800    -.0463402     .035766
               |
      race_eth |
            2  |   .0368537   .0416808     0.88   0.377    -.0450853    .1187928
            3  |   .0650502   .0615715     1.06   0.291    -.0559912    .1860916
            4  |  -.0177119   .0403069    -0.44   0.661      -.09695    .0615261
               |
       inlbrf_ |   .0478645   .0200894     2.38   0.018     .0083714    .0873576
      married_ |  -.0533928   .0258961    -2.06   0.040    -.1043011   -.0024845
       born_us |  -.0117897   .0331151    -0.36   0.722    -.0768897    .0533103
               |
      censreg_ |
            2  |   .0255746   .0305521     0.84   0.403    -.0344867     .085636
            3  |   .0221248   .0283073     0.78   0.435    -.0335236    .0777732
            4  |   .0088774   .0359218     0.25   0.805    -.0617402    .0794949
            5  |  -.0240524   .0350347    -0.69   0.493     -.092926    .0448212
               |
          year |
         2004  |  -.0456907   .0489246    -0.93   0.351    -.1418699    .0504886
         2006  |   .1128798    .058082     1.94   0.053    -.0013018    .2270614
         2008  |  -.0410104   .0493271    -0.83   0.406     -.137981    .0559602
         2010  |  -.0473755   .0569162    -0.83   0.406    -.1592653    .0645143
         2012  |  -.0605259   .0518435    -1.17   0.244    -.1624435    .0413916
         2014  |   .0267743   .0518473     0.52   0.606    -.0751507    .1286993
         2016  |   .0331897   .0532822     0.62   0.534    -.0715561    .1379355
         2018  |  -.0246947   .0515511    -0.48   0.632    -.1260374     .076648
         2020  |  -.0180349   .0514289    -0.35   0.726    -.1191374    .0830676
         2022  |   .0463191   .0536331     0.86   0.388    -.0591165    .1517548
               |
wealth_co~a_d2 |  -.1017888   .1270118    -0.80   0.423    -.3514771    .1478996
wealth_corei~3 |   -.131426   .1580359    -0.83   0.406    -.4421037    .1792516
wealth_co~a_d4 |   .0314371   .1438505     0.22   0.827     -.251354    .3142281
wealth_corei~5 |   .2443383   .1264153     1.93   0.054    -.0041776    .4928541
wealth_co~a_d6 |   .3529791   .1367385     2.58   0.010     .0841693    .6217888
wealth_corei~7 |   .3727507   .1299821     2.87   0.004      .117223    .6282784
wealth_co~a_d8 |   .3908165   .1273839     3.07   0.002     .1403965    .6412365
wealth_corei~9 |   .4876483   .1295895     3.76   0.000     .2328926    .7424041
wealth_c~a_d10 |    .549579   .1288252     4.27   0.000     .2963257    .8028323
trust_oth~2020 |   .0000731    .020234     0.00   0.997    -.0397043    .0398505
               |
            c. |
trust_oth~2020#|
            c. |
trust_oth~2020 |  -.0005152    .001573    -0.33   0.743    -.0036074    .0025771
               |
         _cons |   .1767906   .3043328     0.58   0.562    -.4214875    .7750687
--------------------------------------------------------------------------------
(output written to /Volumes/SSD PRO/Github-forks/Chp2-TrustandReturns/Code/Regres
> sions/Panel/panel_reg_r4_win.tex)
Wrote: /Volumes/SSD PRO/Github-forks/Chp2-TrustandReturns/Code/Regressions/Panel/
> panel_reg_r4_win.tex

--- Winsorized returns to net wealth ---

Linear regression                               Number of obs     =    102,535
                                                F(46, 21991)      =      76.23
                                                Prob > F          =     0.0000
                                                R-squared         =     0.0319
                                                Root MSE          =     .37555

                            (Std. err. adjusted for 21,992 clusters in hhidpn)
------------------------------------------------------------------------------
             |               Robust
r5_annual~5_ | Coefficient  std. err.      t    P>|t|     [95% conf. interval]
-------------+----------------------------------------------------------------
    age_bin_ |
         35  |  -.0199687   .1354178    -0.15   0.883    -.2853973    .2454598
         40  |  -.0419667   .1161958    -0.36   0.718    -.2697188    .1857853
         45  |   -.030969   .1134565    -0.27   0.785     -.253352    .1914139
         50  |  -.0301465   .1120269    -0.27   0.788    -.2497273    .1894344
         55  |  -.0411306   .1115443    -0.37   0.712    -.2597655    .1775043
         60  |  -.0478552   .1114471    -0.43   0.668    -.2662994    .1705891
         65  |  -.0411778   .1114488    -0.37   0.712    -.2596256    .1772699
         70  |   -.072457   .1114607    -0.65   0.516     -.290928     .146014
         75  |   -.086617    .111478    -0.78   0.437    -.3051217    .1318878
         80  |  -.1031165   .1114954    -0.92   0.355    -.3216554    .1154224
         85  |   -.106871   .1115375    -0.96   0.338    -.3254926    .1117505
         90  |  -.1186886   .1117034    -1.06   0.288    -.3376354    .1002581
         95  |  -.1019631    .112775    -0.90   0.366    -.3230101    .1190839
        100  |  -.0095598   .1337105    -0.07   0.943    -.2716419    .2525223
        105  |  -.6913531   .1187139    -5.82   0.000    -.9240409   -.4586654
             |
    educ_yrs |  -.0046183   .0004755    -9.71   0.000    -.0055503   -.0036863
    2.gender |  -.0265638   .0025254   -10.52   0.000    -.0315137    -.021614
             |
    race_eth |
          2  |   .0593225   .0045492    13.04   0.000     .0504057    .0682392
          3  |   .0290227   .0057349     5.06   0.000     .0177818    .0402636
          4  |   .0186086   .0083294     2.23   0.025     .0022824    .0349347
             |
     inlbrf_ |   .0240203   .0029936     8.02   0.000     .0181526     .029888
    married_ |  -.0624978   .0028213   -22.15   0.000    -.0680277   -.0569679
     born_us |   .0202244   .0047996     4.21   0.000     .0108169    .0296319
             |
    censreg_ |
          2  |  -.0111618   .0038907    -2.87   0.004    -.0187879   -.0035357
          3  |  -.0008463   .0036982    -0.23   0.819     -.008095    .0064025
          4  |   .0017928   .0042989     0.42   0.677    -.0066334     .010219
          5  |   .0026325   .0245973     0.11   0.915    -.0455799    .0508448
             |
        year |
       2004  |   .0176592   .0053821     3.28   0.001     .0071098    .0282085
       2006  |    .046671   .0049321     9.46   0.000     .0370037    .0563383
       2008  |  -.0294818   .0048341    -6.10   0.000     -.038957   -.0200066
       2010  |  -.0770101   .0049945   -15.42   0.000    -.0867997   -.0672205
       2012  |  -.0396552    .004979    -7.96   0.000    -.0494145   -.0298959
       2014  |   .0179391   .0053075     3.38   0.001      .007536    .0283423
       2016  |   .0124335   .0056244     2.21   0.027     .0014093    .0234577
       2018  |   .0345439   .0056328     6.13   0.000     .0235031    .0455846
       2020  |   .0232792   .0058567     3.97   0.000     .0117996    .0347588
       2022  |   .1073726   .0065032    16.51   0.000     .0946259    .1201193
             |
   wealth_d2 |    .053553   .0129495     4.14   0.000     .0281711    .0789349
   wealth_d3 |    .074571   .0107614     6.93   0.000      .053478    .0956641
   wealth_d4 |   .0632226   .0103176     6.13   0.000     .0429994    .0834458
   wealth_d5 |   .0555016   .0101705     5.46   0.000     .0355666    .0754366
   wealth_d6 |   .0654165   .0101678     6.43   0.000     .0454869    .0853461
   wealth_d7 |   .0577738   .0100772     5.73   0.000     .0380219    .0775258
   wealth_d8 |   .0767777   .0101477     7.57   0.000     .0568874     .096668
   wealth_d9 |   .0848187   .0101217     8.38   0.000     .0649795    .1046579
  wealth_d10 |   .1348507   .0102314    13.18   0.000     .1147965    .1549049
       _cons |   .2144022   .1123302     1.91   0.056     -.005773    .4345775
------------------------------------------------------------------------------

Linear regression                               Number of obs     =      2,914
                                                F(43, 573)        =          .
                                                Prob > F          =          .
                                                R-squared         =     0.0562
                                                Root MSE          =     .39982

                                 (Std. err. adjusted for 574 clusters in hhidpn)
--------------------------------------------------------------------------------
               |               Robust
 r5_annual_w5_ | Coefficient  std. err.      t    P>|t|     [95% conf. interval]
---------------+----------------------------------------------------------------
      age_bin_ |
           35  |    .786229   .0405474    19.39   0.000     .7065894    .8658686
           40  |     .47941   .2260974     2.12   0.034     .0353292    .9234908
           45  |   .6135911   .1196369     5.13   0.000     .3786107    .8485714
           50  |   .6886888   .0925642     7.44   0.000     .5068824    .8704953
           55  |   .6679799   .0758919     8.80   0.000     .5189197    .8170402
           60  |   .6922023   .0711636     9.73   0.000     .5524289    .8319757
           65  |   .6801396   .0707895     9.61   0.000     .5411009    .8191782
           70  |   .6085118   .0729135     8.35   0.000     .4653016    .7517221
           75  |   .6068649   .0720192     8.43   0.000      .465411    .7483188
           80  |   .5405031   .0781416     6.92   0.000     .3870242     .693982
           85  |   .6219097   .0895527     6.94   0.000     .4460181    .7978013
           90  |   .7871059   .3589198     2.19   0.029     .0821471    1.492065
               |
      educ_yrs |   -.007888   .0028169    -2.80   0.005    -.0134207   -.0023553
      2.gender |  -.0340192   .0154963    -2.20   0.029    -.0644557   -.0035828
               |
      race_eth |
            2  |   .0354844   .0256325     1.38   0.167    -.0148607    .0858294
            3  |  -.0132395    .031621    -0.42   0.676    -.0753467    .0488678
            4  |  -.0065519   .0352932    -0.19   0.853    -.0758717    .0627678
               |
       inlbrf_ |   .0140508   .0160895     0.87   0.383    -.0175507    .0456524
      married_ |  -.0735499   .0189595    -3.88   0.000    -.1107886   -.0363113
       born_us |   .0393577   .0218797     1.80   0.073    -.0036165    .0823318
               |
      censreg_ |
            2  |   .0094456   .0235064     0.40   0.688    -.0367237    .0556149
            3  |   .0376494    .023057     1.63   0.103    -.0076371    .0829358
            4  |   .0649937    .028097     2.31   0.021     .0098081    .1201793
            5  |   .0574144   .0689223     0.83   0.405    -.0779567    .1927855
               |
          year |
         2004  |   .0111213    .047933     0.23   0.817    -.0830244    .1052671
         2006  |   .1235225   .0429151     2.88   0.004     .0392324    .2078127
         2008  |     .00583    .043484     0.13   0.893    -.0795776    .0912375
         2010  |  -.0232346   .0427427    -0.54   0.587    -.1071861    .0607169
         2012  |    .015807   .0399907     0.40   0.693    -.0627392    .0943531
         2014  |   .0823776   .0405559     2.03   0.043     .0027212    .1620341
         2016  |   .0783102   .0425728     1.84   0.066    -.0053076     .161928
         2018  |    .090751   .0391726     2.32   0.021     .0138116    .1676904
         2020  |   .1150589   .0392823     2.93   0.004      .037904    .1922137
         2022  |   .2179791   .0418009     5.21   0.000     .1358774    .3000809
               |
     wealth_d2 |   -.064103   .0762546    -0.84   0.401    -.2138757    .0856696
     wealth_d3 |   .0658082   .0639106     1.03   0.304    -.0597195    .1913358
     wealth_d4 |    .028739   .0603541     0.48   0.634    -.0898033    .1472814
     wealth_d5 |   .0505716   .0588379     0.86   0.390    -.0649927    .1661359
     wealth_d6 |   .0531146   .0593061     0.90   0.371    -.0633692    .1695985
     wealth_d7 |   .0207197   .0592887     0.35   0.727      -.09573    .1371693
     wealth_d8 |   .0288999   .0577634     0.50   0.617     -.084554    .1423537
     wealth_d9 |   .0802769   .0579541     1.39   0.167    -.0335514    .1941053
    wealth_d10 |   .0920091   .0583175     1.58   0.115     -.022533    .2065511
trust_oth~2020 |   .0071507   .0026698     2.68   0.008      .001907    .0123944
         _cons |  -.5531323   .0598682    -9.24   0.000    -.6707201   -.4355444
--------------------------------------------------------------------------------

Linear regression                               Number of obs     =      2,914
                                                F(44, 573)        =          .
                                                Prob > F          =          .
                                                R-squared         =     0.0574
                                                Root MSE          =     .39963

                                 (Std. err. adjusted for 574 clusters in hhidpn)
--------------------------------------------------------------------------------
               |               Robust
 r5_annual_w5_ | Coefficient  std. err.      t    P>|t|     [95% conf. interval]
---------------+----------------------------------------------------------------
      age_bin_ |
           35  |   .7645023    .047615    16.06   0.000      .670981    .8580237
           40  |   .4430495   .2217892     2.00   0.046     .0074305    .8786685
           45  |   .5665779   .1223521     4.63   0.000     .3262646    .8068912
           50  |   .6436773    .095475     6.74   0.000     .4561537     .831201
           55  |   .6257254    .078824     7.94   0.000     .4709061    .7805447
           60  |   .6491308   .0748227     8.68   0.000     .5021706     .796091
           65  |   .6381077   .0739886     8.62   0.000     .4927857    .7834297
           70  |   .5680194   .0755337     7.52   0.000     .4196628    .7163761
           75  |   .5669015   .0743604     7.62   0.000     .4208494    .7129537
           80  |   .5031689   .0797158     6.31   0.000      .346598    .6597398
           85  |   .5878641   .0898043     6.55   0.000     .4114783    .7642499
           90  |   .7580591   .3569496     2.12   0.034     .0569699    1.459148
               |
      educ_yrs |  -.0092241   .0029343    -3.14   0.002    -.0149873   -.0034609
      2.gender |  -.0316669   .0154726    -2.05   0.041    -.0620568    -.001277
               |
      race_eth |
            2  |   .0386358   .0257543     1.50   0.134    -.0119486    .0892203
            3  |  -.0131935   .0313934    -0.42   0.674    -.0748537    .0484668
            4  |  -.0004489   .0355125    -0.01   0.990    -.0701994    .0693017
               |
       inlbrf_ |   .0141968    .016111     0.88   0.379    -.0174471    .0458406
      married_ |  -.0727778   .0189116    -3.85   0.000    -.1099224   -.0356332
       born_us |   .0396715   .0218465     1.82   0.070    -.0032375    .0825806
               |
      censreg_ |
            2  |   .0086745   .0233449     0.37   0.710    -.0371774    .0545264
            3  |   .0375878   .0227418     1.65   0.099    -.0070796    .0822553
            4  |   .0615066   .0281944     2.18   0.030     .0061297    .1168836
            5  |   .0532409   .0685095     0.78   0.437    -.0813195    .1878013
               |
          year |
         2004  |    .010218   .0479526     0.21   0.831    -.0839663    .1044022
         2006  |   .1211546   .0429254     2.82   0.005     .0368443    .2054649
         2008  |   .0031122   .0435727     0.07   0.943    -.0824694    .0886938
         2010  |  -.0264878   .0427773    -0.62   0.536    -.1105072    .0575316
         2012  |   .0124335   .0399987     0.31   0.756    -.0661285    .0909956
         2014  |   .0788187   .0406671     1.94   0.053     -.001056    .1586934
         2016  |   .0749683   .0426594     1.76   0.079    -.0088195     .158756
         2018  |   .0873264   .0392413     2.23   0.026      .010252    .1644007
         2020  |   .1113068   .0393711     2.83   0.005     .0339774    .1886361
         2022  |   .2124912   .0419169     5.07   0.000     .1301617    .2948207
               |
     wealth_d2 |  -.0636453   .0760096    -0.84   0.403    -.2129367    .0856461
     wealth_d3 |   .0667847   .0638136     1.05   0.296    -.0585524    .1921219
     wealth_d4 |   .0300114   .0603338     0.50   0.619    -.0884909    .1485136
     wealth_d5 |   .0510604   .0587095     0.87   0.385    -.0642516    .1663724
     wealth_d6 |   .0555904   .0591869     0.94   0.348    -.0606594    .1718402
     wealth_d7 |   .0187195   .0592805     0.32   0.752    -.0977142    .1351531
     wealth_d8 |   .0276528   .0576867     0.48   0.632    -.0856504     .140956
     wealth_d9 |   .0798862   .0579136     1.38   0.168    -.0338627    .1936351
    wealth_d10 |   .0912309   .0582719     1.57   0.118    -.0232217    .2056835
trust_oth~2020 |   .0263005   .0094985     2.77   0.006     .0076444    .0449566
               |
            c. |
trust_oth~2020#|
            c. |
trust_oth~2020 |  -.0016679   .0008132    -2.05   0.041    -.0032651   -.0000707
               |
         _cons |  -.5382617   .0611167    -8.81   0.000    -.6583018   -.4182217
--------------------------------------------------------------------------------
(output written to /Volumes/SSD PRO/Github-forks/Chp2-TrustandReturns/Code/Regres
> sions/Panel/panel_reg_r5_win.tex)
Wrote: /Volumes/SSD PRO/Github-forks/Chp2-TrustandReturns/Code/Regressions/Panel/
> panel_reg_r5_win.tex

. 
. eststo clear

. di as txt "Done. Tables in ${REGRESSIONS}/Panel/"
Done. Tables in /Volumes/SSD PRO/Github-forks/Chp2-TrustandReturns/Code/Regressio
> ns/Panel/

. log close
      name:  <unnamed>
       log:  /Volumes/SSD PRO/Github-forks/Chp2-TrustandReturns/Notes/Logs/14_pan
> el_reg_ret.log
  log type:  text
 closed on:  18 Feb 2026, 18:42:12
---------------------------------------------------------------------------------
