---------------------------------------------------------------------------------
      name:  <unnamed>
       log:  /Volumes/SSD PRO/Github-forks/Chp2-TrustandReturns/Notes/Logs/16_pan
> el_reg_fe.log
  log type:  text
 opened on:  19 Feb 2026, 13:57:16

. 
. capture which esttab

. if _rc ssc install estout, replace

. 
. * ----------------------------------------------------------------------
. * Load long panel
. * ----------------------------------------------------------------------
. use "${PROCESSED}/analysis_final_long_unbalanced.dta", clear

. set showbaselevels off

. 
. xtset hhidpn year

Panel variable: hhidpn (strongly balanced)
 Time variable: year, 2000 to 2022, but with gaps
         Delta: 1 unit

. 
. * Require raw returns, winsorized returns, and share vars
. foreach v in r1_annual_nw r4_annual_nw r5_annual_nw share_core share_ira share_
> res share_debt_long share_debt_other {
  2.     capture confirm variable `v'
  3.     if _rc {
  4.         display as error "16_panel_reg_fe: `v' not found. Run 02, 03, 04, 05
> , 10 in order."
  5.         log close
  6.         exit 198
  7.     }
  8. }

. foreach v in r1_annual_w5 r4_annual_w5 r5_annual_w5 {
  2.     capture confirm variable `v'
  3.     if _rc {
  4.         display as error "16_panel_reg_fe: `v' (winsorized) not found. Run 0
> 5_processing_returns.do and 10_build_panel.do."
  5.         log close
  6.         exit 198
  7.     }
  8. }

. 
. local r1_raw "r1_annual_nw"

. local r4_raw "r4_annual_nw"

. local r5_raw "r5_annual_nw"

. local trust_var "trust_others_2020"

. 
. * Time-varying controls only (no educ, gender, race, born_us, censreg, trust)
. local ctrl_r1 "i.age_bin inlbrf married i.year"

. local ctrl_r4 "i.age_bin inlbrf married i.year"

. local ctrl_r5 "i.age_bin inlbrf married i.year"

. forvalues d = 2/10 {
  2.     capture confirm variable wealth_core_d`d'
  3.     if !_rc local ctrl_r1 "`ctrl_r1' wealth_core_d`d'"
  4.     capture confirm variable wealth_coreira_d`d'
  5.     if !_rc local ctrl_r4 "`ctrl_r4' wealth_coreira_d`d'"
  6.     capture confirm variable wealth_d`d'
  7.     if !_rc local ctrl_r5 "`ctrl_r5' wealth_d`d'"
  8. }

. local ctrl_r1 "`ctrl_r1' c.share_core##i.year"

. local ctrl_r4 "`ctrl_r4' c.share_core##i.year c.share_ira##i.year"

. local ctrl_r5 "`ctrl_r5' c.share_core##i.year c.share_ira##i.year c.share_res##
> i.year c.share_debt_long##i.year c.share_debt_other##i.year"

. 
. * Share conditions
. local share_cond_r1 "!missing(share_core)"

. local share_cond_r4 "!missing(share_core) & !missing(share_ira)"

. local share_cond_r5 "!missing(share_core) & !missing(share_ira) & !missing(shar
> e_res) & !missing(share_debt_long) & !missing(share_debt_other)"

. 
. * ----------------------------------------------------------------------
. * Step A & B: Run FE regressions, save FE, export tables (raw + winsorized)
. * Reload data before each regression (like old repo reg_fixed_effects.do) to av
> oid dataset state issues.
. * ----------------------------------------------------------------------
. tempfile fe_append

. local first_fe 1

. 
. foreach win in raw win {
  2.     local y_suffix "nw"
  3.     local win_label "raw"
  4.     if "`win'" == "win" {
  5.         local y_suffix "w5"
  6.         local win_label "${LATEX_WIN_SHORT}"
  7.     }
  8.     foreach ret in r1 r4 r5 {
  9.         local yvar "r1_annual_`y_suffix'"
 10.         if "`ret'" == "r4" local yvar "r4_annual_`y_suffix'"
 11.         if "`ret'" == "r5" local yvar "r5_annual_`y_suffix'"
 12. 
.         * Reload fresh data before each regression (aligns with old repo reg_fi
> xed_effects.do)
.         use "${PROCESSED}/analysis_final_long_unbalanced.dta", clear
 13.         xtset hhidpn year
 14. 
.         capture confirm variable `yvar'
 15.         if _rc {
 16.             di as txt "Skipping `win' `ret': `yvar' not found."
 17.             continue
 18.         }
 19. 
.         local ctrl ""
 20.         local share_cond "1"
 21.         local ret_label ""
 22.         if "`ret'" == "r1" {
 23.             local ctrl "`ctrl_r1'"
 24.             local share_cond "`share_cond_r1'"
 25.             local ret_label "returns to core"
 26.         }
 27.         if "`ret'" == "r4" {
 28.             local ctrl "`ctrl_r4'"
 29.             local share_cond "`share_cond_r4'"
 30.             local ret_label "returns to ${LATEX_CORE_IRA}"
 31.         }
 32.         if "`ret'" == "r5" {
 33.             local ctrl "`ctrl_r5'"
 34.             local share_cond "`share_cond_r5'"
 35.             local ret_label "returns to net wealth"
 36.         }
 37. 
.         di as txt _n "--- Spec 3 FE: `ret_label' (`win_label') ---"
 38. 
.         quietly count if !missing(`yvar') & `share_cond'
 39.         if r(N) < 100 {
 40.             di as txt "Skipping `ret' `win': too few obs (N=" r(N) ")."
 41.             continue
 42.         }
 43. 
.         * xtreg, fe (same share×year spec as Spec 2; matches old repo reg_fixed
> _effects.do)
.         capture xtreg `yvar' `ctrl' if !missing(`yvar') & `share_cond', fe vce(
> cluster hhidpn)
 44.         if _rc {
 45.             di as err "xtreg failed for `ret' `win' (r(" _rc ")). Skipping."
 46.             continue
 47.         }
 48.         predict double __fe_resid, e
 49.         predict double __hdfe1__, u
 50. 
.         * Joint tests: share×year
.         if "`ret'" == "r1" {
 51.             quietly testparm c.share_core#i.year
 52.             estadd scalar p_joint_share_core = r(p)
 53.         }
 54.         if "`ret'" == "r4" {
 55.             quietly testparm c.share_core#i.year
 56.             estadd scalar p_joint_share_core = r(p)
 57.             quietly testparm c.share_ira#i.year
 58.             estadd scalar p_joint_share_ira = r(p)
 59.         }
 60.         if "`ret'" == "r5" {
 61.             quietly testparm c.share_core#i.year c.share_ira#i.year c.share_
> res#i.year
 62.             estadd scalar p_joint_share_asset = r(p)
 63.             quietly testparm c.share_debt_long#i.year c.share_debt_other#i.y
> ear
 64.             estadd scalar p_joint_share_debt = r(p)
 65.         }
 66. 
.         * xtreg already stores r2_w, sigma_u, sigma_e, rho — no need to estadd
. 
.         if "`ret'" == "r1" local stats_share "p_joint_share_core"
 67.         if "`ret'" == "r1" local labels_share `" "Joint test: Share core${LA
> TEX_X_YEAR} p-value""'
 68.         if "`ret'" == "r4" local stats_share "p_joint_share_core p_joint_sha
> re_ira"
 69.         if "`ret'" == "r4" local labels_share `" "Joint test: Share core${LA
> TEX_X_YEAR} p-value" "Joint test: Share IRA${LATEX_X_YEAR} p-value""'
 70.         if "`ret'" == "r5" local stats_share "p_joint_share_asset p_joint_sh
> are_debt"
 71.         if "`ret'" == "r5" local labels_share `" "Joint test: Share (core,IR
> A,res)${LATEX_X_YEAR} p-value" "Joint test: Share (debt long,other)${LATEX_X_YE
> AR} p-value""'
 72.         local stats_line "N r2_w rho sigma_u sigma_e `stats_share'"
 73.         local labels_line `" "Observations" "Within R²" "Rho" "Sigma u" "Sig
> ma e" `labels_share'"'
 74. 
.         eststo fe_`ret'_`win'
 75. 
.         * Display full regression in log (all coefficients; no keep) — for hist
> ory of actual results
.         esttab fe_`ret'_`win', se star(* 0.10 ** 0.05 *** 0.01) b(2) se(2) labe
> l ///
>             stats(`stats_line', labels(`labels_line')) ///
>             nomtitles nonumbers noobs
 76. 
.         * Save FE to tempfile and append
.         preserve
 77.         keep if e(sample)
 78.         keep hhidpn __hdfe1__
 79.         collapse (first) __hdfe1__, by(hhidpn)
 80.         rename __hdfe1__ fe
 81.         gen ret_type = "`ret'"
 82.         gen win_type = "`win'"
 83.         tempfile fe_`ret'_`win'
 84.         save `fe_`ret'_`win''
 85.         restore
 86. 
.         if `first_fe' {
 87.             use `fe_`ret'_`win'', clear
 88.             local first_fe 0
 89.         }
 90.         else {
 91.             use `fe_append', clear
 92.             append using `fe_`ret'_`win''
 93.         }
 94.         save `fe_append', replace
 95. 
.         * Export table — uninteracted share terms, inlbrf, married. Age bins, y
> ear, wealth, share×year omitted (see note).
.         * xtreg stores binary vars as inlbrf_, married_ in e(b).
.         quietly estimates restore fe_`ret'_`win'
 96.         local keep_list "inlbrf_ married_ share_core share_ira share_res sha
> re_debt_long share_debt_other _cons"
 97.         if "`ret'" == "r1" local keep_list "inlbrf_ married_ share_core _con
> s"
 98.         if "`ret'" == "r4" local keep_list "inlbrf_ married_ share_core shar
> e_ira _cons"
 99.         if "`ret'" == "r5" local keep_list "inlbrf_ married_ share_core shar
> e_ira share_res share_debt_long share_debt_other _cons"
100.         local order_r1 "inlbrf_ married_ share_core _cons"
101.         local order_r4 "inlbrf_ married_ share_core share_ira _cons"
102.         local order_r5 "inlbrf_ married_ share_core share_ira share_res shar
> e_debt_long share_debt_other _cons"
103.         local keep_final ""
104.         capture confirm matrix e(b)
105.         if !_rc {
106.             local bnames : colnames e(b)
107.             foreach c of local keep_list {
108.                 if `: list c in bnames' local keep_final "`keep_final' `c'"
109.             }
110.         }
111.         if "`keep_final'" == "" local keep_final "_cons"
112. 
.         local outfile "${REGRESSIONS}/Panel/panel_reg_`ret'_spec3.tex"
113.         if "`win'" == "win" local outfile "${REGRESSIONS}/Panel/panel_reg_`r
> et'_spec3_win.tex"
114. 
.         local tablabel "tab:panel_spec3_`ret'_`win'"
115.         local omit_note1 "Age bins, wealth deciles, region dummies, year dum
> mies,"
116.         local omit_note2 "${LATEX_SHARE_YEAR} interactions included in estim
> ation but omitted from table."
117.         if `: list inlbrf_ in keep_final' == 0 | `: list married_ in keep_fi
> nal' == 0 {
118.             local omit_note2 "`omit_note2' Employed and/or Married omitted (
> collinear with individual FE)."
119.         }
120.         local note1 "\label{`tablabel'} Cluster-robust SE in parentheses. In
> dividual fixed effects."
121.         local note2 "`omit_note1'"
122.         local note3 "`omit_note2'"
123.         local note4 "\sym{*} \(p<0.10\), \sym{**} \(p<0.05\), \sym{***} \(p<
> 0.01\)"
124.         esttab fe_`ret'_`win' using "`outfile'", replace ///
>             booktabs ///
>             mtitles("(1)") ///
>             se star(* 0.10 ** 0.05 *** 0.01) b(2) se(2) label ///
>             keep(`keep_final') order(`order_`ret'') ///
>             varlabels(inlbrf_ "Employed" married_ "Married" share_core "Share c
> ore" share_ira "Share IRA" share_res "Share residential" share_debt_long "Share
>  long-term debt" share_debt_other "Share other debt" _cons `"\_cons"') ///
>             stats(`stats_line', labels(`labels_line')) ///
>             title("Panel Spec 3: `ret_label' (`win_label', ${LATEX_SHARE_YEAR})
> ") ///
>             addnotes("`note1'" "`note2'" "`note3'" "`note4'") ///
>             alignment(${LATEX_ALIGN}) width(0.85\hsize) nonumbers substitute("\
> caption{" "\caption[]{")
125. 
.         di as txt "Wrote: `outfile'"
126.     }
127. }

Panel variable: hhidpn (strongly balanced)
 Time variable: year, 2000 to 2022, but with gaps
         Delta: 1 unit

--- Spec 3 FE: returns to core (raw) ---
(414,589 missing values generated)
(414,589 missing values generated)

added scalar:
 e(p_joint_share_core) =  .00137638

------------------------------------
------------------------------------
age_bin_=20                  0.00   
                              (.)   

age_bin_=25                 -0.13***
                           (0.03)   

age_bin_=30                 -1.19   
                           (0.75)   

age_bin_=35                 -0.84   
                           (0.75)   

age_bin_=40                 -0.82   
                           (0.78)   

age_bin_=45                 -0.90   
                           (0.78)   

age_bin_=50                 -0.98   
                           (0.78)   

age_bin_=55                 -1.00   
                           (0.78)   

age_bin_=60                 -1.08   
                           (0.79)   

age_bin_=65                 -1.10   
                           (0.79)   

age_bin_=70                 -1.09   
                           (0.79)   

age_bin_=75                 -1.03   
                           (0.79)   

age_bin_=80                 -0.99   
                           (0.80)   

age_bin_=85                 -0.87   
                           (0.80)   

age_bin_=90                 -0.81   
                           (0.80)   

age_bin_=95                 -0.78   
                           (0.81)   

age_bin_=100                -0.83   
                           (0.86)   

age_bin_=105                -1.08   
                           (0.86)   

inlbrf_                      0.07***
                           (0.02)   

married_                     0.00   
                           (0.02)   

year=2002                    0.00   
                              (.)   

year=2004                   -0.11***
                           (0.02)   

year=2006                   -0.10***
                           (0.03)   

year=2008                   -0.10***
                           (0.03)   

year=2010                   -0.39***
                           (0.04)   

year=2012                   -0.42***
                           (0.04)   

year=2014                   -0.36***
                           (0.05)   

year=2016                   -0.53***
                           (0.05)   

year=2018                   -0.62***
                           (0.06)   

year=2020                   -0.42***
                           (0.06)   

year=2022                   -0.48***
                           (0.07)   

wealth_core_d2              -0.34***
                           (0.04)   

wealth_core_d3              -0.12***
                           (0.03)   

wealth_core_d4               0.32***
                           (0.02)   

wealth_core_d5               0.84***
                           (0.02)   

wealth_core_d6               1.34***
                           (0.02)   

wealth_core_d7               1.77***
                           (0.03)   

wealth_core_d8               2.14***
                           (0.03)   

wealth_core_d9               2.54***
                           (0.04)   

wealth_core_d10              2.90***
                           (0.05)   

share_core                   0.70***
                           (0.07)   

year=2002 # share_~e         0.00   
                              (.)   

year=2004 # share_~e         0.04   
                           (0.07)   

year=2006 # share_~e         0.04   
                           (0.08)   

year=2008 # share_~e         0.03   
                           (0.07)   

year=2010 # share_~e         0.01   
                           (0.08)   

year=2012 # share_~e         0.03   
                           (0.08)   

year=2014 # share_~e         0.11   
                           (0.09)   

year=2016 # share_~e         0.11   
                           (0.08)   

year=2018 # share_~e         0.44***
                           (0.11)   

year=2020 # share_~e        -0.02   
                           (0.10)   

year=2022 # share_~e         0.02   
                           (0.12)   

Constant                    -0.17   
                           (0.78)   
------------------------------------
Observations            128219.00   
Within R²                    0.19   
Rho                          0.48   
Sigma u                      1.38   
Sigma e                      1.44   
Joint test: Share ~-         0.00   
------------------------------------
Standard errors in parentheses
* p<0.10, ** p<0.05, *** p<0.01
(414,589 observations deleted)
file /var/folders/17/1rg0y2kj74l9p9g301vbhhkw0000gn/T//S_84306.000004 saved as
    .dta format
(file /var/folders/17/1rg0y2kj74l9p9g301vbhhkw0000gn/T//S_84306.000002 not
    found)
file /var/folders/17/1rg0y2kj74l9p9g301vbhhkw0000gn/T//S_84306.000002 saved as
    .dta format
(output written to /Volumes/SSD PRO/Github-forks/Chp2-TrustandReturns/Code/Regres
> sions/Panel/panel_reg_r1_spec3.tex)
Wrote: /Volumes/SSD PRO/Github-forks/Chp2-TrustandReturns/Code/Regressions/Panel/
> panel_reg_r1_spec3.tex

Panel variable: hhidpn (strongly balanced)
 Time variable: year, 2000 to 2022, but with gaps
         Delta: 1 unit

--- Spec 3 FE: returns to core and IRA (raw) ---
(420,018 missing values generated)
(420,018 missing values generated)

added scalar:
 e(p_joint_share_core) =  2.309e-17

added scalar:
  e(p_joint_share_ira) =  1.703e-23

------------------------------------
------------------------------------
age_bin_=20                  0.00   
                              (.)   

age_bin_=25                  0.23***
                           (0.02)   

age_bin_=30                  0.10   
                           (0.31)   

age_bin_=35                  0.41   
                           (0.27)   

age_bin_=40                  0.33   
                           (0.31)   

age_bin_=45                  0.11   
                           (0.31)   

age_bin_=50                  0.09   
                           (0.31)   

age_bin_=55                  0.02   
                           (0.31)   

age_bin_=60                 -0.06   
                           (0.32)   

age_bin_=65                 -0.01   
                           (0.32)   

age_bin_=70                  0.01   
                           (0.32)   

age_bin_=75                  0.06   
                           (0.32)   

age_bin_=80                  0.10   
                           (0.33)   

age_bin_=85                  0.18   
                           (0.33)   

age_bin_=90                  0.25   
                           (0.34)   

age_bin_=95                  0.29   
                           (0.35)   

age_bin_=100                 0.17   
                           (0.39)   

age_bin_=105                 0.14   
                           (0.39)   

inlbrf_                      0.04***
                           (0.01)   

married_                    -0.10***
                           (0.02)   

year=2002                    0.00   
                              (.)   

year=2004                    0.04   
                           (0.02)   

year=2006                    0.08***
                           (0.03)   

year=2008                    0.17***
                           (0.03)   

year=2010                   -0.05*  
                           (0.03)   

year=2012                    0.01   
                           (0.03)   

year=2014                    0.14***
                           (0.04)   

year=2016                    0.06   
                           (0.04)   

year=2018                    0.09*  
                           (0.05)   

year=2020                    0.21***
                           (0.05)   

year=2022                    0.30***
                           (0.06)   

wealth_coreira_d2           -0.36***
                           (0.05)   

wealth_coreira_d3           -0.30***
                           (0.03)   

wealth_coreira_d4            0.02   
                           (0.03)   

wealth_coreira_d5            0.34***
                           (0.03)   

wealth_coreira_d6            0.68***
                           (0.03)   

wealth_coreira_d7            0.96***
                           (0.03)   

wealth_coreira_d8            1.20***
                           (0.03)   

wealth_coreira_d9            1.45***
                           (0.04)   

wealth_coreira_d10           1.72***
                           (0.05)   

share_core                   0.95***
                           (0.05)   

year=2002 # share_~e         0.00   
                              (.)   

year=2004 # share_~e        -0.04   
                           (0.05)   

year=2006 # share_~e        -0.13** 
                           (0.05)   

year=2008 # share_~e        -0.30***
                           (0.06)   

year=2010 # share_~e        -0.34***
                           (0.06)   

year=2012 # share_~e        -0.37***
                           (0.06)   

year=2014 # share_~e        -0.41***
                           (0.06)   

year=2016 # share_~e        -0.41***
                           (0.07)   

year=2018 # share_~e        -0.35***
                           (0.08)   

year=2020 # share_~e        -0.57***
                           (0.08)   

year=2022 # share_~e        -0.66***
                           (0.10)   

share_ira                    0.60***
                           (0.08)   

year=2002 # share_~a         0.00   
                              (.)   

year=2004 # share_~a        -0.06   
                           (0.09)   

year=2006 # share_~a         0.21** 
                           (0.10)   

year=2008 # share_~a        -0.22** 
                           (0.09)   

year=2010 # share_~a        -0.10   
                           (0.09)   

year=2012 # share_~a        -0.16   
                           (0.10)   

year=2014 # share_~a        -0.27***
                           (0.09)   

year=2016 # share_~a        -0.24** 
                           (0.10)   

year=2018 # share_~a        -0.34***
                           (0.10)   

year=2020 # share_~a        -0.52***
                           (0.11)   

year=2022 # share_~a        -0.88***
                           (0.11)   

Constant                    -0.82***
                           (0.32)   
------------------------------------
Observations            122790.00   
Within R²                    0.14   
Rho                          0.54   
Sigma u                      1.16   
Sigma e                      1.06   
Joint test: Share ~-         0.00   
Joint test: Share ~v         0.00   
------------------------------------
Standard errors in parentheses
* p<0.10, ** p<0.05, *** p<0.01
(420,018 observations deleted)
file /var/folders/17/1rg0y2kj74l9p9g301vbhhkw0000gn/T//S_84306.000006 saved as
    .dta format
file /var/folders/17/1rg0y2kj74l9p9g301vbhhkw0000gn/T//S_84306.000002 saved as
    .dta format
(output written to /Volumes/SSD PRO/Github-forks/Chp2-TrustandReturns/Code/Regres
> sions/Panel/panel_reg_r4_spec3.tex)
Wrote: /Volumes/SSD PRO/Github-forks/Chp2-TrustandReturns/Code/Regressions/Panel/
> panel_reg_r4_spec3.tex

Panel variable: hhidpn (strongly balanced)
 Time variable: year, 2000 to 2022, but with gaps
         Delta: 1 unit

--- Spec 3 FE: returns to net wealth (raw) ---
(441,265 missing values generated)
(441,265 missing values generated)

added scalar:
e(p_joint_share_asset) =  2.035e-15

added scalar:
 e(p_joint_share_debt) =  1.638e-06

------------------------------------
------------------------------------
age_bin_=30                  0.00   
                              (.)   

age_bin_=35                  0.11   
                           (0.20)   

age_bin_=40                  0.40** 
                           (0.20)   

age_bin_=45                  0.31   
                           (0.20)   

age_bin_=50                  0.27   
                           (0.21)   

age_bin_=55                  0.23   
                           (0.21)   

age_bin_=60                  0.17   
                           (0.21)   

age_bin_=65                  0.14   
                           (0.21)   

age_bin_=70                  0.10   
                           (0.21)   

age_bin_=75                  0.13   
                           (0.21)   

age_bin_=80                  0.15   
                           (0.21)   

age_bin_=85                  0.21   
                           (0.22)   

age_bin_=90                  0.29   
                           (0.22)   

age_bin_=95                  0.37*  
                           (0.22)   

age_bin_=100                 0.49*  
                           (0.25)   

age_bin_=105                 0.29   
                           (0.25)   

inlbrf_                      0.04***
                           (0.01)   

married_                    -0.08***
                           (0.01)   

year=2002                    0.00   
                              (.)   

year=2004                    0.04   
                           (0.07)   

year=2006                    0.11   
                           (0.07)   

year=2008                    0.15** 
                           (0.07)   

year=2010                    0.20** 
                           (0.08)   

year=2012                    0.15** 
                           (0.07)   

year=2014                    0.23***
                           (0.08)   

year=2016                    0.37***
                           (0.08)   

year=2018                    0.09   
                           (0.08)   

year=2020                    0.36***
                           (0.09)   

year=2022                    0.47***
                           (0.10)   

wealth_d2                   -0.17***
                           (0.03)   

wealth_d3                    0.09***
                           (0.02)   

wealth_d4                    0.38***
                           (0.02)   

wealth_d5                    0.56***
                           (0.02)   

wealth_d6                    0.73***
                           (0.02)   

wealth_d7                    0.87***
                           (0.02)   

wealth_d8                    1.04***
                           (0.03)   

wealth_d9                    1.20***
                           (0.03)   

wealth_d10                   1.48***
                           (0.04)   

share_core                   0.31***
                           (0.07)   

year=2002 # share_~e         0.00   
                              (.)   

year=2004 # share_~e        -0.03   
                           (0.08)   

year=2006 # share_~e        -0.09   
                           (0.08)   

year=2008 # share_~e        -0.14*  
                           (0.08)   

year=2010 # share_~e        -0.29***
                           (0.09)   

year=2012 # share_~e        -0.24***
                           (0.09)   

year=2014 # share_~e        -0.20** 
                           (0.09)   

year=2016 # share_~e        -0.43***
                           (0.09)   

year=2018 # share_~e        -0.08   
                           (0.09)   

year=2020 # share_~e        -0.40***
                           (0.10)   

year=2022 # share_~e        -0.45***
                           (0.12)   

share_ira                    0.13*  
                           (0.08)   

year=2002 # share_~a         0.00   
                              (.)   

year=2004 # share_~a        -0.03   
                           (0.09)   

year=2006 # share_~a         0.03   
                           (0.09)   

year=2008 # share_~a        -0.15*  
                           (0.09)   

year=2010 # share_~a        -0.21** 
                           (0.10)   

year=2012 # share_~a        -0.02   
                           (0.10)   

year=2014 # share_~a        -0.12   
                           (0.09)   

year=2016 # share_~a        -0.31***
                           (0.10)   

year=2018 # share_~a        -0.03   
                           (0.10)   

year=2020 # share_~a        -0.32***
                           (0.10)   

year=2022 # share_~a        -0.39***
                           (0.12)   

share_res                    0.21***
                           (0.07)   

year=2002 # share_~s         0.00   
                              (.)   

year=2004 # share_~s        -0.03   
                           (0.08)   

year=2006 # share_~s        -0.02   
                           (0.08)   

year=2008 # share_~s        -0.20** 
                           (0.08)   

year=2010 # share_~s        -0.29***
                           (0.09)   

year=2012 # share_~s        -0.27***
                           (0.08)   

year=2014 # share_~s        -0.27***
                           (0.09)   

year=2016 # share_~s        -0.42***
                           (0.09)   

year=2018 # share_~s        -0.18** 
                           (0.09)   

year=2020 # share_~s        -0.50***
                           (0.09)   

year=2022 # share_~s        -0.53***
                           (0.11)   

share_debt_long             -0.01   
                           (0.01)   

year=2002 # share_~g         0.00   
                              (.)   

year=2004 # share_~g        -0.07***
                           (0.02)   

year=2006 # share_~g        -0.05   
                           (0.03)   

year=2008 # share_~g        -0.06***
                           (0.02)   

year=2010 # share_~g         0.01   
                           (0.01)   

year=2012 # share_~g         0.00   
                           (0.01)   

year=2014 # share_~g         0.00   
                           (0.04)   

year=2016 # share_~g         0.00   
                           (0.01)   

year=2018 # share_~g        -0.04   
                           (0.03)   

year=2020 # share_~g         0.00   
                           (0.01)   

year=2022 # share_~g        -0.00   
                           (0.01)   

share_debt_other            -0.14** 
                           (0.07)   

year=2002 # share_~r         0.00   
                              (.)   

year=2004 # share_~r         0.07   
                           (0.08)   

year=2006 # share_~r        -0.00   
                           (0.08)   

year=2008 # share_~r         0.12*  
                           (0.07)   

year=2010 # share_~r         0.12*  
                           (0.07)   

year=2012 # share_~r         0.14** 
                           (0.07)   

year=2014 # share_~r         0.12*  
                           (0.07)   

year=2016 # share_~r         0.12*  
                           (0.07)   

year=2018 # share_~r         0.14*  
                           (0.08)   

year=2020 # share_~r         0.12*  
                           (0.07)   

year=2022 # share_~r         0.14** 
                           (0.07)   

Constant                    -0.91***
                           (0.22)   
------------------------------------
Observations            101543.00   
Within R²                    0.12   
Rho                          0.60   
Sigma u                      0.72   
Sigma e                      0.59   
Joint test: Share ~)         0.00   
Joint test: Share ~h         0.00   
------------------------------------
Standard errors in parentheses
* p<0.10, ** p<0.05, *** p<0.01
(441,265 observations deleted)
file /var/folders/17/1rg0y2kj74l9p9g301vbhhkw0000gn/T//S_84306.000008 saved as
    .dta format
file /var/folders/17/1rg0y2kj74l9p9g301vbhhkw0000gn/T//S_84306.000002 saved as
    .dta format
(output written to /Volumes/SSD PRO/Github-forks/Chp2-TrustandReturns/Code/Regres
> sions/Panel/panel_reg_r5_spec3.tex)
Wrote: /Volumes/SSD PRO/Github-forks/Chp2-TrustandReturns/Code/Regressions/Panel/
> panel_reg_r5_spec3.tex

Panel variable: hhidpn (strongly balanced)
 Time variable: year, 2000 to 2022, but with gaps
         Delta: 1 unit

--- Spec 3 FE: returns to core (5 percent winsorized) ---
(414,589 missing values generated)
(414,589 missing values generated)

added scalar:
 e(p_joint_share_core) =  2.978e-12

------------------------------------
------------------------------------
age_bin_=20                  0.00   
                              (.)   

age_bin_=25                  0.01   
                           (0.02)   

age_bin_=30                 -0.11   
                           (0.30)   

age_bin_=35                  0.10   
                           (0.30)   

age_bin_=40                  0.06   
                           (0.33)   

age_bin_=45                  0.05   
                           (0.33)   

age_bin_=50                  0.02   
                           (0.34)   

age_bin_=55                  0.00   
                           (0.34)   

age_bin_=60                 -0.03   
                           (0.34)   

age_bin_=65                 -0.03   
                           (0.34)   

age_bin_=70                 -0.02   
                           (0.34)   

age_bin_=75                  0.01   
                           (0.34)   

age_bin_=80                  0.03   
                           (0.34)   

age_bin_=85                  0.08   
                           (0.34)   

age_bin_=90                  0.11   
                           (0.35)   

age_bin_=95                  0.09   
                           (0.35)   

age_bin_=100                 0.03   
                           (0.37)   

age_bin_=105                 0.01   
                           (0.38)   

inlbrf_                      0.06***
                           (0.01)   

married_                    -0.01   
                           (0.01)   

year=2002                    0.00   
                              (.)   

year=2004                   -0.08***
                           (0.01)   

year=2006                   -0.07***
                           (0.01)   

year=2008                   -0.06***
                           (0.02)   

year=2010                   -0.31***
                           (0.02)   

year=2012                   -0.29***
                           (0.02)   

year=2014                   -0.24***
                           (0.02)   

year=2016                   -0.37***
                           (0.03)   

year=2018                   -0.39***
                           (0.03)   

year=2020                   -0.26***
                           (0.03)   

year=2022                   -0.31***
                           (0.03)   

wealth_core_d2              -0.12***
                           (0.03)   

wealth_core_d3               0.14***
                           (0.01)   

wealth_core_d4               0.45***
                           (0.01)   

wealth_core_d5               0.81***
                           (0.01)   

wealth_core_d6               1.15***
                           (0.01)   

wealth_core_d7               1.42***
                           (0.02)   

wealth_core_d8               1.62***
                           (0.02)   

wealth_core_d9               1.83***
                           (0.02)   

wealth_core_d10              2.06***
                           (0.02)   

share_core                   0.51***
                           (0.03)   

year=2002 # share_~e         0.00   
                              (.)   

year=2004 # share_~e         0.05   
                           (0.03)   

year=2006 # share_~e         0.01   
                           (0.03)   

year=2008 # share_~e        -0.03   
                           (0.03)   

year=2010 # share_~e         0.03   
                           (0.03)   

year=2012 # share_~e         0.01   
                           (0.04)   

year=2014 # share_~e         0.05   
                           (0.04)   

year=2016 # share_~e         0.11***
                           (0.04)   

year=2018 # share_~e         0.21***
                           (0.04)   

year=2020 # share_~e        -0.05   
                           (0.04)   

year=2022 # share_~e        -0.05   
                           (0.04)   

Constant                    -1.03***
                           (0.34)   
------------------------------------
Observations            128219.00   
Within R²                    0.31   
Rho                          0.53   
Sigma u                      0.75   
Sigma e                      0.70   
Joint test: Share ~-         0.00   
------------------------------------
Standard errors in parentheses
* p<0.10, ** p<0.05, *** p<0.01
(414,589 observations deleted)
file /var/folders/17/1rg0y2kj74l9p9g301vbhhkw0000gn/T//S_84306.00000a saved as
    .dta format
file /var/folders/17/1rg0y2kj74l9p9g301vbhhkw0000gn/T//S_84306.000002 saved as
    .dta format
(output written to /Volumes/SSD PRO/Github-forks/Chp2-TrustandReturns/Code/Regres
> sions/Panel/panel_reg_r1_spec3_win.tex)
Wrote: /Volumes/SSD PRO/Github-forks/Chp2-TrustandReturns/Code/Regressions/Panel/
> panel_reg_r1_spec3_win.tex

Panel variable: hhidpn (strongly balanced)
 Time variable: year, 2000 to 2022, but with gaps
         Delta: 1 unit

--- Spec 3 FE: returns to core and IRA (5 percent winsorized) ---
(420,018 missing values generated)
(420,018 missing values generated)

added scalar:
 e(p_joint_share_core) =  1.499e-48

added scalar:
  e(p_joint_share_ira) =  5.037e-57

------------------------------------
------------------------------------
age_bin_=20                  0.00   
                              (.)   

age_bin_=25                  0.25***
                           (0.02)   

age_bin_=30                  0.32   
                           (0.26)   

age_bin_=35                  0.47*  
                           (0.24)   

age_bin_=40                  0.37   
                           (0.28)   

age_bin_=45                  0.25   
                           (0.28)   

age_bin_=50                  0.20   
                           (0.28)   

age_bin_=55                  0.15   
                           (0.28)   

age_bin_=60                  0.10   
                           (0.28)   

age_bin_=65                  0.15   
                           (0.28)   

age_bin_=70                  0.16   
                           (0.28)   

age_bin_=75                  0.20   
                           (0.29)   

age_bin_=80                  0.22   
                           (0.29)   

age_bin_=85                  0.25   
                           (0.29)   

age_bin_=90                  0.29   
                           (0.29)   

age_bin_=95                  0.34   
                           (0.29)   

age_bin_=100                 0.37   
                           (0.33)   

age_bin_=105                 0.44   
                           (0.34)   

inlbrf_                      0.02** 
                           (0.01)   

married_                    -0.08***
                           (0.01)   

year=2002                    0.00   
                              (.)   

year=2004                    0.06***
                           (0.02)   

year=2006                    0.09***
                           (0.02)   

year=2008                    0.15***
                           (0.02)   

year=2010                   -0.03   
                           (0.02)   

year=2012                    0.06***
                           (0.02)   

year=2014                    0.19***
                           (0.03)   

year=2016                    0.12***
                           (0.03)   

year=2018                    0.15***
                           (0.03)   

year=2020                    0.25***
                           (0.03)   

year=2022                    0.33***
                           (0.04)   

wealth_coreira_d2           -0.26***
                           (0.04)   

wealth_coreira_d3           -0.19***
                           (0.02)   

wealth_coreira_d4            0.03*  
                           (0.02)   

wealth_coreira_d5            0.24***
                           (0.02)   

wealth_coreira_d6            0.46***
                           (0.02)   

wealth_coreira_d7            0.63***
                           (0.02)   

wealth_coreira_d8            0.78***
                           (0.02)   

wealth_coreira_d9            0.95***
                           (0.02)   

wealth_coreira_d10           1.18***
                           (0.03)   

share_core                   0.78***
                           (0.03)   

year=2002 # share_~e         0.00   
                              (.)   

year=2004 # share_~e        -0.08** 
                           (0.03)   

year=2006 # share_~e        -0.14***
                           (0.03)   

year=2008 # share_~e        -0.26***
                           (0.03)   

year=2010 # share_~e        -0.26***
                           (0.03)   

year=2012 # share_~e        -0.33***
                           (0.04)   

year=2014 # share_~e        -0.39***
                           (0.04)   

year=2016 # share_~e        -0.39***
                           (0.04)   

year=2018 # share_~e        -0.38***
                           (0.04)   

year=2020 # share_~e        -0.55***
                           (0.04)   

year=2022 # share_~e        -0.59***
                           (0.05)   

share_ira                    0.53***
                           (0.04)   

year=2002 # share_~a         0.00   
                              (.)   

year=2004 # share_~a        -0.02   
                           (0.05)   

year=2006 # share_~a         0.11** 
                           (0.05)   

year=2008 # share_~a        -0.14***
                           (0.05)   

year=2010 # share_~a        -0.08   
                           (0.05)   

year=2012 # share_~a        -0.18***
                           (0.05)   

year=2014 # share_~a        -0.26***
                           (0.05)   

year=2016 # share_~a        -0.27***
                           (0.05)   

year=2018 # share_~a        -0.33***
                           (0.06)   

year=2020 # share_~a        -0.51***
                           (0.06)   

year=2022 # share_~a        -0.80***
                           (0.06)   

Constant                    -0.72** 
                           (0.28)   
------------------------------------
Observations            122790.00   
Within R²                    0.17   
Rho                          0.58   
Sigma u                      0.77   
Sigma e                      0.65   
Joint test: Share ~-         0.00   
Joint test: Share ~v         0.00   
------------------------------------
Standard errors in parentheses
* p<0.10, ** p<0.05, *** p<0.01
(420,018 observations deleted)
file /var/folders/17/1rg0y2kj74l9p9g301vbhhkw0000gn/T//S_84306.00000c saved as
    .dta format
file /var/folders/17/1rg0y2kj74l9p9g301vbhhkw0000gn/T//S_84306.000002 saved as
    .dta format
(output written to /Volumes/SSD PRO/Github-forks/Chp2-TrustandReturns/Code/Regres
> sions/Panel/panel_reg_r4_spec3_win.tex)
Wrote: /Volumes/SSD PRO/Github-forks/Chp2-TrustandReturns/Code/Regressions/Panel/
> panel_reg_r4_spec3_win.tex

Panel variable: hhidpn (strongly balanced)
 Time variable: year, 2000 to 2022, but with gaps
         Delta: 1 unit

--- Spec 3 FE: returns to net wealth (5 percent winsorized) ---
(441,265 missing values generated)
(441,265 missing values generated)

added scalar:
e(p_joint_share_asset) =  6.191e-34

added scalar:
 e(p_joint_share_debt) =  1.290e-09

------------------------------------
------------------------------------
age_bin_=30                  0.00   
                              (.)   

age_bin_=35                  0.09   
                           (0.15)   

age_bin_=40                  0.11   
                           (0.12)   

age_bin_=45                  0.06   
                           (0.12)   

age_bin_=50                  0.02   
                           (0.12)   

age_bin_=55                 -0.02   
                           (0.12)   

age_bin_=60                 -0.05   
                           (0.12)   

age_bin_=65                 -0.06   
                           (0.13)   

age_bin_=70                 -0.08   
                           (0.13)   

age_bin_=75                 -0.07   
                           (0.13)   

age_bin_=80                 -0.06   
                           (0.13)   

age_bin_=85                 -0.03   
                           (0.13)   

age_bin_=90                  0.01   
                           (0.13)   

age_bin_=95                  0.06   
                           (0.13)   

age_bin_=100                 0.16   
                           (0.15)   

age_bin_=105                -0.10   
                           (0.15)   

inlbrf_                      0.03***
                           (0.00)   

married_                    -0.05***
                           (0.01)   

year=2002                    0.00   
                              (.)   

year=2004                    0.03   
                           (0.04)   

year=2006                    0.11***
                           (0.04)   

year=2008                    0.15***
                           (0.04)   

year=2010                    0.13***
                           (0.04)   

year=2012                    0.17***
                           (0.04)   

year=2014                    0.26***
                           (0.04)   

year=2016                    0.34***
                           (0.04)   

year=2018                    0.19***
                           (0.05)   

year=2020                    0.33***
                           (0.05)   

year=2022                    0.42***
                           (0.05)   

wealth_d2                   -0.11***
                           (0.02)   

wealth_d3                    0.06***
                           (0.01)   

wealth_d4                    0.24***
                           (0.01)   

wealth_d5                    0.36***
                           (0.01)   

wealth_d6                    0.48***
                           (0.01)   

wealth_d7                    0.59***
                           (0.01)   

wealth_d8                    0.72***
                           (0.02)   

wealth_d9                    0.86***
                           (0.02)   

wealth_d10                   1.06***
                           (0.02)   

share_core                   0.24***
                           (0.04)   

year=2002 # share_~e         0.00   
                              (.)   

year=2004 # share_~e         0.01   
                           (0.04)   

year=2006 # share_~e        -0.07   
                           (0.04)   

year=2008 # share_~e        -0.14***
                           (0.04)   

year=2010 # share_~e        -0.19***
                           (0.05)   

year=2012 # share_~e        -0.21***
                           (0.05)   

year=2014 # share_~e        -0.24***
                           (0.05)   

year=2016 # share_~e        -0.35***
                           (0.05)   

year=2018 # share_~e        -0.19***
                           (0.05)   

year=2020 # share_~e        -0.37***
                           (0.05)   

year=2022 # share_~e        -0.36***
                           (0.06)   

share_ira                    0.08*  
                           (0.04)   

year=2002 # share_~a         0.00   
                              (.)   

year=2004 # share_~a         0.03   
                           (0.05)   

year=2006 # share_~a         0.06   
                           (0.05)   

year=2008 # share_~a        -0.12** 
                           (0.05)   

year=2010 # share_~a        -0.13***
                           (0.05)   

year=2012 # share_~a        -0.09*  
                           (0.05)   

year=2014 # share_~a        -0.14***
                           (0.05)   

year=2016 # share_~a        -0.27***
                           (0.05)   

year=2018 # share_~a        -0.10*  
                           (0.05)   

year=2020 # share_~a        -0.30***
                           (0.06)   

year=2022 # share_~a        -0.36***
                           (0.06)   

share_res                    0.14***
                           (0.04)   

year=2002 # share_~s         0.00   
                              (.)   

year=2004 # share_~s        -0.02   
                           (0.04)   

year=2006 # share_~s        -0.04   
                           (0.04)   

year=2008 # share_~s        -0.20***
                           (0.04)   

year=2010 # share_~s        -0.24***
                           (0.05)   

year=2012 # share_~s        -0.27***
                           (0.05)   

year=2014 # share_~s        -0.29***
                           (0.05)   

year=2016 # share_~s        -0.38***
                           (0.05)   

year=2018 # share_~s        -0.26***
                           (0.05)   

year=2020 # share_~s        -0.43***
                           (0.05)   

year=2022 # share_~s        -0.44***
                           (0.06)   

share_debt_long             -0.01*  
                           (0.01)   

year=2002 # share_~g         0.00   
                              (.)   

year=2004 # share_~g        -0.04***
                           (0.01)   

year=2006 # share_~g        -0.05***
                           (0.02)   

year=2008 # share_~g        -0.03** 
                           (0.02)   

year=2010 # share_~g         0.01   
                           (0.01)   

year=2012 # share_~g         0.01   
                           (0.01)   

year=2014 # share_~g        -0.01   
                           (0.02)   

year=2016 # share_~g         0.01   
                           (0.01)   

year=2018 # share_~g        -0.03*  
                           (0.02)   

year=2020 # share_~g         0.00   
                           (0.01)   

year=2022 # share_~g         0.00   
                           (0.01)   

share_debt_other            -0.08** 
                           (0.04)   

year=2002 # share_~r         0.00   
                              (.)   

year=2004 # share_~r         0.03   
                           (0.04)   

year=2006 # share_~r        -0.01   
                           (0.05)   

year=2008 # share_~r         0.07*  
                           (0.04)   

year=2010 # share_~r         0.08*  
                           (0.04)   

year=2012 # share_~r         0.09** 
                           (0.04)   

year=2014 # share_~r         0.07*  
                           (0.04)   

year=2016 # share_~r         0.07*  
                           (0.04)   

year=2018 # share_~r         0.10** 
                           (0.05)   

year=2020 # share_~r         0.07*  
                           (0.04)   

year=2022 # share_~r         0.08** 
                           (0.04)   

Constant                    -0.47***
                           (0.13)   
------------------------------------
Observations            101543.00   
Within R²                    0.19   
Rho                          0.66   
Sigma u                      0.46   
Sigma e                      0.33   
Joint test: Share ~)         0.00   
Joint test: Share ~h         0.00   
------------------------------------
Standard errors in parentheses
* p<0.10, ** p<0.05, *** p<0.01
(441,265 observations deleted)
file /var/folders/17/1rg0y2kj74l9p9g301vbhhkw0000gn/T//S_84306.00000e saved as
    .dta format
file /var/folders/17/1rg0y2kj74l9p9g301vbhhkw0000gn/T//S_84306.000002 saved as
    .dta format
(output written to /Volumes/SSD PRO/Github-forks/Chp2-TrustandReturns/Code/Regres
> sions/Panel/panel_reg_r5_spec3_win.tex)
Wrote: /Volumes/SSD PRO/Github-forks/Chp2-TrustandReturns/Code/Regressions/Panel/
> panel_reg_r5_spec3_win.tex

. 
. * ----------------------------------------------------------------------
. * Merge FE with time-invariant vars for downstream
. * ----------------------------------------------------------------------
. preserve

. use "${PROCESSED}/analysis_final_long_unbalanced.dta", clear

. keep hhidpn educ_yrs gender race_eth born_us trust_others_2020

. duplicates drop hhidpn, force

Duplicates in terms of hhidpn

(497,574 observations deleted)

. tempfile tinv

. save `tinv'
file /var/folders/17/1rg0y2kj74l9p9g301vbhhkw0000gn/T//S_84306.00000g saved as
    .dta format

. restore

. 
. use `fe_append', clear

. merge m:1 hhidpn using `tinv', nogen

    Result                      Number of obs
    -----------------------------------------
    Not matched                        17,048
        from master                         0  
        from using                     17,048  

    Matched                           147,654  
    -----------------------------------------

. save `fe_append', replace
file /var/folders/17/1rg0y2kj74l9p9g301vbhhkw0000gn/T//S_84306.000002 saved as
    .dta format

. 
. * ----------------------------------------------------------------------
. * Step C: Distribution plots (6)
. * ----------------------------------------------------------------------
. foreach win in raw win {
  2.     local win_label "raw"
  3.     if "`win'" == "win" local win_label "${LATEX_WIN_SHORT}"
  4.     foreach ret in r1 r4 r5 {
  5.         use `fe_append' if ret_type=="`ret'" & win_type=="`win'", clear
  6.         if _N == 0 continue
  7.         local ret_label "returns to core"
  8.         if "`ret'" == "r4" local ret_label "returns to ${LATEX_CORE_IRA}"
  9.         if "`ret'" == "r5" local ret_label "returns to net wealth"
 10.         local fname "fe_dist_`ret'"
 11.         if "`win'" == "win" local fname "fe_dist_`ret'_win"
 12.         histogram fe, percent width(0.01) ///
>             title("FE distribution: `ret_label' (`win_label')") ///
>             xtitle("Estimated fixed effect") ///
>             scheme(s2color)
 13.         graph export "${REGRESSIONS}/Panel/Figures/`fname'.png", replace wid
> th(1200)
 14.         di as txt "Wrote: `fname'.png"
 15.     }
 16. }
(bin=2772, start=-2.9357708, width=.01)
file /Volumes/SSD
    PRO/Github-forks/Chp2-TrustandReturns/Code/Regressions/Panel/Figures/fe_dis
    > t_r1.png saved as PNG format
Wrote: fe_dist_r1.png
(bin=3148, start=-2.3359342, width=.01)
file /Volumes/SSD
    PRO/Github-forks/Chp2-TrustandReturns/Code/Regressions/Panel/Figures/fe_dis
    > t_r4.png saved as PNG format
Wrote: fe_dist_r4.png
(bin=2014, start=-1.3954664, width=.01)
file /Volumes/SSD
    PRO/Github-forks/Chp2-TrustandReturns/Code/Regressions/Panel/Figures/fe_dis
    > t_r5.png saved as PNG format
Wrote: fe_dist_r5.png
(bin=625, start=-2.0806712, width=.01)
file /Volumes/SSD
    PRO/Github-forks/Chp2-TrustandReturns/Code/Regressions/Panel/Figures/fe_dis
    > t_r1_win.png saved as PNG format
Wrote: fe_dist_r1_win.png
(bin=505, start=-1.8611324, width=.01)
file /Volumes/SSD
    PRO/Github-forks/Chp2-TrustandReturns/Code/Regressions/Panel/Figures/fe_dis
    > t_r4_win.png saved as PNG format
Wrote: fe_dist_r4_win.png
(bin=704, start=-1.1677145, width=.01)
file /Volumes/SSD
    PRO/Github-forks/Chp2-TrustandReturns/Code/Regressions/Panel/Figures/fe_dis
    > t_r5_win.png saved as PNG format
Wrote: fe_dist_r5_win.png

. 
. * ----------------------------------------------------------------------
. * Step D: Second-stage regressions (FE on time-invariant vars)
. * One table per return measure (r1, r4, r5) × raw/winsorized
. * ----------------------------------------------------------------------
. foreach win in raw win {
  2.     local win_label "raw"
  3.     if "`win'" == "win" local win_label "${LATEX_WIN_SHORT}"
  4.     foreach ret in r1 r4 r5 {
  5.         use `fe_append', clear
  6.         keep if ret_type=="`ret'" & win_type=="`win'"
  7.         drop if missing(educ_yrs) | missing(gender) | missing(race_eth)
  8. 
.         local ret_label "returns to core"
  9.         if "`ret'" == "r4" local ret_label "returns to ${LATEX_CORE_IRA}"
 10.         if "`ret'" == "r5" local ret_label "returns to net wealth"
 11. 
.         eststo clear
 12.         eststo m1: regress fe educ_yrs i.gender i.race_eth born_us, vce(robu
> st)
 13.         eststo m2: regress fe educ_yrs i.gender i.race_eth born_us trust_oth
> ers_2020 if !missing(trust_others_2020), vce(robust)
 14.         eststo m3: regress fe educ_yrs i.gender i.race_eth born_us trust_oth
> ers_2020 c.trust_others_2020#c.trust_others_2020 if !missing(trust_others_2020)
> , vce(robust)
 15.         quietly testparm trust_others_2020 c.trust_others_2020#c.trust_other
> s_2020
 16.         estadd scalar p_joint_trust = r(p) : m3
 17. 
.         * Display full second-stage in log (all coefficients) — for history of 
> actual results
.         esttab m1 m2 m3, se star(* 0.10 ** 0.05 *** 0.01) b(2) se(2) label ///
>             mtitles("(1)" "(2)" "(3)") ///
>             stats(N r2_a p_joint_trust, labels("Observations" "Adj. R-squared" 
> "Joint test: Trust+Trust² p-value")) ///
>             title("Second-stage: FE from `ret_label' (`win_label') — full resul
> ts")
 18. 
.         local keep_list "educ_yrs 2.gender 2.race_eth 3.race_eth 4.race_eth bor
> n_us trust_others_2020 c.trust_others_2020#c.trust_others_2020 _cons"
 19.         local outfile "${REGRESSIONS}/Panel/panel_fe_on_tinv_`ret'_`win'.tex
> "
 20.         local tablabel "tab:panel_fe_on_tinv_`ret'_`win'"
 21.         esttab m1 m2 m3 using "`outfile'", replace ///
>             booktabs ///
>             mtitles("(1)" "(2)" "(3)") ///
>             se star(* 0.10 ** 0.05 *** 0.01) b(2) se(2) label ///
>             keep(`keep_list') ///
>             varlabels(educ_yrs "Years of education" 2.gender "Female" 2.race_et
> h "NH Black" 3.race_eth "Hispanic" 4.race_eth "NH Other" born_us "Born in U.S."
>  trust_others_2020 "Trust" c.trust_others_2020#c.trust_others_2020 "Trust²" _co
> ns `"\_cons"') ///
>             stats(N r2_a p_joint_trust, labels("Observations" "Adj. R-squared" 
> "Joint test: Trust+Trust² p-value")) ///
>             title("Second-stage: FE from `ret_label' (`win_label') on time-inva
> riant vars") ///
>             addnotes("\label{`tablabel'} Robust SE. FE from Panel Spec 3 `ret_l
> abel' regression (`win_label').") ///
>             alignment(${LATEX_ALIGN}) width(0.85\hsize) nonumbers substitute("\
> caption{" "\caption[]{")
 22. 
.         di as txt "Wrote: panel_fe_on_tinv_`ret'_`win'.tex"
 23.     }
 24. }
(137,999 observations deleted)
(109 observations deleted)

Linear regression                               Number of obs     =     26,576
                                                F(6, 26569)       =     352.09
                                                Prob > F          =     0.0000
                                                R-squared         =     0.0699
                                                Root MSE          =     1.3236

------------------------------------------------------------------------------
             |               Robust
          fe | Coefficient  std. err.      t    P>|t|     [95% conf. interval]
-------------+----------------------------------------------------------------
    educ_yrs |  -.0492705   .0027745   -17.76   0.000    -.0547087   -.0438323
    2.gender |   .0621525   .0164783     3.77   0.000     .0298542    .0944507
             |
    race_eth |
          2  |   .7612422   .0223387    34.08   0.000     .7174571    .8050272
          3  |   .6304114   .0340743    18.50   0.000     .5636239    .6971989
          4  |   .4064817   .0481654     8.44   0.000     .3120749    .5008886
             |
     born_us |    .012472   .0351558     0.35   0.723    -.0564352    .0813793
       _cons |    .598443   .0474189    12.62   0.000     .5054994    .6913867
------------------------------------------------------------------------------

Linear regression                               Number of obs     =        702
                                                F(7, 694)         =      13.42
                                                Prob > F          =     0.0000
                                                R-squared         =     0.0961
                                                Root MSE          =     1.4003

--------------------------------------------------------------------------------
               |               Robust
            fe | Coefficient  std. err.      t    P>|t|     [95% conf. interval]
---------------+----------------------------------------------------------------
      educ_yrs |   -.049205   .0177045    -2.78   0.006    -.0839657   -.0144443
      2.gender |   .2711917    .103166     2.63   0.009     .0686368    .4737466
               |
      race_eth |
            2  |   .7220925    .161648     4.47   0.000     .4047147     1.03947
            3  |   .8448657   .1831684     4.61   0.000     .4852351    1.204496
            4  |   .6834606   .2374832     2.88   0.004     .2171889    1.149732
               |
       born_us |   .2993937   .1616427     1.85   0.064    -.0179736     .616761
trust_oth~2020 |  -.0347052   .0250281    -1.39   0.166    -.0838452    .0144347
         _cons |    .568203   .2899666     1.96   0.050     -.001114     1.13752
--------------------------------------------------------------------------------

Linear regression                               Number of obs     =        702
                                                F(8, 693)         =      12.26
                                                Prob > F          =     0.0000
                                                R-squared         =     0.0974
                                                Root MSE          =     1.4003

--------------------------------------------------------------------------------
               |               Robust
            fe | Coefficient  std. err.      t    P>|t|     [95% conf. interval]
---------------+----------------------------------------------------------------
      educ_yrs |  -.0456476   .0187895    -2.43   0.015    -.0825388   -.0087565
      2.gender |   .2635047    .102274     2.58   0.010     .0627006    .4643088
               |
      race_eth |
            2  |   .7138177   .1639259     4.35   0.000     .3919666    1.035669
            3  |   .8448716   .1824476     4.63   0.000     .4866553    1.203088
            4  |   .6834123   .2376006     2.88   0.004      .216909    1.149916
               |
       born_us |   .2994087    .161805     1.85   0.065     -.018278    .6170955
trust_oth~2020 |  -.1005049    .077861    -1.29   0.197    -.2533765    .0523668
               |
            c. |
trust_oth~2020#|
            c. |
trust_oth~2020 |   .0061573   .0061986     0.99   0.321    -.0060131    .0183277
               |
         _cons |   .6672544   .3017808     2.21   0.027     .0747401    1.259769
--------------------------------------------------------------------------------

Second-stage: FE from returns to core (raw) — full results
--------------------------------------------------------------------
                              (1)             (2)             (3)   
                              (1)             (2)             (3)   
--------------------------------------------------------------------
educ_yrs                    -0.05***        -0.05***        -0.05** 
                           (0.00)          (0.02)          (0.02)   

gender=1                     0.00            0.00            0.00   
                              (.)             (.)             (.)   

gender=2                     0.06***         0.27***         0.26** 
                           (0.02)          (0.10)          (0.10)   

race_eth=1                   0.00            0.00            0.00   
                              (.)             (.)             (.)   

race_eth=2                   0.76***         0.72***         0.71***
                           (0.02)          (0.16)          (0.16)   

race_eth=3                   0.63***         0.84***         0.84***
                           (0.03)          (0.18)          (0.18)   

race_eth=4                   0.41***         0.68***         0.68***
                           (0.05)          (0.24)          (0.24)   

born_us                      0.01            0.30*           0.30*  
                           (0.04)          (0.16)          (0.16)   

trust_others_2020                           -0.03           -0.10   
                                           (0.03)          (0.08)   

trust_others_2020 ~s                                         0.01   
                                                           (0.01)   

Constant                     0.60***         0.57*           0.67** 
                           (0.05)          (0.29)          (0.30)   
--------------------------------------------------------------------
Observations             26576.00          702.00          702.00   
Adj. R-squared               0.07            0.09            0.09   
Joint test: Trust+~e                                         0.32   
--------------------------------------------------------------------
Standard errors in parentheses
* p<0.10, ** p<0.05, *** p<0.01
(output written to /Volumes/SSD PRO/Github-forks/Chp2-TrustandReturns/Code/Regres
> sions/Panel/panel_fe_on_tinv_r1_raw.tex)
Wrote: panel_fe_on_tinv_r1_raw.tex
(139,283 observations deleted)
(102 observations deleted)

Linear regression                               Number of obs     =     25,300
                                                F(6, 25293)       =     366.15
                                                Prob > F          =     0.0000
                                                R-squared         =     0.0796
                                                Root MSE          =     1.1098

------------------------------------------------------------------------------
             |               Robust
          fe | Coefficient  std. err.      t    P>|t|     [95% conf. interval]
-------------+----------------------------------------------------------------
    educ_yrs |  -.0713837   .0026475   -26.96   0.000    -.0765729   -.0661945
    2.gender |  -.0063443   .0141761    -0.45   0.654    -.0341304    .0214417
             |
    race_eth |
          2  |   .6391246   .0201153    31.77   0.000     .5996975    .6785517
          3  |   .3944954   .0313578    12.58   0.000     .3330322    .4559585
          4  |   .2329766   .0388172     6.00   0.000     .1568926    .3090607
             |
     born_us |   .0703262   .0340697     2.06   0.039     .0035476    .1371048
       _cons |   .9211079   .0457644    20.13   0.000     .8314072    1.010809
------------------------------------------------------------------------------

Linear regression                               Number of obs     =        657
                                                F(7, 649)         =      15.41
                                                Prob > F          =     0.0000
                                                R-squared         =     0.1175
                                                Root MSE          =     1.0291

--------------------------------------------------------------------------------
               |               Robust
            fe | Coefficient  std. err.      t    P>|t|     [95% conf. interval]
---------------+----------------------------------------------------------------
      educ_yrs |  -.0514442   .0157303    -3.27   0.001    -.0823327   -.0205557
      2.gender |   .1835465   .0813896     2.26   0.024     .0237278    .3433652
               |
      race_eth |
            2  |   .5336678   .1100803     4.85   0.000     .3175113    .7498243
            3  |   .8936556   .1626915     5.49   0.000     .5741904    1.213121
            4  |   .6415116   .2270094     2.83   0.005       .19575    1.087273
               |
       born_us |   .3566029   .1322402     2.70   0.007     .0969326    .6162731
trust_oth~2020 |   .0080333   .0191266     0.42   0.675    -.0295242    .0455909
         _cons |   .2308176   .2766293     0.83   0.404    -.3123789     .774014
--------------------------------------------------------------------------------

Linear regression                               Number of obs     =        657
                                                F(8, 648)         =      13.59
                                                Prob > F          =     0.0000
                                                R-squared         =     0.1185
                                                Root MSE          =     1.0293

--------------------------------------------------------------------------------
               |               Robust
            fe | Coefficient  std. err.      t    P>|t|     [95% conf. interval]
---------------+----------------------------------------------------------------
      educ_yrs |   -.049634   .0161949    -3.06   0.002    -.0814348   -.0178332
      2.gender |   .1779686   .0804592     2.21   0.027     .0199763    .3359609
               |
      race_eth |
            2  |   .5249773   .1118135     4.70   0.000     .3054169    .7445378
            3  |   .8926292   .1623373     5.50   0.000     .5738586      1.2114
            4  |   .6419002   .2274108     2.82   0.005     .1953491    1.088451
               |
       born_us |   .3554061   .1326297     2.68   0.008     .0949701     .615842
trust_oth~2020 |  -.0345314   .0631185    -0.55   0.585     -.158473    .0894102
               |
            c. |
trust_oth~2020#|
            c. |
trust_oth~2020 |   .0039545   .0052123     0.76   0.448    -.0062805    .0141895
               |
         _cons |   .3051672   .2908731     1.05   0.295    -.2660004    .8763347
--------------------------------------------------------------------------------

Second-stage: FE from returns to core and IRA (raw) — full results
--------------------------------------------------------------------
                              (1)             (2)             (3)   
                              (1)             (2)             (3)   
--------------------------------------------------------------------
educ_yrs                    -0.07***        -0.05***        -0.05***
                           (0.00)          (0.02)          (0.02)   

gender=1                     0.00            0.00            0.00   
                              (.)             (.)             (.)   

gender=2                    -0.01            0.18**          0.18** 
                           (0.01)          (0.08)          (0.08)   

race_eth=1                   0.00            0.00            0.00   
                              (.)             (.)             (.)   

race_eth=2                   0.64***         0.53***         0.52***
                           (0.02)          (0.11)          (0.11)   

race_eth=3                   0.39***         0.89***         0.89***
                           (0.03)          (0.16)          (0.16)   

race_eth=4                   0.23***         0.64***         0.64***
                           (0.04)          (0.23)          (0.23)   

born_us                      0.07**          0.36***         0.36***
                           (0.03)          (0.13)          (0.13)   

trust_others_2020                            0.01           -0.03   
                                           (0.02)          (0.06)   

trust_others_2020 ~s                                         0.00   
                                                           (0.01)   

Constant                     0.92***         0.23            0.31   
                           (0.05)          (0.28)          (0.29)   
--------------------------------------------------------------------
Observations             25300.00          657.00          657.00   
Adj. R-squared               0.08            0.11            0.11   
Joint test: Trust+~e                                         0.62   
--------------------------------------------------------------------
Standard errors in parentheses
* p<0.10, ** p<0.05, *** p<0.01
(output written to /Volumes/SSD PRO/Github-forks/Chp2-TrustandReturns/Code/Regres
> sions/Panel/panel_fe_on_tinv_r4_raw.tex)
Wrote: panel_fe_on_tinv_r4_raw.tex
(142,997 observations deleted)
(76 observations deleted)

Linear regression                               Number of obs     =     21,613
                                                F(6, 21606)       =     540.61
                                                Prob > F          =     0.0000
                                                R-squared         =     0.1161
                                                Root MSE          =     .67985

------------------------------------------------------------------------------
             |               Robust
          fe | Coefficient  std. err.      t    P>|t|     [95% conf. interval]
-------------+----------------------------------------------------------------
    educ_yrs |  -.0473217   .0016392   -28.87   0.000    -.0505347   -.0441087
    2.gender |   .0150827   .0094105     1.60   0.109    -.0033626     .033528
             |
    race_eth |
          2  |   .4496327     .01445    31.12   0.000     .4213096    .4779559
          3  |   .3160538   .0253246    12.48   0.000     .2664157     .365692
          4  |   .2042657   .0306844     6.66   0.000      .144122    .2644095
             |
     born_us |   .0719958   .0212837     3.38   0.001     .0302782    .1137133
       _cons |   .5423776   .0311797    17.40   0.000     .4812631    .6034921
------------------------------------------------------------------------------

Linear regression                               Number of obs     =        560
                                                F(7, 552)         =      18.24
                                                Prob > F          =     0.0000
                                                R-squared         =     0.1480
                                                Root MSE          =     .62536

--------------------------------------------------------------------------------
               |               Robust
            fe | Coefficient  std. err.      t    P>|t|     [95% conf. interval]
---------------+----------------------------------------------------------------
      educ_yrs |  -.0478349   .0080521    -5.94   0.000    -.0636514   -.0320185
      2.gender |   .0582244   .0538789     1.08   0.280    -.0476083    .1640571
               |
      race_eth |
            2  |   .4020021   .0712689     5.64   0.000     .2620107    .5419934
            3  |   .3512105   .0773886     4.54   0.000     .1991983    .5032227
            4  |   .2772466   .1873299     1.48   0.139      -.09072    .6452131
               |
       born_us |   .2103789   .0684972     3.07   0.002     .0758319    .3449259
trust_oth~2020 |   .0066962    .009535     0.70   0.483    -.0120331    .0254255
         _cons |   .4095058   .1359532     3.01   0.003     .1424569    .6765547
--------------------------------------------------------------------------------

Linear regression                               Number of obs     =        560
                                                F(8, 551)         =      16.27
                                                Prob > F          =     0.0000
                                                R-squared         =     0.1496
                                                Root MSE          =     .62532

--------------------------------------------------------------------------------
               |               Robust
            fe | Coefficient  std. err.      t    P>|t|     [95% conf. interval]
---------------+----------------------------------------------------------------
      educ_yrs |  -.0501572   .0081955    -6.12   0.000    -.0662554    -.034059
      2.gender |   .0617441   .0540964     1.14   0.254    -.0445163    .1680045
               |
      race_eth |
            2  |   .4082974   .0716706     5.70   0.000     .2675164    .5490785
            3  |    .350365    .077342     4.53   0.000     .1984437    .5022863
            4  |   .2833698   .1870999     1.51   0.130    -.0841465     .650886
               |
       born_us |   .2116948   .0685904     3.09   0.002     .0769642    .3464254
trust_oth~2020 |   .0403671   .0274542     1.47   0.142    -.0135607    .0942948
               |
            c. |
trust_oth~2020#|
            c. |
trust_oth~2020 |  -.0030672   .0025528    -1.20   0.230    -.0080817    .0019473
               |
         _cons |   .3614943   .1403196     2.58   0.010     .0858675    .6371211
--------------------------------------------------------------------------------

Second-stage: FE from returns to net wealth (raw) — full results
--------------------------------------------------------------------
                              (1)             (2)             (3)   
                              (1)             (2)             (3)   
--------------------------------------------------------------------
educ_yrs                    -0.05***        -0.05***        -0.05***
                           (0.00)          (0.01)          (0.01)   

gender=1                     0.00            0.00            0.00   
                              (.)             (.)             (.)   

gender=2                     0.02            0.06            0.06   
                           (0.01)          (0.05)          (0.05)   

race_eth=1                   0.00            0.00            0.00   
                              (.)             (.)             (.)   

race_eth=2                   0.45***         0.40***         0.41***
                           (0.01)          (0.07)          (0.07)   

race_eth=3                   0.32***         0.35***         0.35***
                           (0.03)          (0.08)          (0.08)   

race_eth=4                   0.20***         0.28            0.28   
                           (0.03)          (0.19)          (0.19)   

born_us                      0.07***         0.21***         0.21***
                           (0.02)          (0.07)          (0.07)   

trust_others_2020                            0.01            0.04   
                                           (0.01)          (0.03)   

trust_others_2020 ~s                                        -0.00   
                                                           (0.00)   

Constant                     0.54***         0.41***         0.36** 
                           (0.03)          (0.14)          (0.14)   
--------------------------------------------------------------------
Observations             21613.00          560.00          560.00   
Adj. R-squared               0.12            0.14            0.14   
Joint test: Trust+~e                                         0.29   
--------------------------------------------------------------------
Standard errors in parentheses
* p<0.10, ** p<0.05, *** p<0.01
(output written to /Volumes/SSD PRO/Github-forks/Chp2-TrustandReturns/Code/Regres
> sions/Panel/panel_fe_on_tinv_r5_raw.tex)
Wrote: panel_fe_on_tinv_r5_raw.tex
(137,999 observations deleted)
(109 observations deleted)

Linear regression                               Number of obs     =     26,576
                                                F(6, 26569)       =     448.77
                                                Prob > F          =     0.0000
                                                R-squared         =     0.0844
                                                Root MSE          =     .71831

------------------------------------------------------------------------------
             |               Robust
          fe | Coefficient  std. err.      t    P>|t|     [95% conf. interval]
-------------+----------------------------------------------------------------
    educ_yrs |   -.029403   .0015333   -19.18   0.000    -.0324083   -.0263977
    2.gender |   .0337033   .0089365     3.77   0.000     .0161873    .0512194
             |
    race_eth |
          2  |   .4521317   .0117483    38.48   0.000     .4291044    .4751589
          3  |   .3921728   .0171026    22.93   0.000     .3586508    .4256949
          4  |   .2634759   .0249703    10.55   0.000     .2145328     .312419
             |
     born_us |    .012736   .0166221     0.77   0.444    -.0198441    .0453162
       _cons |   .3489908   .0260142    13.42   0.000     .2980016      .39998
------------------------------------------------------------------------------

Linear regression                               Number of obs     =        702
                                                F(7, 694)         =      16.42
                                                Prob > F          =     0.0000
                                                R-squared         =     0.1171
                                                Root MSE          =     .72003

--------------------------------------------------------------------------------
               |               Robust
            fe | Coefficient  std. err.      t    P>|t|     [95% conf. interval]
---------------+----------------------------------------------------------------
      educ_yrs |  -.0379691    .010909    -3.48   0.001    -.0593878   -.0165505
      2.gender |   .1101879   .0568494     1.94   0.053    -.0014296    .2218053
               |
      race_eth |
            2  |   .3829282   .0702514     5.45   0.000     .2449974     .520859
            3  |   .4788464   .1069851     4.48   0.000     .2687931    .6888997
            4  |   .3715177   .1267099     2.93   0.003     .1227369    .6202985
               |
       born_us |   .1546647   .0937455     1.65   0.099    -.0293941    .3387235
trust_oth~2020 |  -.0192196   .0130347    -1.47   0.141    -.0448117    .0063725
         _cons |   .5117306   .1773629     2.89   0.004     .1634984    .8599628
--------------------------------------------------------------------------------

Linear regression                               Number of obs     =        702
                                                F(8, 693)         =      14.32
                                                Prob > F          =     0.0000
                                                R-squared         =     0.1177
                                                Root MSE          =     .72032

--------------------------------------------------------------------------------
               |               Robust
            fe | Coefficient  std. err.      t    P>|t|     [95% conf. interval]
---------------+----------------------------------------------------------------
      educ_yrs |  -.0367413   .0115918    -3.17   0.002    -.0595007    -.013982
      2.gender |   .1075346   .0564006     1.91   0.057    -.0032019    .2182712
               |
      race_eth |
            2  |   .3800721   .0711279     5.34   0.000     .2404202     .519724
            3  |   .4788484   .1068909     4.48   0.000     .2689795    .6887173
            4  |   .3715011   .1267484     2.93   0.003     .1226441     .620358
               |
       born_us |   .1546699   .0939227     1.65   0.100    -.0297374    .3390771
trust_oth~2020 |  -.0419308   .0465066    -0.90   0.368    -.1332416      .04938
               |
            c. |
trust_oth~2020#|
            c. |
trust_oth~2020 |   .0021252   .0036641     0.58   0.562    -.0050688    .0093192
               |
         _cons |   .5459188   .1845215     2.96   0.003     .1836307     .908207
--------------------------------------------------------------------------------

Second-stage: FE from returns to core (5 percent winsorized) — full results
--------------------------------------------------------------------
                              (1)             (2)             (3)   
                              (1)             (2)             (3)   
--------------------------------------------------------------------
educ_yrs                    -0.03***        -0.04***        -0.04***
                           (0.00)          (0.01)          (0.01)   

gender=1                     0.00            0.00            0.00   
                              (.)             (.)             (.)   

gender=2                     0.03***         0.11*           0.11*  
                           (0.01)          (0.06)          (0.06)   

race_eth=1                   0.00            0.00            0.00   
                              (.)             (.)             (.)   

race_eth=2                   0.45***         0.38***         0.38***
                           (0.01)          (0.07)          (0.07)   

race_eth=3                   0.39***         0.48***         0.48***
                           (0.02)          (0.11)          (0.11)   

race_eth=4                   0.26***         0.37***         0.37***
                           (0.02)          (0.13)          (0.13)   

born_us                      0.01            0.15*           0.15   
                           (0.02)          (0.09)          (0.09)   

trust_others_2020                           -0.02           -0.04   
                                           (0.01)          (0.05)   

trust_others_2020 ~s                                         0.00   
                                                           (0.00)   

Constant                     0.35***         0.51***         0.55***
                           (0.03)          (0.18)          (0.18)   
--------------------------------------------------------------------
Observations             26576.00          702.00          702.00   
Adj. R-squared               0.08            0.11            0.11   
Joint test: Trust+~e                                         0.33   
--------------------------------------------------------------------
Standard errors in parentheses
* p<0.10, ** p<0.05, *** p<0.01
(output written to /Volumes/SSD PRO/Github-forks/Chp2-TrustandReturns/Code/Regres
> sions/Panel/panel_fe_on_tinv_r1_win.tex)
Wrote: panel_fe_on_tinv_r1_win.tex
(139,283 observations deleted)
(102 observations deleted)

Linear regression                               Number of obs     =     25,300
                                                F(6, 25293)       =     410.30
                                                Prob > F          =     0.0000
                                                R-squared         =     0.0932
                                                Root MSE          =     .73298

------------------------------------------------------------------------------
             |               Robust
          fe | Coefficient  std. err.      t    P>|t|     [95% conf. interval]
-------------+----------------------------------------------------------------
    educ_yrs |  -.0545902   .0017304   -31.55   0.000    -.0579819   -.0511984
    2.gender |  -.0107325   .0093464    -1.15   0.251    -.0290519    .0075869
             |
    race_eth |
          2  |   .4398645   .0137333    32.03   0.000     .4129464    .4667826
          3  |   .2731193   .0191809    14.24   0.000     .2355236    .3107151
          4  |   .1622348   .0248536     6.53   0.000     .1135203    .2109493
             |
     born_us |   .0733747   .0175107     4.19   0.000     .0390528    .1076966
       _cons |   .6842723   .0298518    22.92   0.000     .6257611    .7427835
------------------------------------------------------------------------------

Linear regression                               Number of obs     =        657
                                                F(7, 649)         =      13.77
                                                Prob > F          =     0.0000
                                                R-squared         =     0.1185
                                                Root MSE          =     .71021

--------------------------------------------------------------------------------
               |               Robust
            fe | Coefficient  std. err.      t    P>|t|     [95% conf. interval]
---------------+----------------------------------------------------------------
      educ_yrs |  -.0454706   .0111077    -4.09   0.000    -.0672819   -.0236593
      2.gender |    .093396   .0563789     1.66   0.098     -.017311    .2041029
               |
      race_eth |
            2  |   .3775507   .0740024     5.10   0.000     .2322378    .5228637
            3  |   .5618472   .1099506     5.11   0.000     .3459453    .7777491
            4  |    .397584    .140122     2.84   0.005     .1224368    .6727313
               |
       born_us |   .2161304   .0942673     2.29   0.022     .0310247    .4012361
trust_oth~2020 |   .0154488   .0125923     1.23   0.220    -.0092777    .0401753
         _cons |   .2718908   .1900463     1.43   0.153    -.1012891    .6450708
--------------------------------------------------------------------------------

Linear regression                               Number of obs     =        657
                                                F(8, 648)         =      12.03
                                                Prob > F          =     0.0000
                                                R-squared         =     0.1185
                                                Root MSE          =     .71076

--------------------------------------------------------------------------------
               |               Robust
            fe | Coefficient  std. err.      t    P>|t|     [95% conf. interval]
---------------+----------------------------------------------------------------
      educ_yrs |  -.0454221   .0113995    -3.98   0.000    -.0678066   -.0230377
      2.gender |   .0932466   .0563927     1.65   0.099    -.0174879    .2039812
               |
      race_eth |
            2  |   .3773181   .0744189     5.07   0.000     .2311868    .5234494
            3  |   .5618197   .1099497     5.11   0.000      .345919    .7777204
            4  |   .3975944   .1402229     2.84   0.005     .1222483    .6729406
               |
       born_us |   .2160984   .0942419     2.29   0.022     .0310421    .4011547
trust_oth~2020 |   .0143094   .0397578     0.36   0.719    -.0637603     .092379
               |
            c. |
trust_oth~2020#|
            c. |
trust_oth~2020 |   .0001059    .003467     0.03   0.976     -.006702    .0069137
               |
         _cons |   .2738811   .1926191     1.42   0.156    -.1043519     .652114
--------------------------------------------------------------------------------

Second-stage: FE from returns to core and IRA (5 percent winsorized) — full resul
> ts
--------------------------------------------------------------------
                              (1)             (2)             (3)   
                              (1)             (2)             (3)   
--------------------------------------------------------------------
educ_yrs                    -0.05***        -0.05***        -0.05***
                           (0.00)          (0.01)          (0.01)   

gender=1                     0.00            0.00            0.00   
                              (.)             (.)             (.)   

gender=2                    -0.01            0.09*           0.09*  
                           (0.01)          (0.06)          (0.06)   

race_eth=1                   0.00            0.00            0.00   
                              (.)             (.)             (.)   

race_eth=2                   0.44***         0.38***         0.38***
                           (0.01)          (0.07)          (0.07)   

race_eth=3                   0.27***         0.56***         0.56***
                           (0.02)          (0.11)          (0.11)   

race_eth=4                   0.16***         0.40***         0.40***
                           (0.02)          (0.14)          (0.14)   

born_us                      0.07***         0.22**          0.22** 
                           (0.02)          (0.09)          (0.09)   

trust_others_2020                            0.02            0.01   
                                           (0.01)          (0.04)   

trust_others_2020 ~s                                         0.00   
                                                           (0.00)   

Constant                     0.68***         0.27            0.27   
                           (0.03)          (0.19)          (0.19)   
--------------------------------------------------------------------
Observations             25300.00          657.00          657.00   
Adj. R-squared               0.09            0.11            0.11   
Joint test: Trust+~e                                         0.47   
--------------------------------------------------------------------
Standard errors in parentheses
* p<0.10, ** p<0.05, *** p<0.01
(output written to /Volumes/SSD PRO/Github-forks/Chp2-TrustandReturns/Code/Regres
> sions/Panel/panel_fe_on_tinv_r4_win.tex)
Wrote: panel_fe_on_tinv_r4_win.tex
(142,997 observations deleted)
(76 observations deleted)

Linear regression                               Number of obs     =     21,613
                                                F(6, 21606)       =     662.71
                                                Prob > F          =     0.0000
                                                R-squared         =     0.1433
                                                Root MSE          =     .42567

------------------------------------------------------------------------------
             |               Robust
          fe | Coefficient  std. err.      t    P>|t|     [95% conf. interval]
-------------+----------------------------------------------------------------
    educ_yrs |  -.0360539   .0009712   -37.12   0.000    -.0379576   -.0341502
    2.gender |   .0123267   .0058742     2.10   0.036     .0008129    .0238405
             |
    race_eth |
          2  |   .3036338   .0084941    35.75   0.000     .2869848    .3202828
          3  |   .2079235   .0123038    16.90   0.000     .1838071      .23204
          4  |   .1421605   .0190552     7.46   0.000     .1048108    .1795101
             |
     born_us |   .0719361    .011981     6.00   0.000     .0484525    .0954198
       _cons |   .3950374   .0177155    22.30   0.000     .3603137    .4297611
------------------------------------------------------------------------------

Linear regression                               Number of obs     =        560
                                                F(7, 552)         =      20.15
                                                Prob > F          =     0.0000
                                                R-squared         =     0.1706
                                                Root MSE          =     .41601

--------------------------------------------------------------------------------
               |               Robust
            fe | Coefficient  std. err.      t    P>|t|     [95% conf. interval]
---------------+----------------------------------------------------------------
      educ_yrs |   -.038675   .0058585    -6.60   0.000    -.0501826   -.0271673
      2.gender |   .0414099   .0356316     1.16   0.246    -.0285801       .1114
               |
      race_eth |
            2  |    .251544   .0460469     5.46   0.000     .1610955    .3419925
            3  |   .2245667   .0530585     4.23   0.000     .1203454     .328788
            4  |   .0650181   .0687188     0.95   0.344    -.0699642    .2000004
               |
       born_us |   .1315666   .0459618     2.86   0.004     .0412853     .221848
trust_oth~2020 |   .0003527   .0066327     0.05   0.958    -.0126757    .0133812
         _cons |   .3984171   .0985368     4.04   0.000      .204864    .5919701
--------------------------------------------------------------------------------

Linear regression                               Number of obs     =        560
                                                F(8, 551)         =      17.70
                                                Prob > F          =     0.0000
                                                R-squared         =     0.1715
                                                Root MSE          =     .41615

--------------------------------------------------------------------------------
               |               Robust
            fe | Coefficient  std. err.      t    P>|t|     [95% conf. interval]
---------------+----------------------------------------------------------------
      educ_yrs |  -.0398686   .0060558    -6.58   0.000    -.0517638   -.0279733
      2.gender |   .0432191   .0358124     1.21   0.228    -.0271265    .1135646
               |
      race_eth |
            2  |   .2547798   .0463709     5.49   0.000     .1636945    .3458651
            3  |   .2241321   .0531008     4.22   0.000     .1198274    .3284369
            4  |   .0681653   .0684717     1.00   0.320    -.0663322    .2026629
               |
       born_us |    .132243   .0460397     2.87   0.004     .0418083    .2226777
trust_oth~2020 |   .0176593   .0201821     0.87   0.382     -.021984    .0573025
               |
            c. |
trust_oth~2020#|
            c. |
trust_oth~2020 |  -.0015765   .0018049    -0.87   0.383    -.0051218    .0019688
               |
         _cons |   .3737396    .100397     3.72   0.000     .1765319    .5709473
--------------------------------------------------------------------------------

Second-stage: FE from returns to net wealth (5 percent winsorized) — full results
--------------------------------------------------------------------
                              (1)             (2)             (3)   
                              (1)             (2)             (3)   
--------------------------------------------------------------------
educ_yrs                    -0.04***        -0.04***        -0.04***
                           (0.00)          (0.01)          (0.01)   

gender=1                     0.00            0.00            0.00   
                              (.)             (.)             (.)   

gender=2                     0.01**          0.04            0.04   
                           (0.01)          (0.04)          (0.04)   

race_eth=1                   0.00            0.00            0.00   
                              (.)             (.)             (.)   

race_eth=2                   0.30***         0.25***         0.25***
                           (0.01)          (0.05)          (0.05)   

race_eth=3                   0.21***         0.22***         0.22***
                           (0.01)          (0.05)          (0.05)   

race_eth=4                   0.14***         0.07            0.07   
                           (0.02)          (0.07)          (0.07)   

born_us                      0.07***         0.13***         0.13***
                           (0.01)          (0.05)          (0.05)   

trust_others_2020                            0.00            0.02   
                                           (0.01)          (0.02)   

trust_others_2020 ~s                                        -0.00   
                                                           (0.00)   

Constant                     0.40***         0.40***         0.37***
                           (0.02)          (0.10)          (0.10)   
--------------------------------------------------------------------
Observations             21613.00          560.00          560.00   
Adj. R-squared               0.14            0.16            0.16   
Joint test: Trust+~e                                         0.68   
--------------------------------------------------------------------
Standard errors in parentheses
* p<0.10, ** p<0.05, *** p<0.01
(output written to /Volumes/SSD PRO/Github-forks/Chp2-TrustandReturns/Code/Regres
> sions/Panel/panel_fe_on_tinv_r5_win.tex)
Wrote: panel_fe_on_tinv_r5_win.tex

. 
. * ----------------------------------------------------------------------
. * Step E: Scatter and box plots
. * ----------------------------------------------------------------------
. use `fe_append', clear

. 
. * FE vs trust (raw and winsorized) — use r1 for one point per person
. foreach win in raw win {
  2.     local win_label "raw"
  3.     if "`win'" == "win" local win_label "${LATEX_WIN_SHORT}"
  4.     use `fe_append' if ret_type=="r1" & win_type=="`win'", clear
  5.     drop if missing(fe) | missing(trust_others_2020)
  6.     if _N < 10 continue
  7.     twoway scatter fe trust_others_2020, msize(tiny) msymbol(circle) ///
>         title("FE vs Trust (`win_label')") xtitle("Trust") ytitle("Estimated FE
> ") ///
>         scheme(s2color)
  8.     graph export "${REGRESSIONS}/Panel/Figures/fe_vs_trust_`win'.png", repla
> ce width(1200)
  9.     di as txt "Wrote: fe_vs_trust_`win'.png"
 10. }
(25,997 observations deleted)
file /Volumes/SSD
    PRO/Github-forks/Chp2-TrustandReturns/Code/Regressions/Panel/Figures/fe_vs_
    > trust_raw.png saved as PNG format
Wrote: fe_vs_trust_raw.png
(25,997 observations deleted)
file /Volumes/SSD
    PRO/Github-forks/Chp2-TrustandReturns/Code/Regressions/Panel/Figures/fe_vs_
    > trust_win.png saved as PNG format
Wrote: fe_vs_trust_win.png

. 
. * FE vs educ (raw and winsorized) — use r1 for one point per person
. foreach win in raw win {
  2.     local win_label "raw"
  3.     if "`win'" == "win" local win_label "${LATEX_WIN_SHORT}"
  4.     use `fe_append' if ret_type=="r1" & win_type=="`win'", clear
  5.     drop if missing(fe) | missing(educ_yrs)
  6.     if _N < 10 continue
  7.     twoway scatter fe educ_yrs, msize(tiny) msymbol(circle) ///
>         title("FE vs Education (`win_label')") xtitle("Years of education") yti
> tle("Estimated FE") ///
>         scheme(s2color)
  8.     graph export "${REGRESSIONS}/Panel/Figures/fe_vs_educ_`win'.png", replac
> e width(1200)
  9.     di as txt "Wrote: fe_vs_educ_`win'.png"
 10. }
(83 observations deleted)
file /Volumes/SSD
    PRO/Github-forks/Chp2-TrustandReturns/Code/Regressions/Panel/Figures/fe_vs_
    > educ_raw.png saved as PNG format
Wrote: fe_vs_educ_raw.png
(83 observations deleted)
file /Volumes/SSD
    PRO/Github-forks/Chp2-TrustandReturns/Code/Regressions/Panel/Figures/fe_vs_
    > educ_win.png saved as PNG format
Wrote: fe_vs_educ_win.png

. 
. * FE by race and gender (raw and winsorized) — bar graph: x = category, y = mea
> n FE
. foreach win in raw win {
  2.     local win_label "raw"
  3.     if "`win'" == "win" local win_label "${LATEX_WIN_SHORT}"
  4.     use `fe_append' if ret_type=="r1" & win_type=="`win'", clear
  5.     drop if missing(fe)
  6.     if _N < 5 {
  7.         di as txt "Skipping fe_by_race/gender for win=`win': no observations
> ."
  8.         continue
  9.     }
 10.     local winsuf ""
 11.     if "`win'" == "win" local winsuf "_win"
 12. 
.     capture confirm variable race_eth
 13.     if !_rc {
 14.         preserve
 15.         collapse (mean) fe_mean=fe (count) n=fe, by(race_eth)
 16.         graph bar fe_mean, over(race_eth, relabel(1 "White (NH)" 2 "Black (N
> H)" 3 "Hispanic" 4 "Other (NH)")) ///
>             title("Mean FE by race/ethnicity (`win_label')") ytitle("Mean estim
> ated FE") ///
>             blabel(total, format(%4.2f)) scheme(s2color)
 17.         graph export "${REGRESSIONS}/Panel/Figures/fe_by_race`winsuf'.png", 
> replace width(1200)
 18.         di as txt "Wrote: fe_by_race`winsuf'.png"
 19.         restore
 20.     }
 21. 
.     capture confirm variable gender
 22.     if !_rc {
 23.         preserve
 24.         collapse (mean) fe_mean=fe (count) n=fe, by(gender)
 25.         graph bar fe_mean, over(gender, relabel(1 "Male" 2 "Female")) ///
>             title("Mean FE by gender (`win_label')") ytitle("Mean estimated FE"
> ) ///
>             blabel(total, format(%4.2f)) scheme(s2color)
 26.         graph export "${REGRESSIONS}/Panel/Figures/fe_by_gender`winsuf'.png"
> , replace width(1200)
 27.         di as txt "Wrote: fe_by_gender`winsuf'.png"
 28.         restore
 29.     }
 30. }
(0 observations deleted)
file /Volumes/SSD
    PRO/Github-forks/Chp2-TrustandReturns/Code/Regressions/Panel/Figures/fe_by_
    > race.png saved as PNG format
Wrote: fe_by_race.png
file /Volumes/SSD
    PRO/Github-forks/Chp2-TrustandReturns/Code/Regressions/Panel/Figures/fe_by_
    > gender.png saved as PNG format
Wrote: fe_by_gender.png
(0 observations deleted)
file /Volumes/SSD
    PRO/Github-forks/Chp2-TrustandReturns/Code/Regressions/Panel/Figures/fe_by_
    > race_win.png saved as PNG format
Wrote: fe_by_race_win.png
file /Volumes/SSD
    PRO/Github-forks/Chp2-TrustandReturns/Code/Regressions/Panel/Figures/fe_by_
    > gender_win.png saved as PNG format
Wrote: fe_by_gender_win.png

. 
. eststo clear

. di as txt "Done. Spec 3 tables and figures in ${REGRESSIONS}/Panel/"
Done. Spec 3 tables and figures in /Volumes/SSD PRO/Github-forks/Chp2-TrustandRet
> urns/Code/Regressions/Panel/

. log close
      name:  <unnamed>
       log:  /Volumes/SSD PRO/Github-forks/Chp2-TrustandReturns/Notes/Logs/16_pan
> el_reg_fe.log
  log type:  text
 closed on:  19 Feb 2026, 13:58:31
---------------------------------------------------------------------------------
