---------------------------------------------------------------------------------
      name:  <unnamed>
       log:  /Volumes/SSD PRO/Github-forks/Chp2-TrustandReturns/Notes/Logs/17_reg
> _income_avg_trust.log
  log type:  text
 opened on:  18 Feb 2026, 18:43:51

. 
. capture which esttab

. if _rc ssc install estout, replace

. 
. * ----------------------------------------------------------------------
. * Load data
. * ----------------------------------------------------------------------
. use "${PROCESSED}/analysis_ready_processed.dta", clear

. set showbaselevels off

. 
. * Age: 5-yr bins
. capture confirm variable age_2020

. if !_rc {
.     gen int age_bin = floor(age_2020/5)*5
(29,511 missing values generated)
. }

. 
. * Trust: general only (for now)
. local trust_list "trust_others_2020:general"

. 
. * Full controls = age 5-yr bins, gender, educ, inlbrf, married, born_us, race_e
> th
. local full_ctrl "i.gender educ_yrs married_2020 born_us"

. capture confirm variable age_bin

. if !_rc local full_ctrl "i.age_bin `full_ctrl'"

. capture confirm variable inlbrf_2020

. if !_rc local full_ctrl "`full_ctrl' inlbrf_2020"

. capture confirm variable race_eth

. if !_rc local full_ctrl "`full_ctrl' i.race_eth"

. 
. * Variable labels
. label variable age_bin "Age (5-yr bin)"

. label variable educ_yrs "Years of education"

. label variable inlbrf_2020 "In labor force"

. label variable married_2020 "Married"

. label variable born_us "Born in U.S."

. label variable gender "Female"

. label variable race_eth "Race/ethnicity"

. label variable trust_others_2020 "General trust"

. label variable lab_inc_defl_win_avg "Labor income (avg defl wins)"

. label variable tot_inc_defl_win_avg "Total income (avg defl wins)"

. label variable ihs_lab_inc_defl_win_avg "Labor income (avg defl wins, IHS)"

. label variable ihs_tot_inc_defl_win_avg "Total income (avg defl wins, IHS)"

. 
. * ----------------------------------------------------------------------
. * Regressions: average income on trust (2020). Four tables: labor defl win, tot
> al defl win, labor defl win IHS, total defl win IHS
. * ----------------------------------------------------------------------
. * Table 1: labor levels. Table 2: total levels. Table 3: labor IHS. Table 4: to
> tal IHS
. forvalues meas = 1/4 {
  2.     if `meas' == 1 {
  3.         local yvar "lab_inc_defl_win_avg"
  4.         local outdir "Labor"
  5.         local file_suffix "deflwin"
  6.         local title_suffix "labor income (avg defl wins)"
  7.     }
  8.     if `meas' == 2 {
  9.         local yvar "tot_inc_defl_win_avg"
 10.         local outdir "Total"
 11.         local file_suffix "deflwin"
 12.         local title_suffix "total income (avg defl wins)"
 13.     }
 14.     if `meas' == 3 {
 15.         local yvar "ihs_lab_inc_defl_win_avg"
 16.         local outdir "Labor"
 17.         local file_suffix "deflwin_ihs"
 18.         local title_suffix "labor income (avg defl wins, IHS)"
 19.     }
 20.     if `meas' == 4 {
 21.         local yvar "ihs_tot_inc_defl_win_avg"
 22.         local outdir "Total"
 23.         local file_suffix "deflwin_ihs"
 24.         local title_suffix "total income (avg defl wins, IHS)"
 25.     }
 26. 
. foreach pair of local trust_list {
 27.     local pos = strpos("`pair'", ":")
 28.     if `pos' == 0 continue
 29.     local trust_var = substr("`pair'", 1, `pos' - 1)
 30.     local stub      = substr("`pair'", `pos' + 1, .)
 31.     local stub      = trim("`stub'")
 32. 
.     capture confirm variable `trust_var'
 33.     if _rc {
 34.         di as txt "Skipping trust (not found): `trust_var'"
 35.         continue
 36.     }
 37. 
.     capture confirm variable `yvar'
 38.     if _rc {
 39.         di as txt "Skipping `stub' `title_suffix': `yvar' not found. Run 04_
> processing_income.do."
 40.         continue
 41.     }
 42.     quietly count if !missing(`yvar') & !missing(`trust_var')
 43.     if r(N) < 50 {
 44.         di as txt "Skipping `stub' `title_suffix': too few obs (N=" r(N) ").
> "
 45.         continue
 46.     }
 47.     eststo clear
 48.     eststo m1: regress `yvar' c.`trust_var' if !missing(`yvar') & !missing(`
> trust_var'), vce(robust)
 49.     eststo m2: regress `yvar' c.`trust_var' c.`trust_var'#c.`trust_var' if !
> missing(`yvar') & !missing(`trust_var'), vce(robust)
 50.     quietly testparm c.`trust_var' c.`trust_var'#c.`trust_var'
 51.     estadd scalar p_joint_trust = r(p) : m2
 52.     eststo m3: regress `yvar' c.`trust_var' `full_ctrl' if !missing(`yvar') 
> & !missing(`trust_var'), vce(robust)
 53.     eststo m4: regress `yvar' c.`trust_var' c.`trust_var'#c.`trust_var' `ful
> l_ctrl' if !missing(`yvar') & !missing(`trust_var'), vce(robust)
 54.     quietly testparm c.`trust_var' c.`trust_var'#c.`trust_var'
 55.     estadd scalar p_joint_trust = r(p) : m4
 56. 
.     local capt_stub = proper(substr("`stub'", 1, 1)) + substr("`stub'", 2, .)
 57.     local capt_stub = subinstr("`capt_stub'", "_", " ", .)
 58.     if "`stub'" == "pc1" local capt_stub "PC1"
 59.     if "`stub'" == "pc2" local capt_stub "PC2"
 60. 
.     local outfile "${REGRESSIONS}/Average/Income/`outdir'/income_trust_`stub'_`
> file_suffix'.tex"
 61.     di as txt "Writing (`outdir', `file_suffix'): `outfile'"
 62. 
.     local drop_12 "1.gender 1.race_eth"
 63.     capture confirm variable age_bin
 64.     if !_rc {
 65.         estimates restore m4
 66.         local cnames : colnames e(b)
 67.         foreach c of local cnames {
 68.             if regexm("`c'", "\.age_bin$") & !regexm("`c'", "b\.age_bin$") l
> ocal drop_12 "`drop_12' `c'"
 69.         }
 70.     }
 71. 
.     esttab m1 m2 m3 m4 using "`outfile'", replace ///
>         booktabs ///
>         mtitles("1" "2" "3" "4") ///
>         se star(* 0.10 ** 0.05 *** 0.01) ///
>         b(2) se(2) label ///
>         drop(`drop_12' *.age_bin) ///
>         varlabels(c.`trust_var'#c.`trust_var' "(`capt_stub')\$^2\$" 2.gender "F
> emale" 2.race_eth "NH Black" 3.race_eth "Hispanic" 4.race_eth "NH Other" educ_y
> rs "Years of education" inlbrf_2020 "In labor force" married_2020 "Married" bor
> n_us "Born in U.S." _cons "Constant") ///
>         title("Average `title_suffix' on `capt_stub' trust (2020)") ///
>         addnotes("Age bins (5-yr) included in columns 3–4.") ///
>         alignment(${LATEX_ALIGN}) width(0.85\hsize) ///
>         stats(N r2_a p_joint_trust, labels("Observations" "Adj. R-squared" "Joi
> nt test: Trust+Trust² p-value")) ///
>         nonumbers
 72. 
.     tempfile tmpf
 73.     file open fh using "`outfile'", read text
 74.     file open fout using "`tmpf'", write text replace
 75.     local lab_inserted 0
 76.     file read fh line
 77.     while r(eof) == 0 {
 78.         file write fout "`line'" _n
 79.         if `lab_inserted' == 0 & regexm(`"`line'"', "\\caption") {
 80.             file write fout "\label{tab:income_trust_`stub'_`outdir'_`file_s
> uffix'}" _n
 81.             local lab_inserted 1
 82.         }
 83.         file read fh line
 84.     }
 85.     file close fh
 86.     file close fout
 87.     copy "`tmpf'" "`outfile'", replace
 88. }
 89. }

Linear regression                               Number of obs     =        900
                                                F(1, 898)         =       2.90
                                                Prob > F          =     0.0889
                                                R-squared         =     0.0021
                                                Root MSE          =      35478

--------------------------------------------------------------------------------
               |               Robust
lab_inc_defl~g | Coefficient  std. err.      t    P>|t|     [95% conf. interval]
---------------+----------------------------------------------------------------
trust_oth~2020 |   628.5222   369.0648     1.70   0.089    -95.80776    1352.852
         _cons |   23587.92   2172.505    10.86   0.000     19324.14     27851.7
--------------------------------------------------------------------------------

Linear regression                               Number of obs     =        900
                                                F(2, 897)         =      22.60
                                                Prob > F          =     0.0000
                                                R-squared         =     0.0279
                                                Root MSE          =      35036

--------------------------------------------------------------------------------
               |               Robust
lab_inc_defl~g | Coefficient  std. err.      t    P>|t|     [95% conf. interval]
---------------+----------------------------------------------------------------
trust_oth~2020 |   6525.783   991.1303     6.58   0.000     4580.579    8470.988
               |
            c. |
trust_oth~2020#|
            c. |
trust_oth~2020 |  -588.0395   88.42144    -6.65   0.000    -761.5765   -414.5025
               |
         _cons |   12908.21   2505.986     5.15   0.000      7989.93    17826.49
--------------------------------------------------------------------------------

Linear regression                               Number of obs     =        890
                                                F(20, 868)        =          .
                                                Prob > F          =          .
                                                R-squared         =     0.3419
                                                Root MSE          =      29127

--------------------------------------------------------------------------------
               |               Robust
lab_inc_defl~g | Coefficient  std. err.      t    P>|t|     [95% conf. interval]
---------------+----------------------------------------------------------------
trust_oth~2020 |    220.544   321.7712     0.69   0.493    -410.9966    852.0846
               |
       age_bin |
           30  |  -4103.456   15248.76    -0.27   0.788     -34032.2    25825.29
           35  |   25350.31   7189.904     3.53   0.000     11238.67    39461.94
           40  |   14378.42   11455.09     1.26   0.210    -8104.499    36861.34
           45  |   8313.642   8463.876     0.98   0.326    -8298.413     24925.7
           50  |   9464.018    7499.89     1.26   0.207    -5256.022    24184.06
           55  |   21435.89   7153.194     3.00   0.003     7396.307    35475.47
           60  |    19563.6   7095.634     2.76   0.006     5636.994    33490.21
           65  |   21779.41   7070.997     3.08   0.002     7901.156    35657.66
           70  |   14838.09   7198.536     2.06   0.040     709.5145    28966.66
           75  |   8197.727   7222.496     1.14   0.257    -5977.872    22373.33
           80  |   7124.232   7308.096     0.97   0.330    -7219.375    21467.84
           85  |   3893.237   7559.185     0.52   0.607    -10943.18    18729.66
               |
      2.gender |   -9093.91   2074.471    -4.38   0.000    -13165.48   -5022.344
      educ_yrs |   2884.885   307.1643     9.39   0.000     2282.013    3487.756
  married_2020 |   7368.615   2005.472     3.67   0.000     3432.473    11304.76
       born_us |   2167.229   2787.109     0.78   0.437    -3303.033    7637.491
   inlbrf_2020 |   24335.09    2354.25    10.34   0.000      19714.4    28955.77
               |
      race_eth |
            2  |  -3727.664   2604.002    -1.43   0.153    -8838.541    1383.212
            3  |  -4106.741   3057.323    -1.34   0.180    -10107.35    1893.869
            4  |  -5006.249   4750.089    -1.05   0.292    -14329.25    4316.755
               |
         _cons |  -35965.17   8793.403    -4.09   0.000    -53223.99   -18706.35
--------------------------------------------------------------------------------

Linear regression                               Number of obs     =        890
                                                F(21, 867)        =          .
                                                Prob > F          =          .
                                                R-squared         =     0.3419
                                                Root MSE          =      29144

--------------------------------------------------------------------------------
               |               Robust
lab_inc_defl~g | Coefficient  std. err.      t    P>|t|     [95% conf. interval]
---------------+----------------------------------------------------------------
trust_oth~2020 |   205.7903   859.8466     0.24   0.811    -1481.834    1893.415
               |
            c. |
trust_oth~2020#|
            c. |
trust_oth~2020 |   1.446021   78.04448     0.02   0.985    -151.7322    154.6242
               |
       age_bin |
           30  |  -4104.365    15245.1    -0.27   0.788    -34025.99    25817.26
           35  |   25335.53   7217.029     3.51   0.000     11170.64    39500.42
           40  |   14374.59   11443.07     1.26   0.209    -8084.771    36833.95
           45  |   8323.111   8473.085     0.98   0.326    -8307.046    24953.27
           50  |   9466.901    7496.91     1.26   0.207    -5247.313    24181.12
           55  |   21443.55   7153.409     3.00   0.003     7403.526    35483.57
           60  |   19571.83    7108.22     2.75   0.006     5620.498    33523.16
           65  |   21788.89   7088.872     3.07   0.002     7875.534    35702.25
           70  |   14845.01   7213.777     2.06   0.040     686.5001    29003.52
           75  |   8205.245   7230.882     1.13   0.257    -5986.835    22397.32
           80  |   7131.664   7328.137     0.97   0.331    -7251.299    21514.63
           85  |   3890.244   7550.775     0.52   0.607    -10929.69    18710.18
               |
      2.gender |  -9094.964   2074.977    -4.38   0.000    -13167.53   -5022.399
      educ_yrs |   2885.636   312.5231     9.23   0.000     2272.245    3499.026
  married_2020 |   7370.708   2014.184     3.66   0.000     3417.461    11323.96
       born_us |   2167.269   2788.541     0.78   0.437    -3305.811    7640.349
   inlbrf_2020 |   24337.62    2361.73    10.30   0.000     19702.24       28973
               |
      race_eth |
            2  |  -3730.536    2606.64    -1.43   0.153    -8846.597    1385.526
            3  |  -4108.795   3060.437    -1.34   0.180    -10115.53    1897.937
            4  |  -5005.529   4753.426    -1.05   0.293     -14335.1    4324.039
               |
         _cons |  -35954.94   8788.075    -4.09   0.000    -53203.33   -18706.55
--------------------------------------------------------------------------------
Writing (Labor, deflwin): /Volumes/SSD PRO/Github-forks/Chp2-TrustandReturns/Code
> /Regressions/Average/Income/Labor/income_trust_general_deflwin.tex
(results m4 are active now)
(output written to /Volumes/SSD PRO/Github-forks/Chp2-TrustandReturns/Code/Regres
> sions/Average/Income/Labor/income_trust_general_deflwin.tex)
(file /var/folders/17/1rg0y2kj74l9p9g301vbhhkw0000gn/T//S_94024.000002 not
    found)

Linear regression                               Number of obs     =        900
                                                F(1, 898)         =       9.05
                                                Prob > F          =     0.0027
                                                R-squared         =     0.0065
                                                Root MSE          =      63539

--------------------------------------------------------------------------------
               |               Robust
tot_inc_defl~g | Coefficient  std. err.      t    P>|t|     [95% conf. interval]
---------------+----------------------------------------------------------------
trust_oth~2020 |   1956.922   650.3627     3.01   0.003      680.514     3233.33
         _cons |      46289   3831.888    12.08   0.000      38768.5    53809.49
--------------------------------------------------------------------------------

Linear regression                               Number of obs     =        900
                                                F(2, 897)         =      38.92
                                                Prob > F          =     0.0000
                                                R-squared         =     0.0460
                                                Root MSE          =      62297

--------------------------------------------------------------------------------
               |               Robust
tot_inc_defl~g | Coefficient  std. err.      t    P>|t|     [95% conf. interval]
---------------+----------------------------------------------------------------
trust_oth~2020 |   15073.95   1740.118     8.66   0.000     11658.77    18489.13
               |
            c. |
trust_oth~2020#|
            c. |
trust_oth~2020 |  -1307.951    149.721    -8.74   0.000    -1601.796   -1014.107
               |
         _cons |   22534.57    4406.85     5.11   0.000     13885.63    31183.51
--------------------------------------------------------------------------------

Linear regression                               Number of obs     =        890
                                                F(20, 868)        =          .
                                                Prob > F          =          .
                                                R-squared         =     0.3324
                                                Root MSE          =      52844

--------------------------------------------------------------------------------
               |               Robust
tot_inc_defl~g | Coefficient  std. err.      t    P>|t|     [95% conf. interval]
---------------+----------------------------------------------------------------
trust_oth~2020 |  -279.3152   591.0667    -0.47   0.637    -1439.402    880.7718
               |
       age_bin |
           30  |  -1568.319   27016.28    -0.06   0.954    -54593.19    51456.55
           35  |   28813.38   14127.11     2.04   0.042     1086.085    56540.68
           40  |    7906.93   16430.85     0.48   0.630    -24341.91    40155.77
           45  |      14082   17848.39     0.79   0.430    -20949.05    49113.05
           50  |   24893.59    15571.3     1.60   0.110    -5668.209    55455.38
           55  |   36329.44   13958.29     2.60   0.009     8933.488     63725.4
           60  |   30248.71   13996.87     2.16   0.031     2777.048    57720.38
           65  |   44851.57   14003.41     3.20   0.001     17367.06    72336.08
           70  |   35656.21   14719.05     2.42   0.016     6767.112    64545.31
           75  |   36211.36   14511.22     2.50   0.013     7730.183    64692.53
           80  |   40005.25   14657.08     2.73   0.006     11237.79     68772.7
           85  |   35328.75   17077.57     2.07   0.039     1810.584    68846.92
               |
      2.gender |  -23107.69   3729.691    -6.20   0.000    -30427.96   -15787.42
      educ_yrs |   6337.583   576.6085    10.99   0.000     5205.873    7469.293
  married_2020 |   16840.92   3511.663     4.80   0.000     9948.575    23733.26
       born_us |  -3787.364   5062.247    -0.75   0.455    -13723.04    6148.313
   inlbrf_2020 |    29329.8   4086.499     7.18   0.000     21309.22    37350.37
               |
      race_eth |
            2  |  -22204.77   4440.269    -5.00   0.000    -30919.69   -13489.85
            3  |  -21775.63   5468.592    -3.98   0.000    -32508.84   -11042.42
            4  |  -24020.39   6653.867    -3.61   0.000    -37079.94   -10960.84
               |
         _cons |  -51739.13    16938.4    -3.05   0.002    -84984.13   -18494.12
--------------------------------------------------------------------------------

Linear regression                               Number of obs     =        890
                                                F(21, 867)        =          .
                                                Prob > F          =          .
                                                R-squared         =     0.3337
                                                Root MSE          =      52826

--------------------------------------------------------------------------------
               |               Robust
tot_inc_defl~g | Coefficient  std. err.      t    P>|t|     [95% conf. interval]
---------------+----------------------------------------------------------------
trust_oth~2020 |   2250.532   1692.752     1.33   0.184    -1071.838    5572.902
               |
            c. |
trust_oth~2020#|
            c. |
trust_oth~2020 |  -247.9535   146.3013    -1.69   0.090    -535.0995    39.19254
               |
       age_bin |
           30  |  -1412.542   29172.87    -0.05   0.961    -58670.25    55845.16
           35  |   31346.88   16066.52     1.95   0.051    -186.9387    62880.69
           40  |   8563.979    18505.7     0.46   0.644    -27757.23    44885.19
           45  |   12458.42   19397.43     0.64   0.521       -25613    50529.85
           50  |   24399.11    17247.1     1.41   0.158    -9451.842    58250.07
           55  |   35015.65   15847.71     2.21   0.027     3911.282    66120.02
           60  |   28837.72    15902.5     1.81   0.070     -2374.17    60049.62
           65  |   43225.15    15967.8     2.71   0.007     11885.09    74565.21
           70  |   34469.19   16548.71     2.08   0.038     1988.969    66949.41
           75  |   34922.22   16365.08     2.13   0.033     2802.409    67042.02
           80  |   38730.78   16492.99     2.35   0.019     6359.916    71101.65
           85  |   35842.06   18653.98     1.92   0.055    -770.1749     72454.3
               |
      2.gender |  -22926.95    3734.04    -6.14   0.000    -30255.76   -15598.13
      educ_yrs |   6208.843    580.096    10.70   0.000     5070.286      7347.4
  married_2020 |   16481.95   3521.322     4.68   0.000     9570.641    23393.27
       born_us |  -3794.282   5058.619    -0.75   0.453    -13722.85     6134.29
   inlbrf_2020 |   28895.16   4132.339     6.99   0.000      20784.6    37005.72
               |
      race_eth |
            2  |  -21712.44   4457.309    -4.87   0.000    -30460.82   -12964.06
            3  |  -21423.36   5475.768    -3.91   0.000    -32170.68   -10676.05
            4  |  -24143.89   6655.943    -3.63   0.000    -37207.54   -11080.25
               |
         _cons |  -53493.49   18518.48    -2.89   0.004    -89839.77    -17147.2
--------------------------------------------------------------------------------
Writing (Total, deflwin): /Volumes/SSD PRO/Github-forks/Chp2-TrustandReturns/Code
> /Regressions/Average/Income/Total/income_trust_general_deflwin.tex
(results m4 are active now)
(output written to /Volumes/SSD PRO/Github-forks/Chp2-TrustandReturns/Code/Regres
> sions/Average/Income/Total/income_trust_general_deflwin.tex)
(file /var/folders/17/1rg0y2kj74l9p9g301vbhhkw0000gn/T//S_94024.000003 not
    found)

Linear regression                               Number of obs     =        900
                                                F(1, 898)         =       2.38
                                                Prob > F          =     0.1229
                                                R-squared         =     0.0022
                                                Root MSE          =     .74105

--------------------------------------------------------------------------------
               |               Robust
ihs_lab_~n_avg | Coefficient  std. err.      t    P>|t|     [95% conf. interval]
---------------+----------------------------------------------------------------
trust_oth~2020 |   .0133165   .0086231     1.54   0.123    -.0036074    .0302403
         _cons |    .670451   .0512117    13.09   0.000     .5699424    .7709596
--------------------------------------------------------------------------------

Linear regression                               Number of obs     =        900
                                                F(2, 897)         =      20.29
                                                Prob > F          =     0.0000
                                                R-squared         =     0.0329
                                                Root MSE          =     .72998

--------------------------------------------------------------------------------
               |               Robust
ihs_lab_~n_avg | Coefficient  std. err.      t    P>|t|     [95% conf. interval]
---------------+----------------------------------------------------------------
trust_oth~2020 |   .1477871   .0235355     6.28   0.000     .1015961    .1939782
               |
            c. |
trust_oth~2020#|
            c. |
trust_oth~2020 |  -.0134086   .0021389    -6.27   0.000    -.0176064   -.0092108
               |
         _cons |   .4269299   .0618681     6.90   0.000     .3055067    .5483531
--------------------------------------------------------------------------------

Linear regression                               Number of obs     =        890
                                                F(20, 868)        =          .
                                                Prob > F          =          .
                                                R-squared         =     0.3935
                                                Root MSE          =     .58386

--------------------------------------------------------------------------------
               |               Robust
ihs_lab_~n_avg | Coefficient  std. err.      t    P>|t|     [95% conf. interval]
---------------+----------------------------------------------------------------
trust_oth~2020 |   .0041882   .0069702     0.60   0.548    -.0094922    .0178686
               |
       age_bin |
           30  |  -.0874525   .4109214    -0.21   0.832    -.8939683    .7190633
           35  |   .7191098    .108206     6.65   0.000     .5067338    .9314857
           40  |   .4483805   .1996322     2.25   0.025     .0565623    .8401987
           45  |   .2825805   .1524494     1.85   0.064    -.0166321    .5817931
           50  |   .3419742   .1238526     2.76   0.006     .0988887    .5850597
           55  |   .4962778   .1038576     4.78   0.000     .2924365    .7001192
           60  |   .5125841    .102776     4.99   0.000     .3108656    .7143027
           65  |   .5468292   .1041092     5.25   0.000     .3424941    .7511643
           70  |   .4573522   .1093011     4.18   0.000     .2428267    .6718776
           75  |   .2816339   .1123226     2.51   0.012     .0611783    .5020895
           80  |   .1960277   .1126012     1.74   0.082    -.0249748    .4170302
           85  |    .152431   .1265373     1.20   0.229    -.0959239    .4007859
               |
      2.gender |  -.1394159   .0418156    -3.33   0.001    -.2214873   -.0573444
      educ_yrs |   .0619946   .0064521     9.61   0.000     .0493312    .0746581
  married_2020 |   .1504284   .0416339     3.61   0.000     .0687135    .2321433
       born_us |   .0384869   .0577725     0.67   0.505    -.0749032    .1518771
   inlbrf_2020 |   .6030449   .0489108    12.33   0.000     .5070477    .6990421
               |
      race_eth |
            2  |  -.0865869   .0507511    -1.71   0.088    -.1861961    .0130223
            3  |  -.0931824   .0617263    -1.51   0.132    -.2143326    .0279678
            4  |  -.1344774   .0907662    -1.48   0.139    -.3126243    .0436696
               |
         _cons |  -.7383118    .146917    -5.03   0.000    -1.026666   -.4499577
--------------------------------------------------------------------------------

Linear regression                               Number of obs     =        890
                                                F(21, 867)        =          .
                                                Prob > F          =          .
                                                R-squared         =     0.3936
                                                Root MSE          =     .58417

--------------------------------------------------------------------------------
               |               Robust
ihs_lab_~n_avg | Coefficient  std. err.      t    P>|t|     [95% conf. interval]
---------------+----------------------------------------------------------------
trust_oth~2020 |   .0105876   .0199701     0.53   0.596    -.0286078     .049783
               |
            c. |
trust_oth~2020#|
            c. |
trust_oth~2020 |  -.0006272    .001839    -0.34   0.733    -.0042365    .0029821
               |
       age_bin |
           30  |  -.0870585   .4155296    -0.21   0.834      -.90262     .728503
           35  |   .7255184   .1129339     6.42   0.000     .5038627    .9471741
           40  |   .4500425   .2034858     2.21   0.027     .0506602    .8494249
           45  |   .2784736   .1559286     1.79   0.074    -.0275681    .5845153
           50  |   .3407234   .1276164     2.67   0.008     .0902502    .5911966
           55  |   .4929545   .1085303     4.54   0.000     .2799417    .7059673
           60  |    .509015   .1077998     4.72   0.000     .2974358    .7205941
           65  |   .5427151   .1092363     4.97   0.000     .3283165    .7571136
           70  |   .4543495   .1139783     3.99   0.000     .2306438    .6780552
           75  |    .278373   .1167681     2.38   0.017     .0491917    .5075543
           80  |   .1928039   .1173197     1.64   0.101    -.0374601    .4230678
           85  |   .1537294   .1301007     1.18   0.238    -.1016197    .4090785
               |
      2.gender |  -.1389587   .0417659    -3.33   0.001    -.2209327   -.0569847
      educ_yrs |    .061669   .0065786     9.37   0.000     .0487572    .0745807
  married_2020 |   .1495204   .0417848     3.58   0.000     .0675091    .2315316
       born_us |   .0384694   .0578317     0.67   0.506     -.075037    .1519759
   inlbrf_2020 |   .6019455   .0490626    12.27   0.000     .5056502    .6982408
               |
      race_eth |
            2  |  -.0853416   .0506959    -1.68   0.093    -.1848426    .0141595
            3  |  -.0922913   .0618645    -1.49   0.136    -.2137131    .0291305
            4  |  -.1347898   .0908566    -1.48   0.138    -.3131144    .0435349
               |
         _cons |  -.7427496    .149778    -4.96   0.000    -1.036719   -.4487797
--------------------------------------------------------------------------------
Writing (Labor, deflwin_ihs): /Volumes/SSD PRO/Github-forks/Chp2-TrustandReturns/
> Code/Regressions/Average/Income/Labor/income_trust_general_deflwin_ihs.tex
(results m4 are active now)
(output written to /Volumes/SSD PRO/Github-forks/Chp2-TrustandReturns/Code/Regres
> sions/Average/Income/Labor/income_trust_general_deflwin_ihs.tex)
(file /var/folders/17/1rg0y2kj74l9p9g301vbhhkw0000gn/T//S_94024.000004 not
    found)

Linear regression                               Number of obs     =        900
                                                F(1, 898)         =      15.03
                                                Prob > F          =     0.0001
                                                R-squared         =     0.0138
                                                Root MSE          =     .69909

--------------------------------------------------------------------------------
               |               Robust
ihs_tot_~n_avg | Coefficient  std. err.      t    P>|t|     [95% conf. interval]
---------------+----------------------------------------------------------------
trust_oth~2020 |   .0316117   .0081536     3.88   0.000     .0156094     .047614
         _cons |   .9024026   .0482522    18.70   0.000     .8077023    .9971029
--------------------------------------------------------------------------------

Linear regression                               Number of obs     =        900
                                                F(2, 897)         =      50.52
                                                Prob > F          =     0.0000
                                                R-squared         =     0.0750
                                                Root MSE          =     .67741

--------------------------------------------------------------------------------
               |               Robust
ihs_tot_~n_avg | Coefficient  std. err.      t    P>|t|     [95% conf. interval]
---------------+----------------------------------------------------------------
trust_oth~2020 |   .2118809   .0211068    10.04   0.000     .1704565    .2533053
               |
            c. |
trust_oth~2020#|
            c. |
trust_oth~2020 |  -.0179754   .0019392    -9.27   0.000    -.0217813   -.0141694
               |
         _cons |    .575942    .054153    10.64   0.000     .4696607    .6822232
--------------------------------------------------------------------------------

Linear regression                               Number of obs     =        890
                                                F(20, 868)        =          .
                                                Prob > F          =          .
                                                R-squared         =     0.4368
                                                Root MSE          =     .53451

--------------------------------------------------------------------------------
               |               Robust
ihs_tot_~n_avg | Coefficient  std. err.      t    P>|t|     [95% conf. interval]
---------------+----------------------------------------------------------------
trust_oth~2020 |   .0021429   .0064728     0.33   0.741    -.0105612     .014847
               |
       age_bin |
           30  |  -.0114713   .3717559    -0.03   0.975    -.7411169    .7181743
           35  |    .529755   .1042451     5.08   0.000     .3251531    .7343569
           40  |   .4179591   .1730619     2.42   0.016     .0782903    .7576279
           45  |   .3527733   .1730054     2.04   0.042     .0132155    .6923312
           50  |   .5542838    .127628     4.34   0.000     .3037882    .8047793
           55  |   .6856607   .0997531     6.87   0.000     .4898751    .8814463
           60  |   .6268875   .0979644     6.40   0.000     .4346128    .8191623
           65  |   .7878338   .0990381     7.95   0.000     .5934516     .982216
           70  |   .6990332   .1055135     6.63   0.000     .4919417    .9061247
           75  |   .7463508   .1068209     6.99   0.000     .5366933    .9560082
           80  |   .7917945   .1089289     7.27   0.000     .5779997    1.005589
           85  |   .6894865    .133686     5.16   0.000     .4271008    .9518722
               |
      2.gender |  -.2513096   .0385384    -6.52   0.000     -.326949   -.1756702
      educ_yrs |   .0811944   .0066003    12.30   0.000       .06824    .0941489
  married_2020 |   .2007422   .0393736     5.10   0.000     .1234635    .2780209
       born_us |  -.0268005   .0598082    -0.45   0.654    -.1441861     .090585
   inlbrf_2020 |   .3746353   .0430452     8.70   0.000     .2901506    .4591201
               |
      race_eth |
            2  |  -.2709674   .0463257    -5.85   0.000    -.3618908    -.180044
            3  |  -.2883886   .0616728    -4.68   0.000    -.4094339   -.1673433
            4  |  -.2833746   .0828056    -3.42   0.001    -.4458972    -.120852
               |
         _cons |  -.6234065   .1461753    -4.26   0.000    -.9103049    -.336508
--------------------------------------------------------------------------------

Linear regression                               Number of obs     =        890
                                                F(21, 867)        =          .
                                                Prob > F          =          .
                                                R-squared         =     0.4404
                                                Root MSE          =     .53312

--------------------------------------------------------------------------------
               |               Robust
ihs_tot_~n_avg | Coefficient  std. err.      t    P>|t|     [95% conf. interval]
---------------+----------------------------------------------------------------
trust_oth~2020 |    .049371   .0191177     2.58   0.010     .0118487    .0868933
               |
            c. |
trust_oth~2020#|
            c. |
trust_oth~2020 |  -.0046289   .0017291    -2.68   0.008    -.0080225   -.0012352
               |
       age_bin |
           30  |  -.0085632   .4057648    -0.02   0.983    -.8049594    .7878331
           35  |   .5770512   .1359908     4.24   0.000     .3101415    .8439609
           40  |   .4302251   .2052735     2.10   0.036      .027334    .8331163
           45  |   .3224639   .1944888     1.66   0.098    -.0592601    .7041878
           50  |   .5450527   .1535915     3.55   0.000     .2435981    .8465074
           55  |   .6611343   .1323687     4.99   0.000     .4013338    .9209348
           60  |   .6005467   .1312264     4.58   0.000     .3429881    .8581052
           65  |   .7574711   .1325249     5.72   0.000      .497364    1.017578
           70  |   .6768735   .1372188     4.93   0.000     .4075536    .9461934
           75  |   .7222846   .1381376     5.23   0.000     .4511615    .9934078
           80  |   .7680023   .1397307     5.50   0.000     .4937522    1.042252
           85  |   .6990692   .1589089     4.40   0.000      .387178     1.01096
               |
      2.gender |  -.2479355   .0384229    -6.45   0.000    -.3233482   -.1725228
      educ_yrs |   .0787911   .0066662    11.82   0.000     .0657073    .0918748
  married_2020 |   .1940409   .0392802     4.94   0.000     .1169455    .2711364
       born_us |  -.0269297   .0597738    -0.45   0.652    -.1442479    .0903886
   inlbrf_2020 |   .3665214   .0431669     8.49   0.000     .2817975    .4512453
               |
      race_eth |
            2  |  -.2617763   .0461695    -5.67   0.000    -.3523933   -.1711593
            3  |  -.2818123   .0617416    -4.56   0.000    -.4029927   -.1606319
            4  |  -.2856802   .0827923    -3.45   0.001    -.4481769   -.1231834
               |
         _cons |  -.6561575   .1690685    -3.88   0.000    -.9879889   -.3243261
--------------------------------------------------------------------------------
Writing (Total, deflwin_ihs): /Volumes/SSD PRO/Github-forks/Chp2-TrustandReturns/
> Code/Regressions/Average/Income/Total/income_trust_general_deflwin_ihs.tex
(results m4 are active now)
(output written to /Volumes/SSD PRO/Github-forks/Chp2-TrustandReturns/Code/Regres
> sions/Average/Income/Total/income_trust_general_deflwin_ihs.tex)
(file /var/folders/17/1rg0y2kj74l9p9g301vbhhkw0000gn/T//S_94024.000005 not
    found)

. 
. eststo clear

. di as txt "Done. Tables in ${REGRESSIONS}/Average/Income/Labor/ and Average/Inc
> ome/Total/."
Done. Tables in /Volumes/SSD PRO/Github-forks/Chp2-TrustandReturns/Code/Regressio
> ns/Average/Income/Labor/ and Average/Income/Total/.

. log close
      name:  <unnamed>
       log:  /Volumes/SSD PRO/Github-forks/Chp2-TrustandReturns/Notes/Logs/17_reg
> _income_avg_trust.log
  log type:  text
 closed on:  18 Feb 2026, 18:43:52
---------------------------------------------------------------------------------
