---------------------------------------------------------------------------------
      name:  <unnamed>
       log:  /Volumes/SSD PRO/Github-forks/Chp2-TrustandReturns/Notes/Logs/17_reg
> _income_avg_trust.log
  log type:  text
 opened on:  20 Feb 2026, 11:08:19

. 
. capture which esttab

. if _rc ssc install estout, replace

. 
. * ----------------------------------------------------------------------
. * Load data
. * ----------------------------------------------------------------------
. use "${PROCESSED}/analysis_ready_processed.dta", clear

. set showbaselevels off

. 
. * Age: 5-yr bins
. capture confirm variable age_2020

. if !_rc {
.     gen int age_bin = floor(age_2020/5)*5
(29,511 missing values generated)
. }

. 
. * Trust: general only (for now)
. local trust_list "trust_others_2020:general"

. 
. * Full controls = age 5-yr bins, gender, educ, inlbrf, married, born_us, race_e
> th
. local full_ctrl "i.gender educ_yrs married_2020 born_us"

. capture confirm variable age_bin

. if !_rc local full_ctrl "i.age_bin `full_ctrl'"

. capture confirm variable inlbrf_2020

. if !_rc local full_ctrl "`full_ctrl' inlbrf_2020"

. capture confirm variable race_eth

. if !_rc local full_ctrl "`full_ctrl' i.race_eth"

. 
. * Variable labels
. label variable age_bin "Age (5-yr bin)"

. label variable educ_yrs "Years of education"

. label variable inlbrf_2020 "In labor force"

. label variable married_2020 "Married"

. label variable born_us "Born in U.S."

. label variable gender "Female"

. label variable race_eth "Race/ethnicity"

. label variable trust_others_2020 "General trust"

. label variable ln_lab_inc_defl_win_avg "Labor income (avg defl wins, log)"

. label variable ln_tot_inc_defl_win_avg "Total income (avg defl wins, log)"

. label variable ihs_lab_inc_defl_win_avg "Labor income (avg defl wins, IHS)"

. label variable ihs_tot_inc_defl_win_avg "Total income (avg defl wins, IHS)"

. 
. * ----------------------------------------------------------------------
. * Regressions: average income on trust (2020). Four tables: labor/total × deflw
> in_log, deflwin_ihs
. * ----------------------------------------------------------------------
. forvalues meas = 1/4 {
  2.     if `meas' == 1 {
  3.         local yvar "ln_lab_inc_defl_win_avg"
  4.         local outdir "Labor"
  5.         local label_outdir "labor"
  6.         local file_suffix "deflwin_log"
  7.         local title_suffix "labor income (avg defl wins, log)"
  8.     }
  9.     if `meas' == 2 {
 10.         local yvar "ln_tot_inc_defl_win_avg"
 11.         local outdir "Total"
 12.         local label_outdir "total"
 13.         local file_suffix "deflwin_log"
 14.         local title_suffix "total income (avg defl wins, log)"
 15.     }
 16.     if `meas' == 3 {
 17.         local yvar "ihs_lab_inc_defl_win_avg"
 18.         local outdir "Labor"
 19.         local label_outdir "labor"
 20.         local file_suffix "deflwin_ihs"
 21.         local title_suffix "labor income (avg defl wins, IHS)"
 22.     }
 23.     if `meas' == 4 {
 24.         local yvar "ihs_tot_inc_defl_win_avg"
 25.         local outdir "Total"
 26.         local label_outdir "total"
 27.         local file_suffix "deflwin_ihs"
 28.         local title_suffix "total income (avg defl wins, IHS)"
 29.     }
 30. 
. foreach pair of local trust_list {
 31.     local pos = strpos("`pair'", ":")
 32.     if `pos' == 0 continue
 33.     local trust_var = substr("`pair'", 1, `pos' - 1)
 34.     local stub      = substr("`pair'", `pos' + 1, .)
 35.     local stub      = trim("`stub'")
 36. 
.     capture confirm variable `trust_var'
 37.     if _rc {
 38.         di as txt "Skipping trust (not found): `trust_var'"
 39.         continue
 40.     }
 41. 
.     capture confirm variable `yvar'
 42.     if _rc {
 43.         di as txt "Skipping `stub' `title_suffix': `yvar' not found. Run 04_
> processing_income.do."
 44.         continue
 45.     }
 46.     quietly count if !missing(`yvar') & !missing(`trust_var')
 47.     if r(N) < 50 {
 48.         di as txt "Skipping `stub' `title_suffix': too few obs (N=" r(N) ").
> "
 49.         continue
 50.     }
 51.     eststo clear
 52.     eststo m1: regress `yvar' c.`trust_var' if !missing(`yvar') & !missing(`
> trust_var'), vce(robust)
 53.     eststo m2: regress `yvar' c.`trust_var' c.`trust_var'#c.`trust_var' if !
> missing(`yvar') & !missing(`trust_var'), vce(robust)
 54.     quietly testparm c.`trust_var' c.`trust_var'#c.`trust_var'
 55.     estadd scalar p_joint_trust = r(p) : m2
 56.     eststo m3: regress `yvar' c.`trust_var' `full_ctrl' if !missing(`yvar') 
> & !missing(`trust_var'), vce(robust)
 57.     eststo m4: regress `yvar' c.`trust_var' c.`trust_var'#c.`trust_var' `ful
> l_ctrl' if !missing(`yvar') & !missing(`trust_var'), vce(robust)
 58.     quietly testparm c.`trust_var' c.`trust_var'#c.`trust_var'
 59.     estadd scalar p_joint_trust = r(p) : m4
 60. 
.     local capt_stub = proper(substr("`stub'", 1, 1)) + substr("`stub'", 2, .)
 61.     local capt_stub = subinstr("`capt_stub'", "_", " ", .)
 62.     if "`stub'" == "pc1" local capt_stub "PC1"
 63.     if "`stub'" == "pc2" local capt_stub "PC2"
 64. 
.     local outfile "${REGRESSIONS}/Average/Income/`outdir'/income_trust_`stub'_`
> file_suffix'.tex"
 65.     di as txt "Writing (`outdir', `file_suffix'): `outfile'"
 66. 
.     local drop_12 "1.gender 1.race_eth"
 67.     capture confirm variable age_bin
 68.     if !_rc {
 69.         estimates restore m4
 70.         local cnames : colnames e(b)
 71.         foreach c of local cnames {
 72.             if regexm("`c'", "\.age_bin$") & !regexm("`c'", "b\.age_bin$") l
> ocal drop_12 "`drop_12' `c'"
 73.         }
 74.     }
 75. 
.     esttab m1 m2 m3 m4 using "`outfile'", replace ///
>         booktabs ///
>         mtitles("1" "2" "3" "4") ///
>         se star(* 0.10 ** 0.05 *** 0.01) ///
>         b(2) se(2) label ///
>         drop(`drop_12' *.age_bin) ///
>         varlabels(c.`trust_var'#c.`trust_var' "(`capt_stub')\$^2\$" 2.gender "F
> emale" 2.race_eth "NH Black" 3.race_eth "Hispanic" 4.race_eth "NH Other" educ_y
> rs "Years of education" inlbrf_2020 "In labor force" married_2020 "Married" bor
> n_us "Born in U.S." _cons "Constant") ///
>         title("Average `title_suffix' on `capt_stub' trust (2020)") ///
>         addnotes("Age bins (5-yr) included in columns 3–4.") ///
>         alignment(${LATEX_ALIGN}) width(0.85\hsize) ///
>         stats(N r2_a p_joint_trust, labels("Observations" "Adj. R-squared" "Joi
> nt test: Trust+Trust² p-value")) ///
>         nonumbers
 76. 
.     tempfile tmpf
 77.     file open fh using "`outfile'", read text
 78.     file open fout using "`tmpf'", write text replace
 79.     local lab_inserted 0
 80.     file read fh line
 81.     while r(eof) == 0 {
 82.         file write fout "`line'" _n
 83.         if `lab_inserted' == 0 & regexm(`"`line'"', "\\caption") {
 84.             file write fout "\label{tab:income_trust_`stub'_`label_outdir'_`
> file_suffix'}" _n
 85.             local lab_inserted 1
 86.         }
 87.         file read fh line
 88.     }
 89.     file close fh
 90.     file close fout
 91.     copy "`tmpf'" "`outfile'", replace
 92. }
 93. }

Linear regression                               Number of obs     =        712
                                                F(1, 710)         =       0.40
                                                Prob > F          =     0.5289
                                                R-squared         =     0.0006
                                                Root MSE          =     1.5301

--------------------------------------------------------------------------------
               |               Robust
ln_lab_inc_d~g | Coefficient  std. err.      t    P>|t|     [95% conf. interval]
---------------+----------------------------------------------------------------
trust_oth~2020 |   .0147416   .0234018     0.63   0.529    -.0312034    .0606867
         _cons |   9.599432   .1391481    68.99   0.000     9.326241    9.872623
--------------------------------------------------------------------------------

Linear regression                               Number of obs     =        712
                                                F(2, 709)         =       6.96
                                                Prob > F          =     0.0010
                                                R-squared         =     0.0181
                                                Root MSE          =     1.5177

--------------------------------------------------------------------------------
               |               Robust
ln_lab_inc_d~g | Coefficient  std. err.      t    P>|t|     [95% conf. interval]
---------------+----------------------------------------------------------------
trust_oth~2020 |    .238443   .0673738     3.54   0.000     .1061669     .370719
               |
            c. |
trust_oth~2020#|
            c. |
trust_oth~2020 |   -.022164   .0059426    -3.73   0.000    -.0338311   -.0104969
               |
         _cons |   9.175345   .1890145    48.54   0.000      8.80425     9.54644
--------------------------------------------------------------------------------

Linear regression                               Number of obs     =        704
                                                F(19, 682)        =          .
                                                Prob > F          =          .
                                                R-squared         =     0.2578
                                                Root MSE          =     1.3294

--------------------------------------------------------------------------------
               |               Robust
ln_lab_inc_d~g | Coefficient  std. err.      t    P>|t|     [95% conf. interval]
---------------+----------------------------------------------------------------
trust_oth~2020 |   .0101283   .0199649     0.51   0.612    -.0290717    .0493283
               |
       age_bin |
           30  |  -1.314435   1.420968    -0.93   0.355    -4.104433    1.475563
           35  |   1.119426    .220997     5.07   0.000     .6855094    1.553342
           40  |   .7576894   .2693816     2.81   0.005     .2287725    1.286606
           45  |  -.0008189   .5193498    -0.00   0.999    -1.020535    1.018898
           50  |   .6761729   .2142391     3.16   0.002     .2555256     1.09682
           55  |   .8645279   .1744272     4.96   0.000      .522049    1.207007
           60  |   .7546852     .17744     4.25   0.000      .406291     1.10308
           65  |   .6753672   .2124268     3.18   0.002     .2582781    1.092456
           70  |   .5748526   .2265745     2.54   0.011     .1299853     1.01972
           75  |   .1974071   .2573204     0.77   0.443    -.3078283    .7026425
           80  |  -.0448793   .3004683    -0.15   0.881    -.6348333    .5450746
           85  |  -.3937053   .4243681    -0.93   0.354     -1.22693    .4395197
               |
      2.gender |  -.3282843   .1060575    -3.10   0.002    -.5365228   -.1200458
      educ_yrs |   .1110242   .0174588     6.36   0.000     .0767447    .1453038
  married_2020 |   .2711449   .1097813     2.47   0.014     .0555949    .4866949
       born_us |  -.0690215    .156771    -0.44   0.660    -.3768333    .2387902
   inlbrf_2020 |    .808936   .1279832     6.32   0.000     .5576477    1.060224
               |
      race_eth |
            2  |   -.116656   .1230642    -0.95   0.344    -.3582863    .1249743
            3  |  -.2035867   .1836815    -1.11   0.268     -.564236    .1570625
            4  |  -.3143199   .2039647    -1.54   0.124    -.7147941    .0861543
               |
         _cons |   7.352833    .396101    18.56   0.000     6.575109    8.130557
--------------------------------------------------------------------------------

Linear regression                               Number of obs     =        704
                                                F(20, 681)        =          .
                                                Prob > F          =          .
                                                R-squared         =     0.2580
                                                Root MSE          =     1.3302

--------------------------------------------------------------------------------
               |               Robust
ln_lab_inc_d~g | Coefficient  std. err.      t    P>|t|     [95% conf. interval]
---------------+----------------------------------------------------------------
trust_oth~2020 |    .037067    .058889     0.63   0.529    -.0785588    .1526929
               |
            c. |
trust_oth~2020#|
            c. |
trust_oth~2020 |  -.0026267   .0051748    -0.51   0.612    -.0127873    .0075339
               |
       age_bin |
           30  |  -1.279705   1.438578    -0.89   0.374    -4.104286    1.544877
           35  |   1.178117    .254193     4.63   0.000     .6790206    1.677213
           40  |   .7957308   .2895955     2.75   0.006     .2271236    1.364338
           45  |    .016476   .5215725     0.03   0.975    -1.007607    1.040559
           50  |   .7017299   .2206923     3.18   0.002     .2684108    1.135049
           55  |   .8822645   .1809711     4.88   0.000     .5269362    1.237593
           60  |   .7714557   .1807488     4.27   0.000     .4165638    1.126348
           65  |   .6901641   .2158133     3.20   0.001     .2664247    1.113903
           70  |   .5930167   .2304782     2.57   0.010     .1404834     1.04555
           75  |    .214464    .261394     0.82   0.412     -.298771     .727699
           80  |  -.0273377   .3028961    -0.09   0.928    -.6220601    .5673848
           85  |  -.3604466    .422591    -0.85   0.394    -1.190184    .4692913
               |
      2.gender |  -.3262394   .1060096    -3.08   0.002    -.5343843   -.1180945
      educ_yrs |   .1097999   .0175155     6.27   0.000      .075409    .1441907
  married_2020 |   .2690699   .1099871     2.45   0.015     .0531154    .4850245
       born_us |  -.0706654   .1565931    -0.45   0.652    -.3781287    .2367979
   inlbrf_2020 |   .8051267   .1282831     6.28   0.000     .5532489    1.057005
               |
      race_eth |
            2  |  -.1123104      .1222    -0.92   0.358    -.3522445    .1276237
            3  |  -.1998822   .1852231    -1.08   0.281    -.5635592    .1637949
            4  |  -.3153445   .2040368    -1.55   0.123    -.7159613    .0852724
               |
         _cons |   7.299859   .4186219    17.44   0.000     6.477914    8.121803
--------------------------------------------------------------------------------
Writing (Labor, deflwin_log): /Volumes/SSD PRO/Github-forks/Chp2-TrustandReturns/
> Code/Regressions/Average/Income/Labor/income_trust_general_deflwin_log.tex
(results m4 are active now)
(file /Volumes/SSD
    PRO/Github-forks/Chp2-TrustandReturns/Code/Regressions/Average/Income/Labor
    > /income_trust_general_deflwin_log.tex not found)
(output written to /Volumes/SSD PRO/Github-forks/Chp2-TrustandReturns/Code/Regres
> sions/Average/Income/Labor/income_trust_general_deflwin_log.tex)
(file /var/folders/17/1rg0y2kj74l9p9g301vbhhkw0000gn/T//S_84306.000002 not
    found)

Linear regression                               Number of obs     =        895
                                                F(1, 893)         =      14.44
                                                Prob > F          =     0.0002
                                                R-squared         =     0.0156
                                                Root MSE          =     1.0965

--------------------------------------------------------------------------------
               |               Robust
ln_tot_inc_d~g | Coefficient  std. err.      t    P>|t|     [95% conf. interval]
---------------+----------------------------------------------------------------
trust_oth~2020 |   .0529437   .0139318     3.80   0.000     .0256008    .0802866
         _cons |   10.15376   .0840792   120.76   0.000     9.988744    10.31878
--------------------------------------------------------------------------------

Linear regression                               Number of obs     =        895
                                                F(2, 892)         =      34.56
                                                Prob > F          =     0.0000
                                                R-squared         =     0.0697
                                                Root MSE          =     1.0666

--------------------------------------------------------------------------------
               |               Robust
ln_tot_inc_d~g | Coefficient  std. err.      t    P>|t|     [95% conf. interval]
---------------+----------------------------------------------------------------
trust_oth~2020 |   .3201196   .0385725     8.30   0.000     .2444161     .395823
               |
            c. |
trust_oth~2020#|
            c. |
trust_oth~2020 |  -.0265505   .0034552    -7.68   0.000    -.0333319   -.0197692
               |
         _cons |   9.666014    .104138    92.82   0.000      9.46163    9.870398
--------------------------------------------------------------------------------

Linear regression                               Number of obs     =        885
                                                F(19, 863)        =          .
                                                Prob > F          =          .
                                                R-squared         =     0.3898
                                                Root MSE          =     .86599

--------------------------------------------------------------------------------
               |               Robust
ln_tot_inc_d~g | Coefficient  std. err.      t    P>|t|     [95% conf. interval]
---------------+----------------------------------------------------------------
trust_oth~2020 |   .0047466   .0111396     0.43   0.670    -.0171172    .0266105
               |
       age_bin |
           30  |  -.3950497   .8445857    -0.47   0.640    -2.052732    1.262633
           35  |    .888318   .1235208     7.19   0.000     .6458817    1.130754
           40  |    .827494   .2028531     4.08   0.000     .4293509    1.225637
           45  |   .2889081   .3143853     0.92   0.358    -.3281412    .9059574
           50  |   .8341449    .187758     4.44   0.000     .4656292    1.202661
           55  |   .9845948   .1448592     6.80   0.000     .7002772    1.268912
           60  |   .9940467   .1178887     8.43   0.000     .7626645    1.225429
           65  |   1.167236   .1272134     9.18   0.000      .917552     1.41692
           70  |   1.132777   .1321675     8.57   0.000     .8733694    1.392184
           75  |   1.242208   .1316132     9.44   0.000      .983889    1.500528
           80  |   1.310605   .1404015     9.33   0.000     1.035036    1.586173
           85  |   1.136467   .1736986     6.54   0.000     .7955461    1.477388
               |
      2.gender |  -.3484688   .0616703    -5.65   0.000    -.4695101   -.2274274
      educ_yrs |    .120331   .0120571     9.98   0.000     .0966663    .1439958
  married_2020 |   .2325655   .0637351     3.65   0.000     .1074714    .3576595
       born_us |   .0684545   .1068688     0.64   0.522    -.1412987    .2782076
   inlbrf_2020 |   .5441526   .0775857     7.01   0.000     .3918738    .6964314
               |
      race_eth |
            2  |  -.3874321   .0704341    -5.50   0.000    -.5256743   -.2491899
            3  |  -.4211876    .101333    -4.16   0.000    -.6200756   -.2222996
            4  |  -.4294267   .1469124    -2.92   0.004    -.7177741   -.1410793
               |
         _cons |   7.805027   .2205484    35.39   0.000     7.372153    8.237902
--------------------------------------------------------------------------------

Linear regression                               Number of obs     =        885
                                                F(20, 862)        =          .
                                                Prob > F          =          .
                                                R-squared         =     0.3932
                                                Root MSE          =     .86407

--------------------------------------------------------------------------------
               |               Robust
ln_tot_inc_d~g | Coefficient  std. err.      t    P>|t|     [95% conf. interval]
---------------+----------------------------------------------------------------
trust_oth~2020 |   .0771706   .0355587     2.17   0.030     .0073789    .1469624
               |
            c. |
trust_oth~2020#|
            c. |
trust_oth~2020 |  -.0070784   .0031533    -2.24   0.025    -.0132675   -.0008894
               |
       age_bin |
           30  |  -.3117168   .8842623    -0.35   0.725    -2.047276    1.423842
           35  |   1.040552   .1359917     7.65   0.000     .7736388    1.307466
           40  |   .9258128   .2244009     4.13   0.000     .4853767    1.366249
           45  |   .3215889   .3171541     1.01   0.311    -.3008958    .9440736
           50  |    .899398   .1882207     4.78   0.000     .5299735    1.268823
           55  |   1.025929   .1496002     6.86   0.000     .7323061    1.319553
           60  |   1.033156   .1194499     8.65   0.000      .798709    1.267602
           65  |   1.200707    .128531     9.34   0.000     .9484371    1.452978
           70  |   1.178346   .1344007     8.77   0.000     .9145549    1.442137
           75  |   1.285135    .133408     9.63   0.000     1.023292    1.546977
           80  |   1.353713   .1412437     9.58   0.000     1.076491    1.630935
           85  |   1.230412   .1789153     6.88   0.000     .8792514    1.581573
               |
      2.gender |  -.3432526   .0615345    -5.58   0.000    -.4640276   -.2224776
      educ_yrs |   .1165621   .0123059     9.47   0.000     .0924092    .1407151
  married_2020 |   .2225531   .0633638     3.51   0.000     .0981878    .3469185
       born_us |   .0681898   .1068123     0.64   0.523    -.1414527    .2778324
   inlbrf_2020 |    .532394   .0778362     6.84   0.000     .3796234    .6851646
               |
      race_eth |
            2  |  -.3734433   .0699006    -5.34   0.000    -.5106387   -.2362479
            3  |  -.4109708   .1021648    -4.02   0.000    -.6114916   -.2104501
            4  |  -.4324947   .1471222    -2.94   0.003    -.7212543   -.1437351
               |
         _cons |   7.675202   .2247204    34.15   0.000     7.234139    8.116265
--------------------------------------------------------------------------------
Writing (Total, deflwin_log): /Volumes/SSD PRO/Github-forks/Chp2-TrustandReturns/
> Code/Regressions/Average/Income/Total/income_trust_general_deflwin_log.tex
(results m4 are active now)
(file /Volumes/SSD
    PRO/Github-forks/Chp2-TrustandReturns/Code/Regressions/Average/Income/Total
    > /income_trust_general_deflwin_log.tex not found)
(output written to /Volumes/SSD PRO/Github-forks/Chp2-TrustandReturns/Code/Regres
> sions/Average/Income/Total/income_trust_general_deflwin_log.tex)
(file /var/folders/17/1rg0y2kj74l9p9g301vbhhkw0000gn/T//S_84306.000003 not
    found)

Linear regression                               Number of obs     =        900
                                                F(1, 898)         =       2.38
                                                Prob > F          =     0.1229
                                                R-squared         =     0.0022
                                                Root MSE          =     .74105

--------------------------------------------------------------------------------
               |               Robust
ihs_lab_~n_avg | Coefficient  std. err.      t    P>|t|     [95% conf. interval]
---------------+----------------------------------------------------------------
trust_oth~2020 |   .0133165   .0086231     1.54   0.123    -.0036074    .0302403
         _cons |    .670451   .0512117    13.09   0.000     .5699424    .7709596
--------------------------------------------------------------------------------

Linear regression                               Number of obs     =        900
                                                F(2, 897)         =      20.29
                                                Prob > F          =     0.0000
                                                R-squared         =     0.0329
                                                Root MSE          =     .72998

--------------------------------------------------------------------------------
               |               Robust
ihs_lab_~n_avg | Coefficient  std. err.      t    P>|t|     [95% conf. interval]
---------------+----------------------------------------------------------------
trust_oth~2020 |   .1477871   .0235355     6.28   0.000     .1015961    .1939782
               |
            c. |
trust_oth~2020#|
            c. |
trust_oth~2020 |  -.0134086   .0021389    -6.27   0.000    -.0176064   -.0092108
               |
         _cons |   .4269299   .0618681     6.90   0.000     .3055067    .5483531
--------------------------------------------------------------------------------

Linear regression                               Number of obs     =        890
                                                F(20, 868)        =          .
                                                Prob > F          =          .
                                                R-squared         =     0.3935
                                                Root MSE          =     .58386

--------------------------------------------------------------------------------
               |               Robust
ihs_lab_~n_avg | Coefficient  std. err.      t    P>|t|     [95% conf. interval]
---------------+----------------------------------------------------------------
trust_oth~2020 |   .0041882   .0069702     0.60   0.548    -.0094922    .0178686
               |
       age_bin |
           30  |  -.0874525   .4109214    -0.21   0.832    -.8939683    .7190633
           35  |   .7191098    .108206     6.65   0.000     .5067338    .9314857
           40  |   .4483805   .1996322     2.25   0.025     .0565623    .8401987
           45  |   .2825805   .1524494     1.85   0.064    -.0166321    .5817931
           50  |   .3419742   .1238526     2.76   0.006     .0988887    .5850597
           55  |   .4962778   .1038576     4.78   0.000     .2924365    .7001192
           60  |   .5125841    .102776     4.99   0.000     .3108656    .7143027
           65  |   .5468292   .1041092     5.25   0.000     .3424941    .7511643
           70  |   .4573522   .1093011     4.18   0.000     .2428267    .6718776
           75  |   .2816339   .1123226     2.51   0.012     .0611783    .5020895
           80  |   .1960277   .1126012     1.74   0.082    -.0249748    .4170302
           85  |    .152431   .1265373     1.20   0.229    -.0959239    .4007859
               |
      2.gender |  -.1394159   .0418156    -3.33   0.001    -.2214873   -.0573444
      educ_yrs |   .0619946   .0064521     9.61   0.000     .0493312    .0746581
  married_2020 |   .1504284   .0416339     3.61   0.000     .0687135    .2321433
       born_us |   .0384869   .0577725     0.67   0.505    -.0749032    .1518771
   inlbrf_2020 |   .6030449   .0489108    12.33   0.000     .5070477    .6990421
               |
      race_eth |
            2  |  -.0865869   .0507511    -1.71   0.088    -.1861961    .0130223
            3  |  -.0931824   .0617263    -1.51   0.132    -.2143326    .0279678
            4  |  -.1344774   .0907662    -1.48   0.139    -.3126243    .0436696
               |
         _cons |  -.7383118    .146917    -5.03   0.000    -1.026666   -.4499577
--------------------------------------------------------------------------------

Linear regression                               Number of obs     =        890
                                                F(21, 867)        =          .
                                                Prob > F          =          .
                                                R-squared         =     0.3936
                                                Root MSE          =     .58417

--------------------------------------------------------------------------------
               |               Robust
ihs_lab_~n_avg | Coefficient  std. err.      t    P>|t|     [95% conf. interval]
---------------+----------------------------------------------------------------
trust_oth~2020 |   .0105876   .0199701     0.53   0.596    -.0286078     .049783
               |
            c. |
trust_oth~2020#|
            c. |
trust_oth~2020 |  -.0006272    .001839    -0.34   0.733    -.0042365    .0029821
               |
       age_bin |
           30  |  -.0870585   .4155296    -0.21   0.834      -.90262     .728503
           35  |   .7255184   .1129339     6.42   0.000     .5038627    .9471741
           40  |   .4500425   .2034858     2.21   0.027     .0506602    .8494249
           45  |   .2784736   .1559286     1.79   0.074    -.0275681    .5845153
           50  |   .3407234   .1276164     2.67   0.008     .0902502    .5911966
           55  |   .4929545   .1085303     4.54   0.000     .2799417    .7059673
           60  |    .509015   .1077998     4.72   0.000     .2974358    .7205941
           65  |   .5427151   .1092363     4.97   0.000     .3283165    .7571136
           70  |   .4543495   .1139783     3.99   0.000     .2306438    .6780552
           75  |    .278373   .1167681     2.38   0.017     .0491917    .5075543
           80  |   .1928039   .1173197     1.64   0.101    -.0374601    .4230678
           85  |   .1537294   .1301007     1.18   0.238    -.1016197    .4090785
               |
      2.gender |  -.1389587   .0417659    -3.33   0.001    -.2209327   -.0569847
      educ_yrs |    .061669   .0065786     9.37   0.000     .0487572    .0745807
  married_2020 |   .1495204   .0417848     3.58   0.000     .0675091    .2315316
       born_us |   .0384694   .0578317     0.67   0.506     -.075037    .1519759
   inlbrf_2020 |   .6019455   .0490626    12.27   0.000     .5056502    .6982408
               |
      race_eth |
            2  |  -.0853416   .0506959    -1.68   0.093    -.1848426    .0141595
            3  |  -.0922913   .0618645    -1.49   0.136    -.2137131    .0291305
            4  |  -.1347898   .0908566    -1.48   0.138    -.3131144    .0435349
               |
         _cons |  -.7427496    .149778    -4.96   0.000    -1.036719   -.4487797
--------------------------------------------------------------------------------
Writing (Labor, deflwin_ihs): /Volumes/SSD PRO/Github-forks/Chp2-TrustandReturns/
> Code/Regressions/Average/Income/Labor/income_trust_general_deflwin_ihs.tex
(results m4 are active now)
(file /Volumes/SSD
    PRO/Github-forks/Chp2-TrustandReturns/Code/Regressions/Average/Income/Labor
    > /income_trust_general_deflwin_ihs.tex not found)
(output written to /Volumes/SSD PRO/Github-forks/Chp2-TrustandReturns/Code/Regres
> sions/Average/Income/Labor/income_trust_general_deflwin_ihs.tex)
(file /var/folders/17/1rg0y2kj74l9p9g301vbhhkw0000gn/T//S_84306.000004 not
    found)

Linear regression                               Number of obs     =        900
                                                F(1, 898)         =      15.03
                                                Prob > F          =     0.0001
                                                R-squared         =     0.0138
                                                Root MSE          =     .69909

--------------------------------------------------------------------------------
               |               Robust
ihs_tot_~n_avg | Coefficient  std. err.      t    P>|t|     [95% conf. interval]
---------------+----------------------------------------------------------------
trust_oth~2020 |   .0316117   .0081536     3.88   0.000     .0156094     .047614
         _cons |   .9024026   .0482522    18.70   0.000     .8077023    .9971029
--------------------------------------------------------------------------------

Linear regression                               Number of obs     =        900
                                                F(2, 897)         =      50.52
                                                Prob > F          =     0.0000
                                                R-squared         =     0.0750
                                                Root MSE          =     .67741

--------------------------------------------------------------------------------
               |               Robust
ihs_tot_~n_avg | Coefficient  std. err.      t    P>|t|     [95% conf. interval]
---------------+----------------------------------------------------------------
trust_oth~2020 |   .2118809   .0211068    10.04   0.000     .1704565    .2533053
               |
            c. |
trust_oth~2020#|
            c. |
trust_oth~2020 |  -.0179754   .0019392    -9.27   0.000    -.0217813   -.0141694
               |
         _cons |    .575942    .054153    10.64   0.000     .4696607    .6822232
--------------------------------------------------------------------------------

Linear regression                               Number of obs     =        890
                                                F(20, 868)        =          .
                                                Prob > F          =          .
                                                R-squared         =     0.4368
                                                Root MSE          =     .53451

--------------------------------------------------------------------------------
               |               Robust
ihs_tot_~n_avg | Coefficient  std. err.      t    P>|t|     [95% conf. interval]
---------------+----------------------------------------------------------------
trust_oth~2020 |   .0021429   .0064728     0.33   0.741    -.0105612     .014847
               |
       age_bin |
           30  |  -.0114713   .3717559    -0.03   0.975    -.7411169    .7181743
           35  |    .529755   .1042451     5.08   0.000     .3251531    .7343569
           40  |   .4179591   .1730619     2.42   0.016     .0782903    .7576279
           45  |   .3527733   .1730054     2.04   0.042     .0132155    .6923312
           50  |   .5542838    .127628     4.34   0.000     .3037882    .8047793
           55  |   .6856607   .0997531     6.87   0.000     .4898751    .8814463
           60  |   .6268875   .0979644     6.40   0.000     .4346128    .8191623
           65  |   .7878338   .0990381     7.95   0.000     .5934516     .982216
           70  |   .6990332   .1055135     6.63   0.000     .4919417    .9061247
           75  |   .7463508   .1068209     6.99   0.000     .5366933    .9560082
           80  |   .7917945   .1089289     7.27   0.000     .5779997    1.005589
           85  |   .6894865    .133686     5.16   0.000     .4271008    .9518722
               |
      2.gender |  -.2513096   .0385384    -6.52   0.000     -.326949   -.1756702
      educ_yrs |   .0811944   .0066003    12.30   0.000       .06824    .0941489
  married_2020 |   .2007422   .0393736     5.10   0.000     .1234635    .2780209
       born_us |  -.0268005   .0598082    -0.45   0.654    -.1441861     .090585
   inlbrf_2020 |   .3746353   .0430452     8.70   0.000     .2901506    .4591201
               |
      race_eth |
            2  |  -.2709674   .0463257    -5.85   0.000    -.3618908    -.180044
            3  |  -.2883886   .0616728    -4.68   0.000    -.4094339   -.1673433
            4  |  -.2833746   .0828056    -3.42   0.001    -.4458972    -.120852
               |
         _cons |  -.6234065   .1461753    -4.26   0.000    -.9103049    -.336508
--------------------------------------------------------------------------------

Linear regression                               Number of obs     =        890
                                                F(21, 867)        =          .
                                                Prob > F          =          .
                                                R-squared         =     0.4404
                                                Root MSE          =     .53312

--------------------------------------------------------------------------------
               |               Robust
ihs_tot_~n_avg | Coefficient  std. err.      t    P>|t|     [95% conf. interval]
---------------+----------------------------------------------------------------
trust_oth~2020 |    .049371   .0191177     2.58   0.010     .0118487    .0868933
               |
            c. |
trust_oth~2020#|
            c. |
trust_oth~2020 |  -.0046289   .0017291    -2.68   0.008    -.0080225   -.0012352
               |
       age_bin |
           30  |  -.0085632   .4057648    -0.02   0.983    -.8049594    .7878331
           35  |   .5770512   .1359908     4.24   0.000     .3101415    .8439609
           40  |   .4302251   .2052735     2.10   0.036      .027334    .8331163
           45  |   .3224639   .1944888     1.66   0.098    -.0592601    .7041878
           50  |   .5450527   .1535915     3.55   0.000     .2435981    .8465074
           55  |   .6611343   .1323687     4.99   0.000     .4013338    .9209348
           60  |   .6005467   .1312264     4.58   0.000     .3429881    .8581052
           65  |   .7574711   .1325249     5.72   0.000      .497364    1.017578
           70  |   .6768735   .1372188     4.93   0.000     .4075536    .9461934
           75  |   .7222846   .1381376     5.23   0.000     .4511615    .9934078
           80  |   .7680023   .1397307     5.50   0.000     .4937522    1.042252
           85  |   .6990692   .1589089     4.40   0.000      .387178     1.01096
               |
      2.gender |  -.2479355   .0384229    -6.45   0.000    -.3233482   -.1725228
      educ_yrs |   .0787911   .0066662    11.82   0.000     .0657073    .0918748
  married_2020 |   .1940409   .0392802     4.94   0.000     .1169455    .2711364
       born_us |  -.0269297   .0597738    -0.45   0.652    -.1442479    .0903886
   inlbrf_2020 |   .3665214   .0431669     8.49   0.000     .2817975    .4512453
               |
      race_eth |
            2  |  -.2617763   .0461695    -5.67   0.000    -.3523933   -.1711593
            3  |  -.2818123   .0617416    -4.56   0.000    -.4029927   -.1606319
            4  |  -.2856802   .0827923    -3.45   0.001    -.4481769   -.1231834
               |
         _cons |  -.6561575   .1690685    -3.88   0.000    -.9879889   -.3243261
--------------------------------------------------------------------------------
Writing (Total, deflwin_ihs): /Volumes/SSD PRO/Github-forks/Chp2-TrustandReturns/
> Code/Regressions/Average/Income/Total/income_trust_general_deflwin_ihs.tex
(results m4 are active now)
(file /Volumes/SSD
    PRO/Github-forks/Chp2-TrustandReturns/Code/Regressions/Average/Income/Total
    > /income_trust_general_deflwin_ihs.tex not found)
(output written to /Volumes/SSD PRO/Github-forks/Chp2-TrustandReturns/Code/Regres
> sions/Average/Income/Total/income_trust_general_deflwin_ihs.tex)
(file /var/folders/17/1rg0y2kj74l9p9g301vbhhkw0000gn/T//S_84306.000005 not
    found)

. 
. eststo clear

. di as txt "Done. Tables in ${REGRESSIONS}/Average/Income/Labor/ and Average/Inc
> ome/Total/."
Done. Tables in /Volumes/SSD PRO/Github-forks/Chp2-TrustandReturns/Code/Regressio
> ns/Average/Income/Labor/ and Average/Income/Total/.

. log close
      name:  <unnamed>
       log:  /Volumes/SSD PRO/Github-forks/Chp2-TrustandReturns/Notes/Logs/17_reg
> _income_avg_trust.log
  log type:  text
 closed on:  20 Feb 2026, 11:08:20
---------------------------------------------------------------------------------
