---------------------------------------------------------------------------------
      name:  <unnamed>
       log:  /Volumes/SSD PRO/Github-forks/Chp2-TrustandReturns/Notes/Logs/18_reg
> _returns_avg_trust.log
  log type:  text
 opened on:  20 Feb 2026, 10:13:43

. 
. capture which esttab

. if _rc ssc install estout, replace

. 
. * ----------------------------------------------------------------------
. * Load data
. * ----------------------------------------------------------------------
. use "${PROCESSED}/analysis_ready_processed.dta", clear

. set showbaselevels off

. 
. * Age: 5-yr bins
. capture confirm variable age_2020

. if !_rc {
.     gen int age_bin = floor(age_2020/5)*5
(29,511 missing values generated)
. }

. 
. * Trust: general only (for now)
. local trust_list "trust_others_2020:general"

. 
. * Return variables: average (row mean across waves). Raw and 5% winsorized (two
>  passes)
. local ret_unwin "r1_annual_avg r4_annual_avg r5_annual_avg"

. local ret_win   "r1_annual_avg_w5 r4_annual_avg_w5 r5_annual_avg_w5"

. 
. * Base controls
. local demo_core "i.gender educ_yrs married_2020 born_us"

. local demo_race "i.race_eth"

. capture confirm variable age_bin

. if !_rc local demo_core "i.age_bin `demo_core'"

. capture confirm variable race_eth

. if _rc local demo_race ""

. local ctrl_base "`demo_core' `demo_race' inlbrf_2020"

. 
. local drop_base "1.gender 1.race_eth"

. 
. * Variable labels
. label variable age_bin "Age (5-yr bin)"

. label variable educ_yrs "Years of education"

. label variable married_2020 "Married"

. label variable born_us "Born in U.S."

. label variable gender "Female"

. label variable race_eth "Race/ethnicity"

. label variable inlbrf_2020 "In labor force"

. label variable trust_others_2020 "General trust"

. 
. * ----------------------------------------------------------------------
. * Regressions: per return (r1, r4, r5), per trust var, per winsor-status
. * ----------------------------------------------------------------------
. foreach pair of local trust_list {
  2.     local pos = strpos("`pair'", ":")
  3.     if `pos' == 0 continue
  4.     local trust_var = substr("`pair'", 1, `pos' - 1)
  5.     local stub      = substr("`pair'", `pos' + 1, .)
  6.     local stub      = trim("`stub'")
  7. 
.     capture confirm variable `trust_var'
  8.     if _rc {
  9.         di as txt "Skipping trust (not found): `trust_var'"
 10.         continue
 11.     }
 12. 
.     foreach ret in r1 r4 r5 {
 13.         local outdir ""
 14.         local y_un ""
 15.         local y_win ""
 16.         local full_ret "`ctrl_base'"
 17.         local ret_label ""
 18.         local drop_list "`drop_base'"
 19.         if "`ret'" == "r1" {
 20.             local y_un  "r1_annual_avg"
 21.             local y_win "r1_annual_avg_w5"
 22.             local ret_label "Returns to core (avg)"
 23.             local outdir    "${REGRESSIONS}/Average/Returns/Core"
 24.             forvalues d = 2/10 {
 25.                 capture confirm variable wealth_core_d`d'_2020
 26.                 if !_rc {
 27.                     local full_ret "`full_ret' wealth_core_d`d'_2020"
 28.                     local drop_list "`drop_list' wealth_core_d`d'_2020"
 29.                 }
 30.             }
 31.         }
 32.         if "`ret'" == "r4" {
 33.             local y_un  "r4_annual_avg"
 34.             local y_win "r4_annual_avg_w5"
 35.             local ret_label "Returns to ${LATEX_CORE_IRA} (avg)"
 36.             local outdir    "${REGRESSIONS}/Average/Returns/Core+res"
 37.             forvalues d = 2/10 {
 38.                 capture confirm variable wealth_coreira_d`d'_2020
 39.                 if !_rc {
 40.                     local full_ret "`full_ret' wealth_coreira_d`d'_2020"
 41.                     local drop_list "`drop_list' wealth_coreira_d`d'_2020"
 42.                 }
 43.             }
 44.         }
 45.         if "`ret'" == "r5" {
 46.             local y_un  "r5_annual_avg"
 47.             local y_win "r5_annual_avg_w5"
 48.             local ret_label "Returns to net wealth (avg)"
 49.             local outdir    "${REGRESSIONS}/Average/Returns/Net wealth"
 50.             forvalues d = 2/10 {
 51.                 capture confirm variable wealth_d`d'_2020
 52.                 if !_rc {
 53.                     local full_ret "`full_ret' wealth_d`d'_2020"
 54.                     local drop_list "`drop_list' wealth_d`d'_2020"
 55.                 }
 56.             }
 57.         }
 58. 
.         if "`y_un'" == "" | "`outdir'" == "" continue
 59. 
.         forvalues win = 0/1 {
 60.             local y ""
 61.             local file_suffix ""
 62.             local win_label ""
 63.             if `win' == 0 {
 64.                 local y "`y_un'"
 65.                 local file_suffix ""
 66.                 local win_label " (raw)"
 67.             }
 68.             else {
 69.                 local y "`y_win'"
 70.                 local file_suffix "_win"
 71.                 local win_label "${LATEX_WIN}"
 72.             }
 73. 
.             capture confirm variable `y'
 74.             if _rc {
 75.                 di as txt "Skipping `ret'`file_suffix' for `stub': return va
> r `y' not found. Run 05_processing_returns.do."
 76.                 continue
 77.             }
 78. 
.             quietly count if !missing(`y') & !missing(`trust_var')
 79.             if r(N) < 50 {
 80.                 di as txt "Skipping `ret'`file_suffix' for `stub': too few o
> bs (N=" r(N) ")."
 81.                 continue
 82.             }
 83. 
.             eststo clear
 84.             eststo lin_raw: regress `y' c.`trust_var' if !missing(`y') & !mi
> ssing(`trust_var'), vce(robust)
 85.             eststo quad_raw: regress `y' c.`trust_var' c.`trust_var'#c.`trus
> t_var' if !missing(`y') & !missing(`trust_var'), vce(robust)
 86.             quietly testparm c.`trust_var' c.`trust_var'#c.`trust_var'
 87.             estadd scalar p_joint_trust = r(p) : quad_raw
 88.             eststo lin_ctl: regress `y' c.`trust_var' `full_ret' if !missing
> (`y') & !missing(`trust_var'), vce(robust)
 89.             eststo quad_ctl: regress `y' c.`trust_var' c.`trust_var'#c.`trus
> t_var' `full_ret' if !missing(`y') & !missing(`trust_var'), vce(robust)
 90.             quietly testparm c.`trust_var' c.`trust_var'#c.`trust_var'
 91.             estadd scalar p_joint_trust = r(p) : quad_ctl
 92. 
.             local capt_stub = proper(substr("`stub'", 1, 1)) + substr("`stub'",
>  2, .)
 93.             local capt_stub = subinstr("`capt_stub'", "_", " ", .)
 94.             if "`stub'" == "pc1" local capt_stub "PC1"
 95.             if "`stub'" == "pc2" local capt_stub "PC2"
 96. 
.             local outfile "`outdir'/returns_`ret'_trust_`stub'_avg`file_suffix'
> .tex"
 97.             di as txt "Writing: `outfile'"
 98. 
.             local vlab_trust2 "(`capt_stub')\$^2\$"
 99. 
.             local drop_list "1.gender 1.race_eth"
100.             capture confirm variable age_bin
101.             if !_rc {
102.                 estimates restore lin_ctl
103.                 local cnames : colnames e(b)
104.                 foreach c of local cnames {
105.                     if regexm("`c'", "\.age_bin$") & !regexm("`c'", "b\.age_
> bin$") local drop_list "`drop_list' `c'"
106.                 }
107.             }
108.             if "`ret'" == "r1" {
109.                 forvalues d = 2/10 {
110.                     capture confirm variable wealth_core_d`d'_2020
111.                     if !_rc local drop_list "`drop_list' wealth_core_d`d'_20
> 20"
112.                 }
113.             }
114.             if "`ret'" == "r4" {
115.                 forvalues d = 2/10 {
116.                     capture confirm variable wealth_coreira_d`d'_2020
117.                     if !_rc local drop_list "`drop_list' wealth_coreira_d`d'
> _2020"
118.                 }
119.             }
120.             if "`ret'" == "r5" {
121.                 forvalues d = 2/10 {
122.                     capture confirm variable wealth_d`d'_2020
123.                     if !_rc local drop_list "`drop_list' wealth_d`d'_2020"
124.                 }
125.             }
126. 
.             esttab lin_raw quad_raw lin_ctl quad_ctl using "`outfile'", replace
>  ///
>                 booktabs ///
>                 mtitles("1" "2" "3" "4") ///
>                 se star(* 0.10 ** 0.05 *** 0.01) b(2) se(2) label ///
>                 drop(`drop_list' *.age_bin, relax) ///
>                 varlabels(c.`trust_var'#c.`trust_var' "`vlab_trust2'" 2.gender 
> "Female" 2.race_eth "NH Black" 3.race_eth "Hispanic" 4.race_eth "NH Other" educ
> _yrs "Years of education" inlbrf_2020 "In labor force" married_2020 "Married" b
> orn_us "Born in U.S.") ///
>                 stats(N r2_a p_joint_trust, labels("Observations" "Adj. R-squar
> ed" "Joint test: Trust p-value")) ///
>                 title("Average `ret_label' on `capt_stub' trust (2020)`win_labe
> l'") ///
>                 addnotes("Robust standard errors in parentheses. Age bins (5-yr
> ) and wealth deciles included in columns 3â€“4.") ///
>                 alignment(${LATEX_ALIGN}) width(0.85\hsize) nonumbers
127. 
.             tempfile tmpf
128.             file open fh using "`outfile'", read text
129.             file open fout using "`tmpf'", write text replace
130.             local lab_inserted 0
131.             file read fh line
132.             while r(eof) == 0 {
133.                 file write fout "`line'" _n
134.                 if `lab_inserted' == 0 & regexm(`"`line'"', "\\caption") {
135.                     file write fout "\label{tab:returns_`ret'_trust_`stub'_a
> vg`file_suffix'}" _n
136.                     local lab_inserted 1
137.                 }
138.                 file read fh line
139.             }
140.             file close fh
141.             file close fout
142.             copy "`tmpf'" "`outfile'", replace
143.         }
144.     }
145. }

Linear regression                               Number of obs     =        728
                                                F(1, 726)         =       0.04
                                                Prob > F          =     0.8355
                                                R-squared         =     0.0001
                                                Root MSE          =     1.1977

--------------------------------------------------------------------------------
               |               Robust
 r1_annual_avg | Coefficient  std. err.      t    P>|t|     [95% conf. interval]
---------------+----------------------------------------------------------------
trust_oth~2020 |  -.0042324   .0203726    -0.21   0.835    -.0442286    .0357638
         _cons |   .3330888   .1419691     2.35   0.019     .0543698    .6118079
--------------------------------------------------------------------------------

Linear regression                               Number of obs     =        728
                                                F(2, 725)         =       1.22
                                                Prob > F          =     0.2961
                                                R-squared         =     0.0024
                                                Root MSE          =     1.1971

--------------------------------------------------------------------------------
               |               Robust
 r1_annual_avg | Coefficient  std. err.      t    P>|t|     [95% conf. interval]
---------------+----------------------------------------------------------------
trust_oth~2020 |   .0642916   .0529985     1.21   0.225    -.0397573    .1683404
               |
            c. |
trust_oth~2020#|
            c. |
trust_oth~2020 |  -.0064704    .004329    -1.49   0.135    -.0149693    .0020286
               |
         _cons |   .1896046   .1816604     1.04   0.297    -.1670387    .5462478
--------------------------------------------------------------------------------
note: wealth_core_d2_2020 omitted because of collinearity.

Linear regression                               Number of obs     =        721
                                                F(26, 692)        =          .
                                                Prob > F          =          .
                                                R-squared         =     0.0879
                                                Root MSE          =     1.1667

--------------------------------------------------------------------------------
               |               Robust
 r1_annual_avg | Coefficient  std. err.      t    P>|t|     [95% conf. interval]
---------------+----------------------------------------------------------------
trust_oth~2020 |  -.0149878    .021029    -0.71   0.476     -.056276    .0263005
               |
       age_bin |
           35  |    1.30076   .2040744     6.37   0.000     .9000808    1.701439
           40  |   1.577249   .8673223     1.82   0.069    -.1256503    3.280148
           45  |   .2601659   .1949313     1.33   0.182    -.1225617    .6428935
           50  |   1.298434     .71206     1.82   0.069     -.099623    2.696491
           55  |   .5592597    .204951     2.73   0.007     .1568592    .9616601
           60  |   .6013768   .1976025     3.04   0.002     .2134045    .9893491
           65  |   .7433153   .2246549     3.31   0.001     .3022283    1.184402
           70  |   .5741563   .2005155     2.86   0.004     .1804647     .967848
           75  |   .8117727   .2169613     3.74   0.000     .3857913    1.237754
           80  |   .7144009   .2227714     3.21   0.001      .277012     1.15179
           85  |   1.026441   .2548404     4.03   0.000     .5260882    1.526795
               |
      2.gender |   .0032028   .0685805     0.05   0.963    -.1314481    .1378537
      educ_yrs |   .0486899   .0145516     3.35   0.001     .0201194    .0772604
  married_2020 |   .1578131   .0856912     1.84   0.066    -.0104327    .3260589
       born_us |   .0287279   .1232762     0.23   0.816    -.2133124    .2707682
               |
      race_eth |
            2  |   .1232901   .1307652     0.94   0.346     -.133454    .3800342
            3  |   .0539057   .1586379     0.34   0.734    -.2575636     .365375
            4  |   .0843184   .2004672     0.42   0.674    -.3092785    .4779154
               |
   inlbrf_2020 |   .2030746   .1233397     1.65   0.100    -.0390904    .4452396
weal~e_d2_2020 |          0  (omitted)
weal~e_d3_2020 |   .7386882   .7931914     0.93   0.352    -.8186622    2.296039
weal~e_d4_2020 |   .5580004   .1552106     3.60   0.000     .2532602    .8627407
weal~e_d5_2020 |   .5718104   .1474839     3.88   0.000     .2822408    .8613801
weal~e_d6_2020 |    .491911   .1207474     4.07   0.000     .2548359    .7289861
weal~e_d7_2020 |   .5674238   .1416732     4.01   0.000      .289263    .8455846
weal~e_d8_2020 |   .5992478   .1414884     4.24   0.000     .3214498    .8770458
weal~e_d9_2020 |    .382407    .116317     3.29   0.001     .1540305    .6107836
wea~e_d10_2020 |   .3917384   .1381383     2.84   0.005      .120518    .6629589
         _cons |  -1.617886   .3658442    -4.42   0.000    -2.336184   -.8995882
--------------------------------------------------------------------------------
note: wealth_core_d2_2020 omitted because of collinearity.

Linear regression                               Number of obs     =        721
                                                F(27, 691)        =          .
                                                Prob > F          =          .
                                                R-squared         =     0.0882
                                                Root MSE          =     1.1673

--------------------------------------------------------------------------------
               |               Robust
 r1_annual_avg | Coefficient  std. err.      t    P>|t|     [95% conf. interval]
---------------+----------------------------------------------------------------
trust_oth~2020 |   .0094791   .0628724     0.15   0.880    -.1139648     .132923
               |
            c. |
trust_oth~2020#|
            c. |
trust_oth~2020 |   -.002309     .00588    -0.39   0.695    -.0138539    .0092359
               |
       age_bin |
           35  |   1.357341   .2533635     5.36   0.000     .8598867    1.854796
           40  |   1.602199   .8550389     1.87   0.061     -.076587    3.280985
           45  |   .2751597   .1905111     1.44   0.149    -.0988905    .6492098
           50  |   1.317309   .7332797     1.80   0.073     -.122414    2.757033
           55  |   .5721152   .1949612     2.93   0.003     .1893277    .9549027
           60  |   .6129212    .186569     3.29   0.001     .2466109    .9792314
           65  |   .7524816   .2188556     3.44   0.001     .3227798    1.182183
           70  |   .5871803   .1913345     3.07   0.002     .2115135    .9628471
           75  |   .8264736   .2113854     3.91   0.000     .4114389    1.241508
           80  |    .728947   .2160861     3.37   0.001     .3046829    1.153211
           85  |    1.05691   .2526849     4.18   0.000      .560788    1.553033
               |
      2.gender |    .005736   .0679814     0.08   0.933    -.1277389     .139211
      educ_yrs |   .0477277   .0152004     3.14   0.002     .0178831    .0775723
  married_2020 |   .1556479   .0875531     1.78   0.076    -.0162542      .32755
       born_us |   .0279628   .1232119     0.23   0.821    -.2139518    .2698774
               |
      race_eth |
            2  |   .1261476   .1340119     0.94   0.347    -.1369717     .389267
            3  |   .0555974   .1576927     0.35   0.725     -.254017    .3652118
            4  |   .0845282   .2006652     0.42   0.674    -.3094585    .4785149
               |
   inlbrf_2020 |    .200798   .1225894     1.64   0.102    -.0398944    .4414904
weal~e_d2_2020 |          0  (omitted)
weal~e_d3_2020 |   .7458839   .8024714     0.93   0.353    -.8296908    2.321459
weal~e_d4_2020 |   .5585253    .155577     3.59   0.000     .2530649    .8639857
weal~e_d5_2020 |   .5684643   .1470339     3.87   0.000     .2797775    .8571511
weal~e_d6_2020 |    .490361   .1204741     4.07   0.000     .2538217    .7269003
weal~e_d7_2020 |   .5666132   .1413791     4.01   0.000     .2890289    .8441974
weal~e_d8_2020 |    .593752   .1388229     4.28   0.000     .3211866    .8663173
weal~e_d9_2020 |   .3834356   .1170863     3.27   0.001     .1535481    .6133232
wea~e_d10_2020 |    .390087   .1371482     2.84   0.005     .1208097    .6593642
         _cons |   -1.66822   .3610037    -4.62   0.000    -2.377016   -.9594247
--------------------------------------------------------------------------------
Writing: /Volumes/SSD PRO/Github-forks/Chp2-TrustandReturns/Code/Regressions/Aver
> age/Returns/Core/returns_r1_trust_general_avg.tex
(results lin_ctl are active now)
(output written to /Volumes/SSD PRO/Github-forks/Chp2-TrustandReturns/Code/Regres
> sions/Average/Returns/Core/returns_r1_trust_general_avg.tex)
(file /var/folders/17/1rg0y2kj74l9p9g301vbhhkw0000gn/T//S_84306.000002 not
    found)

Linear regression                               Number of obs     =        728
                                                F(1, 726)         =       1.43
                                                Prob > F          =     0.2327
                                                R-squared         =     0.0024
                                                Root MSE          =     .67128

--------------------------------------------------------------------------------
               |               Robust
r1_annual_av~5 | Coefficient  std. err.      t    P>|t|     [95% conf. interval]
---------------+----------------------------------------------------------------
trust_oth~2020 |   .0135957   .0113822     1.19   0.233    -.0087502    .0359416
         _cons |    .130737   .0725008     1.80   0.072    -.0115992    .2730732
--------------------------------------------------------------------------------

Linear regression                               Number of obs     =        728
                                                F(2, 725)         =       2.72
                                                Prob > F          =     0.0668
                                                R-squared         =     0.0103
                                                Root MSE          =     .66907

--------------------------------------------------------------------------------
               |               Robust
r1_annual_av~5 | Coefficient  std. err.      t    P>|t|     [95% conf. interval]
---------------+----------------------------------------------------------------
trust_oth~2020 |   .0844847   .0362456     2.33   0.020     .0133258    .1556436
               |
            c. |
trust_oth~2020#|
            c. |
trust_oth~2020 |  -.0066937   .0030186    -2.22   0.027    -.0126199   -.0007675
               |
         _cons |  -.0176995   .1088315    -0.16   0.871    -.2313619    .1959629
--------------------------------------------------------------------------------
note: wealth_core_d2_2020 omitted because of collinearity.

Linear regression                               Number of obs     =        721
                                                F(26, 692)        =          .
                                                Prob > F          =          .
                                                R-squared         =     0.1852
                                                Root MSE          =     .61744

--------------------------------------------------------------------------------
               |               Robust
r1_annual_av~5 | Coefficient  std. err.      t    P>|t|     [95% conf. interval]
---------------+----------------------------------------------------------------
trust_oth~2020 |  -.0020906   .0116857    -0.18   0.858    -.0250342     .020853
               |
       age_bin |
           35  |   1.145609   .1299895     8.81   0.000     .8903879     1.40083
           40  |   1.110397   .3818249     2.91   0.004     .3607228    1.860071
           45  |   .2331496   .1532497     1.52   0.129    -.0677406    .5340398
           50  |   .5277218   .1746816     3.02   0.003     .1847523    .8706913
           55  |   .4370816   .1272265     3.44   0.001     .1872853     .686878
           60  |   .4611572   .1209789     3.81   0.000     .2236274     .698687
           65  |   .5558796   .1328969     4.18   0.000     .2949502    .8168091
           70  |   .4829399   .1303687     3.70   0.000     .2269742    .7389056
           75  |   .6447685   .1423348     4.53   0.000     .3653086    .9242283
           80  |   .5464896   .1394196     3.92   0.000     .2727535    .8202257
           85  |     .80276   .1810964     4.43   0.000     .4471957    1.158324
               |
      2.gender |   .0012853   .0481374     0.03   0.979    -.0932275    .0957982
      educ_yrs |   .0287546   .0091946     3.13   0.002      .010702    .0468072
  married_2020 |    .111953   .0521961     2.14   0.032     .0094712    .2144347
       born_us |   .0513311    .076277     0.67   0.501    -.0984311    .2010932
               |
      race_eth |
            2  |   .0016003   .0648665     0.02   0.980    -.1257586    .1289592
            3  |  -.0114188   .0954288    -0.12   0.905    -.1987835    .1759459
            4  |   .0011053   .1037588     0.01   0.992    -.2026146    .2048252
               |
   inlbrf_2020 |   .0873704   .0616188     1.42   0.157     -.033612    .2083527
weal~e_d2_2020 |          0  (omitted)
weal~e_d3_2020 |   .0558566   .1455385     0.38   0.701    -.2298934    .3416065
weal~e_d4_2020 |   .4415321   .0965902     4.57   0.000     .2518871    .6311771
weal~e_d5_2020 |   .5553888   .1050849     5.29   0.000     .3490652    .7617123
weal~e_d6_2020 |   .5294429   .0894818     5.92   0.000     .3537545    .7051313
weal~e_d7_2020 |   .5546015   .0932608     5.95   0.000     .3714935    .7377095
weal~e_d8_2020 |   .6076977   .0899679     6.75   0.000     .4310548    .7843405
weal~e_d9_2020 |   .4675544   .0832929     5.61   0.000     .3040173    .6310915
wea~e_d10_2020 |    .451794   .0863854     5.23   0.000     .2821851    .6214029
         _cons |  -1.231939   .2117305    -5.82   0.000     -1.64765   -.8162273
--------------------------------------------------------------------------------
note: wealth_core_d2_2020 omitted because of collinearity.

Linear regression                               Number of obs     =        721
                                                F(27, 691)        =          .
                                                Prob > F          =          .
                                                R-squared         =     0.1856
                                                Root MSE          =     .61775

--------------------------------------------------------------------------------
               |               Robust
r1_annual_av~5 | Coefficient  std. err.      t    P>|t|     [95% conf. interval]
---------------+----------------------------------------------------------------
trust_oth~2020 |   .0142452   .0380596     0.37   0.708    -.0604811    .0889715
               |
            c. |
trust_oth~2020#|
            c. |
trust_oth~2020 |  -.0015416   .0031852    -0.48   0.629    -.0077955    .0047122
               |
       age_bin |
           35  |   1.183387   .1553346     7.62   0.000     .8784021    1.488371
           40  |   1.127055   .3738423     3.01   0.003     .3930524    1.861059
           45  |   .2431605   .1508519     1.61   0.107    -.0530227    .5393436
           50  |   .5403243   .1752433     3.08   0.002     .1962511    .8843975
           55  |   .4456649    .125077     3.56   0.000     .2000883    .6912414
           60  |    .468865    .119145     3.94   0.000     .2349353    .7027948
           65  |   .5619997    .131496     4.27   0.000       .30382    .8201794
           70  |   .4916356   .1277722     3.85   0.000     .2407673    .7425039
           75  |   .6545839   .1398051     4.68   0.000     .3800901    .9290777
           80  |   .5562016    .136692     4.07   0.000       .28782    .8245832
           85  |   .8231032   .1796934     4.58   0.000     .4702927    1.175914
               |
      2.gender |   .0029767   .0481278     0.06   0.951    -.0915176     .097471
      educ_yrs |   .0281122    .009296     3.02   0.003     .0098603     .046364
  married_2020 |   .1105073   .0523602     2.11   0.035     .0077032    .2133115
       born_us |   .0508202   .0762768     0.67   0.505    -.0989419    .2005824
               |
      race_eth |
            2  |   .0035082   .0651109     0.05   0.957    -.1243308    .1313473
            3  |  -.0102892   .0953063    -0.11   0.914     -.197414    .1768355
            4  |   .0012454   .1039269     0.01   0.990     -.202805    .2052958
               |
   inlbrf_2020 |   .0858503   .0619773     1.39   0.166    -.0358361    .2075368
weal~e_d2_2020 |          0  (omitted)
weal~e_d3_2020 |   .0606609   .1462892     0.41   0.679    -.2265637    .3478855
weal~e_d4_2020 |   .4418825    .096769     4.57   0.000      .251886     .631879
weal~e_d5_2020 |   .5531547   .1050088     5.27   0.000     .3469801    .7593292
weal~e_d6_2020 |    .528408   .0899297     5.88   0.000     .3518398    .7049763
weal~e_d7_2020 |   .5540603   .0931877     5.95   0.000     .3710953    .7370253
weal~e_d8_2020 |   .6040282   .0901393     6.70   0.000     .4270484    .7810081
weal~e_d9_2020 |   .4682411   .0834737     5.61   0.000     .3043486    .6321337
wea~e_d10_2020 |   .4506914   .0865122     5.21   0.000     .2808331    .6205497
         _cons |  -1.265545   .2214487    -5.71   0.000    -1.700338   -.8307523
--------------------------------------------------------------------------------
Writing: /Volumes/SSD PRO/Github-forks/Chp2-TrustandReturns/Code/Regressions/Aver
> age/Returns/Core/returns_r1_trust_general_avg_win.tex
(results lin_ctl are active now)
(output written to /Volumes/SSD PRO/Github-forks/Chp2-TrustandReturns/Code/Regres
> sions/Average/Returns/Core/returns_r1_trust_general_avg_win.tex)
(file /var/folders/17/1rg0y2kj74l9p9g301vbhhkw0000gn/T//S_84306.000003 not
    found)

Linear regression                               Number of obs     =        676
                                                F(1, 674)         =       1.82
                                                Prob > F          =     0.1779
                                                R-squared         =     0.0034
                                                Root MSE          =     .85905

--------------------------------------------------------------------------------
               |               Robust
 r4_annual_avg | Coefficient  std. err.      t    P>|t|     [95% conf. interval]
---------------+----------------------------------------------------------------
trust_oth~2020 |   .0211778   .0157034     1.35   0.178    -.0096556    .0520113
         _cons |   .2821473   .1024267     2.75   0.006     .0810336    .4832611
--------------------------------------------------------------------------------

Linear regression                               Number of obs     =        676
                                                F(2, 673)         =       0.91
                                                Prob > F          =     0.4023
                                                R-squared         =     0.0038
                                                Root MSE          =     .85948

--------------------------------------------------------------------------------
               |               Robust
 r4_annual_avg | Coefficient  std. err.      t    P>|t|     [95% conf. interval]
---------------+----------------------------------------------------------------
trust_oth~2020 |   .0438615   .0529414     0.83   0.408    -.0600887    .1478116
               |
            c. |
trust_oth~2020#|
            c. |
trust_oth~2020 |  -.0021399   .0041999    -0.51   0.611    -.0103863    .0061065
               |
         _cons |   .2341562   .1636631     1.43   0.153    -.0871955    .5555078
--------------------------------------------------------------------------------
note: wealth_coreira_d2_2020 omitted because of collinearity.

Linear regression                               Number of obs     =        671
                                                F(26, 642)        =          .
                                                Prob > F          =          .
                                                R-squared         =     0.1082
                                                Root MSE          =     .83172

--------------------------------------------------------------------------------
               |               Robust
 r4_annual_avg | Coefficient  std. err.      t    P>|t|     [95% conf. interval]
---------------+----------------------------------------------------------------
trust_oth~2020 |   .0169418    .015714     1.08   0.281    -.0139152    .0477988
               |
       age_bin |
           35  |   .4427072   .2118826     2.09   0.037     .0266406    .8587738
           40  |   1.201995   .7403633     1.62   0.105    -.2518315    2.655821
           45  |   .1521401   .2912745     0.52   0.602    -.4198257     .724106
           50  |   .7572149   .2603257     2.91   0.004     .2460222    1.268408
           55  |   .5621514    .182654     3.08   0.002       .20348    .9208228
           60  |   .7218701   .1841692     3.92   0.000     .3602234    1.083517
           65  |   .9190503   .1954692     4.70   0.000     .5352141    1.302887
           70  |   .7801235   .1855675     4.20   0.000     .4157309    1.144516
           75  |   .9714427   .1942665     5.00   0.000     .5899682    1.352917
           80  |   .8932024   .1961442     4.55   0.000     .5080408    1.278364
           85  |   1.059889    .238352     4.45   0.000     .5918457    1.527933
               |
      2.gender |  -.0539509   .0651669    -0.83   0.408    -.1819169     .074015
      educ_yrs |   .0377729   .0135255     2.79   0.005     .0112133    .0643326
  married_2020 |  -.0115117   .0696527    -0.17   0.869    -.1482863    .1252629
       born_us |    .123165    .102464     1.20   0.230    -.0780401    .3243701
               |
      race_eth |
            2  |   .0801181   .0974096     0.82   0.411    -.1111618     .271398
            3  |   .2450072   .1298511     1.89   0.060     -.009977    .4999913
            4  |   .3080422    .197656     1.56   0.120    -.0800882    .6961725
               |
   inlbrf_2020 |   .0344369    .085302     0.40   0.687    -.1330677    .2019416
w~eira_d2_2020 |          0  (omitted)
w~eira_d3_2020 |   .1963787    .203381     0.97   0.335    -.2029936     .595751
w~eira_d4_2020 |    .639512   .1840118     3.48   0.001     .2781744     1.00085
w~eira_d5_2020 |   .4154302   .1401565     2.96   0.003     .1402096    .6906508
w~eira_d6_2020 |   .1964746   .1337959     1.47   0.142    -.0662559    .4592051
w~eira_d7_2020 |   .3047566   .1359921     2.24   0.025     .0377134    .5717997
w~eira_d8_2020 |   .0215294   .1258216     0.17   0.864    -.2255422    .2686011
w~eira_d9_2020 |   .1211401   .1242647     0.97   0.330    -.1228743    .3651545
~eira_d10_2020 |  -.0561759   .1247007    -0.45   0.653    -.3010464    .1886947
         _cons |  -1.355118   .3217268    -4.21   0.000    -1.986882   -.7233538
--------------------------------------------------------------------------------
note: wealth_coreira_d2_2020 omitted because of collinearity.

Linear regression                               Number of obs     =        671
                                                F(27, 641)        =          .
                                                Prob > F          =          .
                                                R-squared         =     0.1085
                                                Root MSE          =     .83221

--------------------------------------------------------------------------------
               |               Robust
 r4_annual_avg | Coefficient  std. err.      t    P>|t|     [95% conf. interval]
---------------+----------------------------------------------------------------
trust_oth~2020 |   .0374214   .0546891     0.68   0.494      -.06997    .1448129
               |
            c. |
trust_oth~2020#|
            c. |
trust_oth~2020 |  -.0019229   .0043449    -0.44   0.658    -.0104549    .0066091
               |
       age_bin |
           35  |   .4905386    .244456     2.01   0.045     .0105073    .9705699
           40  |   1.228423   .7357046     1.67   0.095     -.216259    2.673106
           45  |   .1613659   .2914529     0.55   0.580    -.4109519    .7336837
           50  |   .7726995   .2610912     2.96   0.003     .2600022    1.285397
           55  |   .5722905   .1809562     3.16   0.002     .2169518    .9276292
           60  |   .7302007    .181824     4.02   0.000      .373158    1.087243
           65  |     .92497   .1949786     4.74   0.000      .542096    1.307844
           70  |   .7895434   .1835122     4.30   0.000     .4291858    1.149901
           75  |   .9818923   .1921833     5.11   0.000     .6045073    1.359277
           80  |   .9035284   .1947298     4.64   0.000      .521143    1.285914
           85  |   1.083547   .2368427     4.57   0.000     .6184654    1.548628
               |
      2.gender |  -.0516986   .0650422    -0.79   0.427    -.1794201    .0760228
      educ_yrs |   .0371267   .0138722     2.68   0.008     .0098861    .0643672
  married_2020 |  -.0131866   .0690862    -0.19   0.849    -.1488493    .1224761
       born_us |   .1230797   .1025392     1.20   0.230    -.0782736     .324433
               |
      race_eth |
            2  |   .0837835   .0977113     0.86   0.392    -.1080894    .2756563
            3  |    .246787   .1292413     1.91   0.057    -.0070005    .5005744
            4  |   .3073437   .1976843     1.55   0.121    -.0808434    .6955308
               |
   inlbrf_2020 |   .0316656   .0848379     0.37   0.709    -.1349281    .1982593
w~eira_d2_2020 |          0  (omitted)
w~eira_d3_2020 |   .1987288   .2025816     0.98   0.327    -.1990749    .5965325
w~eira_d4_2020 |   .6393941   .1842113     3.47   0.001     .2776636    1.001125
w~eira_d5_2020 |   .4139781   .1405987     2.94   0.003     .1378884    .6900677
w~eira_d6_2020 |   .1967838   .1336256     1.47   0.141    -.0656131    .4591807
w~eira_d7_2020 |   .3023133    .136233     2.22   0.027     .0347964    .5698303
w~eira_d8_2020 |   .0215843   .1258787     0.17   0.864    -.2256002    .2687688
w~eira_d9_2020 |   .1206719   .1243116     0.97   0.332    -.1234352     .364779
~eira_d10_2020 |  -.0579391   .1250578    -0.46   0.643    -.3035116    .1876334
         _cons |  -1.399176   .3312411    -4.22   0.000    -2.049625   -.7487276
--------------------------------------------------------------------------------
Writing: /Volumes/SSD PRO/Github-forks/Chp2-TrustandReturns/Code/Regressions/Aver
> age/Returns/Core+res/returns_r4_trust_general_avg.tex
(results lin_ctl are active now)
(output written to /Volumes/SSD PRO/Github-forks/Chp2-TrustandReturns/Code/Regres
> sions/Average/Returns/Core+res/returns_r4_trust_general_avg.tex)
(file /var/folders/17/1rg0y2kj74l9p9g301vbhhkw0000gn/T//S_84306.000004 not
    found)

Linear regression                               Number of obs     =        676
                                                F(1, 674)         =       4.85
                                                Prob > F          =     0.0280
                                                R-squared         =     0.0089
                                                Root MSE          =     .60761

--------------------------------------------------------------------------------
               |               Robust
r4_annual_av~5 | Coefficient  std. err.      t    P>|t|     [95% conf. interval]
---------------+----------------------------------------------------------------
trust_oth~2020 |    .024424   .0110902     2.20   0.028     .0026485    .0461995
         _cons |   .2202756   .0707865     3.11   0.002     .0812871    .3592641
--------------------------------------------------------------------------------

Linear regression                               Number of obs     =        676
                                                F(2, 673)         =       2.47
                                                Prob > F          =     0.0853
                                                R-squared         =     0.0097
                                                Root MSE          =      .6078

--------------------------------------------------------------------------------
               |               Robust
r4_annual_av~5 | Coefficient  std. err.      t    P>|t|     [95% conf. interval]
---------------+----------------------------------------------------------------
trust_oth~2020 |   .0461139   .0351768     1.31   0.190    -.0229556    .1151834
               |
            c. |
trust_oth~2020#|
            c. |
trust_oth~2020 |  -.0020461   .0029556    -0.69   0.489    -.0078494    .0037571
               |
         _cons |   .1743868   .1062518     1.64   0.101    -.0342381    .3830118
--------------------------------------------------------------------------------
note: wealth_coreira_d2_2020 omitted because of collinearity.

Linear regression                               Number of obs     =        671
                                                F(26, 642)        =          .
                                                Prob > F          =          .
                                                R-squared         =     0.1246
                                                Root MSE          =     .58386

--------------------------------------------------------------------------------
               |               Robust
r4_annual_av~5 | Coefficient  std. err.      t    P>|t|     [95% conf. interval]
---------------+----------------------------------------------------------------
trust_oth~2020 |   .0171614   .0111877     1.53   0.126    -.0048076    .0391303
               |
       age_bin |
           35  |   .3088086   .1435527     2.15   0.032     .0269191    .5906982
           40  |   1.000728    .430818     2.32   0.020     .1547454    1.846711
           45  |    .209167   .2164702     0.97   0.334    -.2159082    .6342422
           50  |    .708776    .193887     3.66   0.000     .3280466    1.089505
           55  |   .5614317   .1328733     4.23   0.000     .3005129    .8223505
           60  |   .6203242   .1292492     4.80   0.000     .3665221    .8741264
           65  |   .8138363    .134531     6.05   0.000     .5496623     1.07801
           70  |   .7454967    .138673     5.38   0.000     .4731892    1.017804
           75  |   .8899146   .1429378     6.23   0.000     .6092324    1.170597
           80  |   .8285341   .1431825     5.79   0.000     .5473714    1.109697
           85  |   .9676801   .1819349     5.32   0.000     .6104208    1.324939
               |
      2.gender |  -.0192079   .0465299    -0.41   0.680     -.110577    .0721612
      educ_yrs |   .0226359   .0095653     2.37   0.018     .0038528     .041419
  married_2020 |  -.0175516   .0504759    -0.35   0.728    -.1166693    .0815662
       born_us |   .1061912   .0731112     1.45   0.147    -.0373748    .2497572
               |
      race_eth |
            2  |   .0273269   .0668543     0.41   0.683    -.1039526    .1586063
            3  |   .1727479   .0982237     1.76   0.079    -.0201307    .3656265
            4  |   .1765091   .1177131     1.50   0.134      -.05464    .4076582
               |
   inlbrf_2020 |  -.0162633   .0564113    -0.29   0.773    -.1270363    .0945096
w~eira_d2_2020 |          0  (omitted)
w~eira_d3_2020 |   .2036683   .1734906     1.17   0.241    -.1370093    .5443458
w~eira_d4_2020 |   .4145929   .1144159     3.62   0.000     .1899183    .6392675
w~eira_d5_2020 |   .4023499   .1045677     3.85   0.000     .1970139     .607686
w~eira_d6_2020 |   .1643311   .0945582     1.74   0.083    -.0213497    .3500119
w~eira_d7_2020 |    .259156   .0950498     2.73   0.007     .0725099    .4458021
w~eira_d8_2020 |   .0486967   .0938369     0.52   0.604    -.1355676     .232961
w~eira_d9_2020 |   .1408279   .0950395     1.48   0.139    -.0457979    .3274537
~eira_d10_2020 |  -.0086087   .0909823    -0.09   0.925    -.1872675    .1700501
         _cons |  -1.052098    .224635    -4.68   0.000    -1.493206   -.6109899
--------------------------------------------------------------------------------
note: wealth_coreira_d2_2020 omitted because of collinearity.

Linear regression                               Number of obs     =        671
                                                F(27, 641)        =          .
                                                Prob > F          =          .
                                                R-squared         =     0.1258
                                                Root MSE          =     .58391

--------------------------------------------------------------------------------
               |               Robust
r4_annual_av~5 | Coefficient  std. err.      t    P>|t|     [95% conf. interval]
---------------+----------------------------------------------------------------
trust_oth~2020 |   .0445086   .0360652     1.23   0.218    -.0263115    .1153288
               |
            c. |
trust_oth~2020#|
            c. |
trust_oth~2020 |  -.0025677   .0030423    -0.84   0.399    -.0085419    .0034065
               |
       age_bin |
           35  |   .3726797   .1611076     2.31   0.021     .0563173     .689042
           40  |   1.036019   .4173106     2.48   0.013     .2165581     1.85548
           45  |   .2214865    .217992     1.02   0.310    -.2065782    .6495513
           50  |   .7294531   .1955687     3.73   0.000     .3454202    1.113486
           55  |   .5749708   .1331606     4.32   0.000     .3134872    .8364545
           60  |   .6314483   .1294185     4.88   0.000     .3773129    .8855838
           65  |   .8217411   .1349249     6.09   0.000     .5567929    1.086689
           70  |   .7580755    .138693     5.47   0.000     .4857279    1.030423
           75  |   .9038683   .1426066     6.34   0.000     .6238357    1.183901
           80  |   .8423228   .1435642     5.87   0.000     .5604098    1.124236
           85  |   .9992708    .184152     5.43   0.000     .6376567    1.360885
               |
      2.gender |  -.0162003   .0464682    -0.35   0.727    -.1074486    .0750479
      educ_yrs |    .021773   .0096863     2.25   0.025     .0027522    .0407937
  married_2020 |  -.0197882   .0504423    -0.39   0.695    -.1188402    .0792639
       born_us |   .1060773   .0731166     1.45   0.147    -.0374996    .2496543
               |
      race_eth |
            2  |   .0322214   .0668604     0.48   0.630    -.0990706    .1635133
            3  |   .1751245   .0982435     1.78   0.075    -.0177936    .3680426
            4  |   .1755765   .1177568     1.49   0.136    -.0556593    .4068122
               |
   inlbrf_2020 |   -.019964   .0564725    -0.35   0.724    -.1308574    .0909294
w~eira_d2_2020 |          0  (omitted)
w~eira_d3_2020 |   .2068065   .1721113     1.20   0.230    -.1311635    .5447765
w~eira_d4_2020 |   .4144354   .1144469     3.62   0.000     .1896992    .6391716
w~eira_d5_2020 |   .4004109   .1051102     3.81   0.000      .194009    .6068128
w~eira_d6_2020 |    .164744   .0943296     1.75   0.081    -.0204883    .3499764
w~eira_d7_2020 |   .2558935   .0949611     2.69   0.007     .0694212    .4423658
w~eira_d8_2020 |     .04877   .0938934     0.52   0.604    -.1356058    .2331459
w~eira_d9_2020 |   .1402027   .0949083     1.48   0.140    -.0461661    .3265716
~eira_d10_2020 |  -.0109632   .0909764    -0.12   0.904     -.189611    .1676845
         _cons |  -1.110931   .2310466    -4.81   0.000    -1.564631   -.6572315
--------------------------------------------------------------------------------
Writing: /Volumes/SSD PRO/Github-forks/Chp2-TrustandReturns/Code/Regressions/Aver
> age/Returns/Core+res/returns_r4_trust_general_avg_win.tex
(results lin_ctl are active now)
(output written to /Volumes/SSD PRO/Github-forks/Chp2-TrustandReturns/Code/Regres
> sions/Average/Returns/Core+res/returns_r4_trust_general_avg_win.tex)
(file /var/folders/17/1rg0y2kj74l9p9g301vbhhkw0000gn/T//S_84306.000005 not
    found)

Linear regression                               Number of obs     =        750
                                                F(1, 748)         =       3.10
                                                Prob > F          =     0.0788
                                                R-squared         =     0.0040
                                                Root MSE          =     .52511

--------------------------------------------------------------------------------
               |               Robust
 r5_annual_avg | Coefficient  std. err.      t    P>|t|     [95% conf. interval]
---------------+----------------------------------------------------------------
trust_oth~2020 |   .0130658   .0074225     1.76   0.079    -.0015056    .0276373
         _cons |   .1701306   .0481234     3.54   0.000     .0756576    .2646035
--------------------------------------------------------------------------------

Linear regression                               Number of obs     =        750
                                                F(2, 747)         =       6.51
                                                Prob > F          =     0.0016
                                                R-squared         =     0.0199
                                                Root MSE          =     .52124

--------------------------------------------------------------------------------
               |               Robust
 r5_annual_avg | Coefficient  std. err.      t    P>|t|     [95% conf. interval]
---------------+----------------------------------------------------------------
trust_oth~2020 |   .0845809   .0235052     3.60   0.000     .0384369    .1307249
               |
            c. |
trust_oth~2020#|
            c. |
trust_oth~2020 |  -.0069677   .0019794    -3.52   0.000    -.0108536   -.0030818
               |
         _cons |   .0326737   .0675336     0.48   0.629    -.0999046     .165252
--------------------------------------------------------------------------------

Linear regression                               Number of obs     =        593
                                                F(26, 564)        =          .
                                                Prob > F          =          .
                                                R-squared         =     0.1248
                                                Root MSE          =     .46155

--------------------------------------------------------------------------------
               |               Robust
 r5_annual_avg | Coefficient  std. err.      t    P>|t|     [95% conf. interval]
---------------+----------------------------------------------------------------
trust_oth~2020 |   .0073475   .0084305     0.87   0.384    -.0092114    .0239065
               |
       age_bin |
           40  |   .0614736   .1855618     0.33   0.741    -.3030031    .4259503
           45  |   1.240993   1.011642     1.23   0.220    -.7460543     3.22804
           50  |  -.5205647   .1838826    -2.83   0.005    -.8817431   -.1593863
           55  |   .2060316   .2484239     0.83   0.407    -.2819174    .6939806
           60  |   .0595967   .1117345     0.53   0.594    -.1598699    .2790633
           65  |   .0223704   .0946542     0.24   0.813    -.1635474    .2082882
           70  |    .128434   .0969663     1.32   0.186    -.0620252    .3188932
           75  |    .039654    .093795     0.42   0.673    -.1445761    .2238842
           80  |  -.0181286   .0956036    -0.19   0.850    -.2059113    .1696541
           85  |  -.0451733   .1077078    -0.42   0.675    -.2567308    .1663842
               |
      2.gender |  -.0361995   .0350145    -1.03   0.302    -.1049744    .0325753
      educ_yrs |   .0079296   .0070257     1.13   0.260    -.0058702    .0217294
  married_2020 |  -.0647007   .0490479    -1.32   0.188    -.1610397    .0316382
       born_us |   .0381656   .0578675     0.66   0.510    -.0754965    .1518277
               |
      race_eth |
            2  |   .0423803   .0614676     0.69   0.491    -.0783531    .1631137
            3  |  -.0057797   .0819589    -0.07   0.944    -.1667616    .1552022
            4  |   .0936717   .1330029     0.70   0.482    -.1675698    .3549133
               |
   inlbrf_2020 |   .1140976   .0543712     2.10   0.036     .0073029    .2208923
wealth_d2_2020 |  -.2679739   .1516875    -1.77   0.078    -.5659153    .0299676
wealth_d3_2020 |  -.0517693   .1059143    -0.49   0.625    -.2598038    .1562653
wealth_d4_2020 |  -.0909356   .1168356    -0.78   0.437    -.3204216    .1385503
wealth_d5_2020 |  -.0388713   .1099873    -0.35   0.724     -.254906    .1771634
wealth_d6_2020 |  -.1100944   .0972727    -1.13   0.258    -.3011554    .0809666
wealth_d7_2020 |  -.0993422   .0998636    -0.99   0.320    -.2954921    .0968077
wealth_d8_2020 |   -.043623   .1250857    -0.35   0.727    -.2893137    .2020677
wealth_d9_2020 |  -.1511945   .1001536    -1.51   0.132     -.347914    .0455251
wealth_d10_~20 |  -.1538487    .099001    -1.55   0.121    -.3483044     .040607
         _cons |   .1221045   .1284807     0.95   0.342    -.1302546    .3744636
--------------------------------------------------------------------------------

Linear regression                               Number of obs     =        593
                                                F(27, 563)        =          .
                                                Prob > F          =          .
                                                R-squared         =     0.1284
                                                Root MSE          =       .461

--------------------------------------------------------------------------------
               |               Robust
 r5_annual_avg | Coefficient  std. err.      t    P>|t|     [95% conf. interval]
---------------+----------------------------------------------------------------
trust_oth~2020 |   .0434092   .0267903     1.62   0.106     -.009212    .0960304
               |
            c. |
trust_oth~2020#|
            c. |
trust_oth~2020 |  -.0033543   .0022429    -1.50   0.135    -.0077598    .0010511
               |
       age_bin |
           40  |  -.0106633   .2019116    -0.05   0.958    -.4072553    .3859287
           45  |     1.1691   1.012046     1.16   0.249    -.8187476    3.156948
           50  |  -.5635378   .1869986    -3.01   0.003    -.9308379   -.1962377
           55  |   .1461147   .2664572     0.55   0.584    -.3772568    .6694863
           60  |  -.0075511   .1279344    -0.06   0.953    -.2588382    .2437359
           65  |  -.0483779   .1139463    -0.42   0.671    -.2721897    .1754339
           70  |   .0658956   .1147135     0.57   0.566    -.1594231    .2912143
           75  |  -.0257843   .1093505    -0.24   0.814    -.2405691    .1890006
           80  |  -.0833745    .111545    -0.75   0.455    -.3024697    .1357208
           85  |  -.0871161   .1163588    -0.75   0.454    -.3156666    .1414343
               |
      2.gender |  -.0316116   .0349194    -0.91   0.366    -.1001998    .0369767
      educ_yrs |   .0057071    .006866     0.83   0.406    -.0077791    .0191933
  married_2020 |   -.066788   .0489566    -1.36   0.173    -.1629479     .029372
       born_us |   .0366287   .0574531     0.64   0.524    -.0762199    .1494774
               |
      race_eth |
            2  |   .0481463   .0611677     0.79   0.432    -.0719985    .1682911
            3  |  -.0052626   .0818487    -0.06   0.949    -.1660286    .1555035
            4  |   .0961859   .1325419     0.73   0.468    -.1641511     .356523
               |
   inlbrf_2020 |   .1095928   .0538822     2.03   0.042      .003758    .2154275
wealth_d2_2020 |  -.2458103   .1528925    -1.61   0.108    -.5461198    .0544992
wealth_d3_2020 |   -.051255   .1053206    -0.49   0.627    -.2581242    .1556142
wealth_d4_2020 |  -.0918966   .1164942    -0.79   0.431    -.3207129    .1369197
wealth_d5_2020 |   -.039976   .1105989    -0.36   0.718    -.2572128    .1772608
wealth_d6_2020 |  -.1048977   .0963281    -1.09   0.277    -.2941041    .0843086
wealth_d7_2020 |  -.1035383   .0995725    -1.04   0.299    -.2991172    .0920407
wealth_d8_2020 |  -.0379984   .1243192    -0.31   0.760    -.2821845    .2061877
wealth_d9_2020 |  -.1496882   .0995803    -1.50   0.133    -.3452825    .0459061
wealth_d10_~20 |  -.1539295   .0988801    -1.56   0.120    -.3481485    .0402895
         _cons |   .1379708   .1285134     1.07   0.283    -.1144535    .3903952
--------------------------------------------------------------------------------
Writing: /Volumes/SSD PRO/Github-forks/Chp2-TrustandReturns/Code/Regressions/Aver
> age/Returns/Net wealth/returns_r5_trust_general_avg.tex
(results lin_ctl are active now)
(output written to /Volumes/SSD PRO/Github-forks/Chp2-TrustandReturns/Code/Regres
> sions/Average/Returns/Net wealth/returns_r5_trust_general_avg.tex)
(file /var/folders/17/1rg0y2kj74l9p9g301vbhhkw0000gn/T//S_84306.000006 not
    found)

Linear regression                               Number of obs     =        750
                                                F(1, 748)         =       6.41
                                                Prob > F          =     0.0115
                                                R-squared         =     0.0082
                                                Root MSE          =     .32897

--------------------------------------------------------------------------------
               |               Robust
r5_annual_av~5 | Coefficient  std. err.      t    P>|t|     [95% conf. interval]
---------------+----------------------------------------------------------------
trust_oth~2020 |   .0117616   .0046452     2.53   0.012     .0026424    .0208808
         _cons |   .1458745   .0295833     4.93   0.000     .0877983    .2039508
--------------------------------------------------------------------------------

Linear regression                               Number of obs     =        750
                                                F(2, 747)         =      12.45
                                                Prob > F          =     0.0000
                                                R-squared         =     0.0322
                                                Root MSE          =     .32519

--------------------------------------------------------------------------------
               |               Robust
r5_annual_av~5 | Coefficient  std. err.      t    P>|t|     [95% conf. interval]
---------------+----------------------------------------------------------------
trust_oth~2020 |   .0667941   .0135016     4.95   0.000     .0402886    .0932996
               |
            c. |
trust_oth~2020#|
            c. |
trust_oth~2020 |  -.0053618   .0012033    -4.46   0.000     -.007724   -.0029997
               |
         _cons |   .0400982   .0379426     1.06   0.291    -.0343887     .114585
--------------------------------------------------------------------------------

Linear regression                               Number of obs     =        593
                                                F(26, 564)        =          .
                                                Prob > F          =          .
                                                R-squared         =     0.1062
                                                Root MSE          =     .29777

--------------------------------------------------------------------------------
               |               Robust
r5_annual_av~5 | Coefficient  std. err.      t    P>|t|     [95% conf. interval]
---------------+----------------------------------------------------------------
trust_oth~2020 |   .0104226   .0053501     1.95   0.052    -.0000859    .0209311
               |
       age_bin |
           40  |   .0883999   .1054471     0.84   0.402    -.1187171    .2955168
           45  |   .2643829   .2242381     1.18   0.239    -.1760609    .7048267
           50  |  -.2462244   .1203314    -2.05   0.041    -.4825768   -.0098719
           55  |   .1353254   .1065984     1.27   0.205     -.074053    .3447038
           60  |   .0625517   .0660287     0.95   0.344    -.0671406    .1922439
           65  |   .0606959   .0581203     1.04   0.297    -.0534627    .1748546
           70  |   .1329144   .0648252     2.05   0.041     .0055861    .2602428
           75  |   .0922706   .0625069     1.48   0.140    -.0305041    .2150454
           80  |   .0406249   .0621381     0.65   0.514    -.0814256    .1626753
           85  |   .0106402   .0730157     0.15   0.884    -.1327756    .1540561
               |
      2.gender |  -.0422359   .0246835    -1.71   0.088    -.0907187    .0062468
      educ_yrs |   .0073699   .0047934     1.54   0.125    -.0020451     .016785
  married_2020 |  -.0081418   .0280271    -0.29   0.772    -.0631922    .0469085
       born_us |   -.018159   .0377903    -0.48   0.631     -.092386     .056068
               |
      race_eth |
            2  |    .019924   .0393218     0.51   0.613    -.0573111    .0971592
            3  |  -.0529528   .0475897    -1.11   0.266    -.1464274    .0405219
            4  |   .0251815   .0745571     0.34   0.736     -.121262    .1716249
               |
   inlbrf_2020 |   .1002623   .0336212     2.98   0.003     .0342243    .1663003
wealth_d2_2020 |   -.119168   .0962657    -1.24   0.216    -.3082511    .0699151
wealth_d3_2020 |  -.0022059   .0725441    -0.03   0.976    -.1446955    .1402837
wealth_d4_2020 |  -.0432354   .0696372    -0.62   0.535    -.1800154    .0935446
wealth_d5_2020 |  -.0246181   .0702922    -0.35   0.726    -.1626845    .1134484
wealth_d6_2020 |  -.0824684   .0672305    -1.23   0.220    -.2145211    .0495844
wealth_d7_2020 |  -.0745827   .0680572    -1.10   0.274    -.2082592    .0590937
wealth_d8_2020 |  -.0869772    .069842    -1.25   0.214    -.2241594    .0502051
wealth_d9_2020 |  -.1336649    .066376    -2.01   0.045    -.2640392   -.0032906
wealth_d10_~20 |  -.1282093   .0645276    -1.99   0.047     -.254953   -.0014656
         _cons |   .0683764   .0942868     0.73   0.469    -.1168197    .2535726
--------------------------------------------------------------------------------

Linear regression                               Number of obs     =        593
                                                F(27, 563)        =          .
                                                Prob > F          =          .
                                                R-squared         =     0.1153
                                                Root MSE          =     .29651

--------------------------------------------------------------------------------
               |               Robust
r5_annual_av~5 | Coefficient  std. err.      t    P>|t|     [95% conf. interval]
---------------+----------------------------------------------------------------
trust_oth~2020 |   .0468809   .0167885     2.79   0.005     .0139051    .0798567
               |
            c. |
trust_oth~2020#|
            c. |
trust_oth~2020 |  -.0033912   .0014443    -2.35   0.019    -.0062281   -.0005543
               |
       age_bin |
           40  |   .0154695   .1105386     0.14   0.889    -.2016489     .232588
           45  |   .1916997   .2254083     0.85   0.395    -.2510442    .6344437
           50  |  -.2896701   .1194667    -2.42   0.016     -.524325   -.0550151
           55  |   .0747496   .1106862     0.68   0.500    -.1426588    .2921579
           60  |  -.0053347   .0734622    -0.07   0.942    -.1496281    .1389587
           65  |  -.0108305   .0682945    -0.16   0.874    -.1449736    .1233125
           70  |   .0696882   .0726191     0.96   0.338    -.0729492    .2123256
           75  |   .0261126   .0696934     0.37   0.708    -.1107783    .1630034
           80  |  -.0253387   .0697648    -0.36   0.717    -.1623697    .1116924
           85  |   -.031764   .0763298    -0.42   0.677    -.1816898    .1181619
               |
      2.gender |  -.0375975   .0246245    -1.53   0.127    -.0859646    .0107696
      educ_yrs |    .005123   .0049106     1.04   0.297    -.0045223    .0147682
  married_2020 |   -.010252   .0280345    -0.37   0.715     -.065317     .044813
       born_us |  -.0197128   .0377068    -0.52   0.601    -.0937761    .0543504
               |
      race_eth |
            2  |   .0257534   .0393746     0.65   0.513    -.0515857    .1030925
            3  |  -.0524299   .0475254    -1.10   0.270    -.1457786    .0409188
            4  |   .0277233   .0740932     0.37   0.708    -.1178095    .1732562
               |
   inlbrf_2020 |   .0957079    .033741     2.84   0.005     .0294343    .1619815
wealth_d2_2020 |  -.0967607     .09633    -1.00   0.316    -.2859708    .0924494
wealth_d3_2020 |   -.001686   .0719913    -0.02   0.981    -.1430904    .1397184
wealth_d4_2020 |  -.0442069   .0693398    -0.64   0.524    -.1804032    .0919895
wealth_d5_2020 |  -.0257349   .0707105    -0.36   0.716    -.1646235    .1131536
wealth_d6_2020 |  -.0772146   .0665402    -1.16   0.246    -.2079119    .0534828
wealth_d7_2020 |  -.0788249   .0673322    -1.17   0.242     -.211078    .0534281
wealth_d8_2020 |  -.0812907   .0697125    -1.17   0.244    -.2182192    .0556377
wealth_d9_2020 |  -.1321421   .0658148    -2.01   0.045    -.2614146   -.0028695
wealth_d10_~20 |   -.128291   .0641561    -2.00   0.046    -.2543056   -.0022765
         _cons |   .0844173   .0951014     0.89   0.375    -.1023796    .2712141
--------------------------------------------------------------------------------
Writing: /Volumes/SSD PRO/Github-forks/Chp2-TrustandReturns/Code/Regressions/Aver
> age/Returns/Net wealth/returns_r5_trust_general_avg_win.tex
(results lin_ctl are active now)
(output written to /Volumes/SSD PRO/Github-forks/Chp2-TrustandReturns/Code/Regres
> sions/Average/Returns/Net wealth/returns_r5_trust_general_avg_win.tex)
(file /var/folders/17/1rg0y2kj74l9p9g301vbhhkw0000gn/T//S_84306.000007 not
    found)

. 
. eststo clear

. di as txt "Done. Tables in ${REGRESSIONS}/Average/Returns/Core/, Core+res/, and
>  Net wealth/."
Done. Tables in /Volumes/SSD PRO/Github-forks/Chp2-TrustandReturns/Code/Regressio
> ns/Average/Returns/Core/, Core+res/, and Net wealth/.

. log close
      name:  <unnamed>
       log:  /Volumes/SSD PRO/Github-forks/Chp2-TrustandReturns/Notes/Logs/18_reg
> _returns_avg_trust.log
  log type:  text
 closed on:  20 Feb 2026, 10:13:45
---------------------------------------------------------------------------------
